
> velonx-platform@0.1.0 build
> next build

Γû▓ Next.js 16.1.6 (Turbopack)
- Experiments (use with caution):
  ┬╖ optimizePackageImports

node.exe : ΓÜá The 
"middleware" file 
convention is 
deprecated. Please 
use "proxy" instead. 
Learn more: https://n
extjs.org/docs/messag
es/middleware-to-prox
y
At C:\Program Files\n
odejs\npm.ps1:29 
char:3
+   & $NODE_EXE 
$NPM_CLI_JS $args
+   ~~~~~~~~~~~~~~~~~
~~~~~~~~~~~~
    + CategoryInfo   
           : NotSpe  
  cified: (ΓÜá The   
  "middle...lewar    
e-to-proxy:Strin    
g) [], RemoteExc    
eption
    + FullyQualified 
   ErrorId : Native  
  CommandError
 
  Creating an optimized production build ...

> Build error 
occurred
Error: Turbopack 
build failed with 12 
errors:
./src/app/community/g
roups/[id]/page.tsx:2
2:1
Export GroupFeed 
doesn't exist in 
target module
[0m [90m 20 |[39m 
  [33mFileText[39m
 [90m 21 |[39m } 
[36mfrom[39m [32m"
lucide-react"[39m[3
3m;[39m
[31m[1m>[22m[39m
[90m 22 |[39m 
[36mimport[39m { 
[33mGroupFeed[39m 
} [36mfrom[39m [32
m"@/components/commun
ity/GroupFeed"[39m[
33m;[39m
 [90m    |[39m [31
m[1m^[22m[39m[31m
[1m^[22m[39m[31m
[1m^[22m[39m[31m[
1m^[22m[39m[31m[1
m^[22m[39m[31m[1m
^[22m[39m[31m[1m^
[22m[39m[31m[1m^
[22m[39m[31m[1m^[
22m[39m[31m[1m^[2
2m[39m[31m[1m^[22
m[39m[31m[1m^[22m
[39m[31m[1m^[22m
[39m[31m[1m^[22m[
39m[31m[1m^[22m[3
9m[31m[1m^[22m[39
m[31m[1m^[22m[39m
[31m[1m^[22m[39m
[31m[1m^[22m[39m[
31m[1m^[22m[39m[3
1m[1m^[22m[39m[31
m[1m^[22m[39m[31m
[1m^[22m[39m[31m
[1m^[22m[39m[31m[
1m^[22m[39m[31m[1
m^[22m[39m[31m[1m
^[22m[39m[31m[1m^
[22m[39m[31m[1m^
[22m[39m[31m[1m^[
22m[39m[31m[1m^[2
2m[39m[31m[1m^[22
m[39m[31m[1m^[22m
[39m[31m[1m^[22m
[39m[31m[1m^[22m[
39m[31m[1m^[22m[3
9m[31m[1m^[22m[39
m[31m[1m^[22m[39m
[31m[1m^[22m[39m
[31m[1m^[22m[39m[
31m[1m^[22m[39m[3
1m[1m^[22m[39m[31
m[1m^[22m[39m[31m
[1m^[22m[39m[31m
[1m^[22m[39m[31m[
1m^[22m[39m[31m[1
m^[22m[39m[31m[1m
^[22m[39m[31m[1m^
[22m[39m[31m[1m^
[22m[39m[31m[1m^[
22m[39m[31m[1m^[2
2m[39m[31m[1m^[22
m[39m[31m[1m^[22m
[39m[31m[1m^[22m
[39m[31m[1m^[22m[
39m[31m[1m^[22m[3
9m[31m[1m^[22m[39
m[31m[1m^[22m[39m
[31m[1m^[22m[39m
[31m[1m^[22m[39m
 [90m 23 |[39m 
[36mimport[39m { [
33mGroupMembers[39m 
} [36mfrom[39m [32
m"@/components/commun
ity/GroupMembers"[39
m[33m;[39m
 [90m 24 |[39m 
[36mimport[39m { [
33mGroupSettings[39m
 } [36mfrom[39m [3
2m"@/components/commu
nity/GroupSettings"[
39m[33m;[39m
 [90m 25 |[39m 
[36mimport[39m { [
33mJoinRequestList[3
9m } [36mfrom[39m 
[32m"@/components/com
munity/JoinRequestLis
t"[39m[33m;[39m[0
m

The export GroupFeed 
was not found in 
module [project]/src/
components/community/
GroupFeed.tsx 
[app-client] 
(ecmascript).
Did you mean to 
import default?
All exports of the 
module are 
statically known (It 
doesn't have dynamic 
exports). So it's 
known statically 
that the requested 
export doesn't exist.

Import traces:
  Client Component 
Browser:
    ./src/app/communi
ty/groups/[id]/page.t
sx [Client Component 
Browser]
    ./src/app/communi
ty/groups/[id]/page.t
sx [Server Component]

  Client Component 
SSR:
    ./src/app/communi
ty/groups/[id]/page.t
sx [Client Component 
SSR]
    ./src/app/communi
ty/groups/[id]/page.t
sx [Server Component]


./src/app/community/g
roups/[id]/page.tsx:2
2:1
Export GroupFeed 
doesn't exist in 
target module
[0m [90m 20 |[39m 
  [33mFileText[39m
 [90m 21 |[39m } 
[36mfrom[39m [32m"
lucide-react"[39m[3
3m;[39m
[31m[1m>[22m[39m
[90m 22 |[39m 
[36mimport[39m { 
[33mGroupFeed[39m 
} [36mfrom[39m [32
m"@/components/commun
ity/GroupFeed"[39m[
33m;[39m
 [90m    |[39m [31
m[1m^[22m[39m[31m
[1m^[22m[39m[31m
[1m^[22m[39m[31m[
1m^[22m[39m[31m[1
m^[22m[39m[31m[1m
^[22m[39m[31m[1m^
[22m[39m[31m[1m^
[22m[39m[31m[1m^[
22m[39m[31m[1m^[2
2m[39m[31m[1m^[22
m[39m[31m[1m^[22m
[39m[31m[1m^[22m
[39m[31m[1m^[22m[
39m[31m[1m^[22m[3
9m[31m[1m^[22m[39
m[31m[1m^[22m[39m
[31m[1m^[22m[39m
[31m[1m^[22m[39m[
31m[1m^[22m[39m[3
1m[1m^[22m[39m[31
m[1m^[22m[39m[31m
[1m^[22m[39m[31m
[1m^[22m[39m[31m[
1m^[22m[39m[31m[1
m^[22m[39m[31m[1m
^[22m[39m[31m[1m^
[22m[39m[31m[1m^
[22m[39m[31m[1m^[
22m[39m[31m[1m^[2
2m[39m[31m[1m^[22
m[39m[31m[1m^[22m
[39m[31m[1m^[22m
[39m[31m[1m^[22m[
39m[31m[1m^[22m[3
9m[31m[1m^[22m[39
m[31m[1m^[22m[39m
[31m[1m^[22m[39m
[31m[1m^[22m[39m[
31m[1m^[22m[39m[3
1m[1m^[22m[39m[31
m[1m^[22m[39m[31m
[1m^[22m[39m[31m
[1m^[22m[39m[31m[
1m^[22m[39m[31m[1
m^[22m[39m[31m[1m
^[22m[39m[31m[1m^
[22m[39m[31m[1m^
[22m[39m[31m[1m^[
22m[39m[31m[1m^[2
2m[39m[31m[1m^[22
m[39m[31m[1m^[22m
[39m[31m[1m^[22m
[39m[31m[1m^[22m[
39m[31m[1m^[22m[3
9m[31m[1m^[22m[39
m[31m[1m^[22m[39m
[31m[1m^[22m[39m
[31m[1m^[22m[39m
 [90m 23 |[39m 
[36mimport[39m { [
33mGroupMembers[39m 
} [36mfrom[39m [32
m"@/components/commun
ity/GroupMembers"[39
m[33m;[39m
 [90m 24 |[39m 
[36mimport[39m { [
33mGroupSettings[39m
 } [36mfrom[39m [3
2m"@/components/commu
nity/GroupSettings"[
39m[33m;[39m
 [90m 25 |[39m 
[36mimport[39m { [
33mJoinRequestList[3
9m } [36mfrom[39m 
[32m"@/components/com
munity/JoinRequestLis
t"[39m[33m;[39m[0
m

The export GroupFeed 
was not found in 
module [project]/src/
components/community/
GroupFeed.tsx 
[app-ssr] 
(ecmascript).
Did you mean to 
import default?
All exports of the 
module are 
statically known (It 
doesn't have dynamic 
exports). So it's 
known statically 
that the requested 
export doesn't exist.

Import traces:
  Client Component 
Browser:
    ./src/app/communi
ty/groups/[id]/page.t
sx [Client Component 
Browser]
    ./src/app/communi
ty/groups/[id]/page.t
sx [Server Component]

  Client Component 
SSR:
    ./src/app/communi
ty/groups/[id]/page.t
sx [Client Component 
SSR]
    ./src/app/communi
ty/groups/[id]/page.t
sx [Server Component]


./src/app/community/g
roups/[id]/page.tsx:2
3:1
Export GroupMembers 
doesn't exist in 
target module
[0m [90m 21 |[39m 
} [36mfrom[39m [32
m"lucide-react"[39m
[33m;[39m
 [90m 22 |[39m 
[36mimport[39m { 
[33mGroupFeed[39m 
} [36mfrom[39m [32
m"@/components/commun
ity/GroupFeed"[39m[
33m;[39m
[31m[1m>[22m[39m
[90m 23 |[39m 
[36mimport[39m { [
33mGroupMembers[39m 
} [36mfrom[39m [32
m"@/components/commun
ity/GroupMembers"[39
m[33m;[39m
 [90m    |[39m [31
m[1m^[22m[39m[31m
[1m^[22m[39m[31m
[1m^[22m[39m[31m[
1m^[22m[39m[31m[1
m^[22m[39m[31m[1m
^[22m[39m[31m[1m^
[22m[39m[31m[1m^
[22m[39m[31m[1m^[
22m[39m[31m[1m^[2
2m[39m[31m[1m^[22
m[39m[31m[1m^[22m
[39m[31m[1m^[22m
[39m[31m[1m^[22m[
39m[31m[1m^[22m[3
9m[31m[1m^[22m[39
m[31m[1m^[22m[39m
[31m[1m^[22m[39m
[31m[1m^[22m[39m[
31m[1m^[22m[39m[3
1m[1m^[22m[39m[31
m[1m^[22m[39m[31m
[1m^[22m[39m[31m
[1m^[22m[39m[31m[
1m^[22m[39m[31m[1
m^[22m[39m[31m[1m
^[22m[39m[31m[1m^
[22m[39m[31m[1m^
[22m[39m[31m[1m^[
22m[39m[31m[1m^[2
2m[39m[31m[1m^[22
m[39m[31m[1m^[22m
[39m[31m[1m^[22m
[39m[31m[1m^[22m[
39m[31m[1m^[22m[3
9m[31m[1m^[22m[39
m[31m[1m^[22m[39m
[31m[1m^[22m[39m
[31m[1m^[22m[39m[
31m[1m^[22m[39m[3
1m[1m^[22m[39m[31
m[1m^[22m[39m[31m
[1m^[22m[39m[31m
[1m^[22m[39m[31m[
1m^[22m[39m[31m[1
m^[22m[39m[31m[1m
^[22m[39m[31m[1m^
[22m[39m[31m[1m^
[22m[39m[31m[1m^[
22m[39m[31m[1m^[2
2m[39m[31m[1m^[22
m[39m[31m[1m^[22m
[39m[31m[1m^[22m
[39m[31m[1m^[22m[
39m[31m[1m^[22m[3
9m[31m[1m^[22m[39
m[31m[1m^[22m[39m
[31m[1m^[22m[39m
[31m[1m^[22m[39m[
31m[1m^[22m[39m[3
1m[1m^[22m[39m[31
m[1m^[22m[39m[31m
[1m^[22m[39m[31m
[1m^[22m[39m[31m[
1m^[22m[39m
 [90m 24 |[39m 
[36mimport[39m { [
33mGroupSettings[39m
 } [36mfrom[39m [3
2m"@/components/commu
nity/GroupSettings"[
39m[33m;[39m
 [90m 25 |[39m 
[36mimport[39m { [
33mJoinRequestList[3
9m } [36mfrom[39m 
[32m"@/components/com
munity/JoinRequestLis
t"[39m[33m;[39m
 [90m 26 |[39m 
[36mimport[39m { 
useCommunityGroups } 
[36mfrom[39m [32m"
@/lib/hooks/useCommun
ityGroups"[39m[33m;
[39m[0m

The export 
GroupMembers was not 
found in module [proj
ect]/src/components/c
ommunity/GroupMembers
.tsx [app-client] 
(ecmascript).
Did you mean to 
import default?
All exports of the 
module are 
statically known (It 
doesn't have dynamic 
exports). So it's 
known statically 
that the requested 
export doesn't exist.

Import traces:
  Client Component 
Browser:
    ./src/app/communi
ty/groups/[id]/page.t
sx [Client Component 
Browser]
    ./src/app/communi
ty/groups/[id]/page.t
sx [Server Component]

  Client Component 
SSR:
    ./src/app/communi
ty/groups/[id]/page.t
sx [Client Component 
SSR]
    ./src/app/communi
ty/groups/[id]/page.t
sx [Server Component]


./src/app/community/g
roups/[id]/page.tsx:2
3:1
Export GroupMembers 
doesn't exist in 
target module
[0m [90m 21 |[39m 
} [36mfrom[39m [32
m"lucide-react"[39m
[33m;[39m
 [90m 22 |[39m 
[36mimport[39m { 
[33mGroupFeed[39m 
} [36mfrom[39m [32
m"@/components/commun
ity/GroupFeed"[39m[
33m;[39m
[31m[1m>[22m[39m
[90m 23 |[39m 
[36mimport[39m { [
33mGroupMembers[39m 
} [36mfrom[39m [32
m"@/components/commun
ity/GroupMembers"[39
m[33m;[39m
 [90m    |[39m [31
m[1m^[22m[39m[31m
[1m^[22m[39m[31m
[1m^[22m[39m[31m[
1m^[22m[39m[31m[1
m^[22m[39m[31m[1m
^[22m[39m[31m[1m^
[22m[39m[31m[1m^
[22m[39m[31m[1m^[
22m[39m[31m[1m^[2
2m[39m[31m[1m^[22
m[39m[31m[1m^[22m
[39m[31m[1m^[22m
[39m[31m[1m^[22m[
39m[31m[1m^[22m[3
9m[31m[1m^[22m[39
m[31m[1m^[22m[39m
[31m[1m^[22m[39m
[31m[1m^[22m[39m[
31m[1m^[22m[39m[3
1m[1m^[22m[39m[31
m[1m^[22m[39m[31m
[1m^[22m[39m[31m
[1m^[22m[39m[31m[
1m^[22m[39m[31m[1
m^[22m[39m[31m[1m
^[22m[39m[31m[1m^
[22m[39m[31m[1m^
[22m[39m[31m[1m^[
22m[39m[31m[1m^[2
2m[39m[31m[1m^[22
m[39m[31m[1m^[22m
[39m[31m[1m^[22m
[39m[31m[1m^[22m[
39m[31m[1m^[22m[3
9m[31m[1m^[22m[39
m[31m[1m^[22m[39m
[31m[1m^[22m[39m
[31m[1m^[22m[39m[
31m[1m^[22m[39m[3
1m[1m^[22m[39m[31
m[1m^[22m[39m[31m
[1m^[22m[39m[31m
[1m^[22m[39m[31m[
1m^[22m[39m[31m[1
m^[22m[39m[31m[1m
^[22m[39m[31m[1m^
[22m[39m[31m[1m^
[22m[39m[31m[1m^[
22m[39m[31m[1m^[2
2m[39m[31m[1m^[22
m[39m[31m[1m^[22m
[39m[31m[1m^[22m
[39m[31m[1m^[22m[
39m[31m[1m^[22m[3
9m[31m[1m^[22m[39
m[31m[1m^[22m[39m
[31m[1m^[22m[39m
[31m[1m^[22m[39m[
31m[1m^[22m[39m[3
1m[1m^[22m[39m[31
m[1m^[22m[39m[31m
[1m^[22m[39m[31m
[1m^[22m[39m[31m[
1m^[22m[39m
 [90m 24 |[39m 
[36mimport[39m { [
33mGroupSettings[39m
 } [36mfrom[39m [3
2m"@/components/commu
nity/GroupSettings"[
39m[33m;[39m
 [90m 25 |[39m 
[36mimport[39m { [
33mJoinRequestList[3
9m } [36mfrom[39m 
[32m"@/components/com
munity/JoinRequestLis
t"[39m[33m;[39m
 [90m 26 |[39m 
[36mimport[39m { 
useCommunityGroups } 
[36mfrom[39m [32m"
@/lib/hooks/useCommun
ityGroups"[39m[33m;
[39m[0m

The export 
GroupMembers was not 
found in module [proj
ect]/src/components/c
ommunity/GroupMembers
.tsx [app-ssr] 
(ecmascript).
Did you mean to 
import default?
All exports of the 
module are 
statically known (It 
doesn't have dynamic 
exports). So it's 
known statically 
that the requested 
export doesn't exist.

Import traces:
  Client Component 
Browser:
    ./src/app/communi
ty/groups/[id]/page.t
sx [Client Component 
Browser]
    ./src/app/communi
ty/groups/[id]/page.t
sx [Server Component]

  Client Component 
SSR:
    ./src/app/communi
ty/groups/[id]/page.t
sx [Client Component 
SSR]
    ./src/app/communi
ty/groups/[id]/page.t
sx [Server Component]


./src/app/community/g
roups/[id]/page.tsx:2
4:1
Export GroupSettings 
doesn't exist in 
target module
[0m [90m 22 |[39m 
[36mimport[39m { 
[33mGroupFeed[39m 
} [36mfrom[39m [32
m"@/components/commun
ity/GroupFeed"[39m[
33m;[39m
 [90m 23 |[39m 
[36mimport[39m { [
33mGroupMembers[39m 
} [36mfrom[39m [32
m"@/components/commun
ity/GroupMembers"[39
m[33m;[39m
[31m[1m>[22m[39m
[90m 24 |[39m 
[36mimport[39m { [
33mGroupSettings[39m
 } [36mfrom[39m [3
2m"@/components/commu
nity/GroupSettings"[
39m[33m;[39m
 [90m    |[39m [31
m[1m^[22m[39m[31m
[1m^[22m[39m[31m
[1m^[22m[39m[31m[
1m^[22m[39m[31m[1
m^[22m[39m[31m[1m
^[22m[39m[31m[1m^
[22m[39m[31m[1m^
[22m[39m[31m[1m^[
22m[39m[31m[1m^[2
2m[39m[31m[1m^[22
m[39m[31m[1m^[22m
[39m[31m[1m^[22m
[39m[31m[1m^[22m[
39m[31m[1m^[22m[3
9m[31m[1m^[22m[39
m[31m[1m^[22m[39m
[31m[1m^[22m[39m
[31m[1m^[22m[39m[
31m[1m^[22m[39m[3
1m[1m^[22m[39m[31
m[1m^[22m[39m[31m
[1m^[22m[39m[31m
[1m^[22m[39m[31m[
1m^[22m[39m[31m[1
m^[22m[39m[31m[1m
^[22m[39m[31m[1m^
[22m[39m[31m[1m^
[22m[39m[31m[1m^[
22m[39m[31m[1m^[2
2m[39m[31m[1m^[22
m[39m[31m[1m^[22m
[39m[31m[1m^[22m
[39m[31m[1m^[22m[
39m[31m[1m^[22m[3
9m[31m[1m^[22m[39
m[31m[1m^[22m[39m
[31m[1m^[22m[39m
[31m[1m^[22m[39m[
31m[1m^[22m[39m[3
1m[1m^[22m[39m[31
m[1m^[22m[39m[31m
[1m^[22m[39m[31m
[1m^[22m[39m[31m[
1m^[22m[39m[31m[1
m^[22m[39m[31m[1m
^[22m[39m[31m[1m^
[22m[39m[31m[1m^
[22m[39m[31m[1m^[
22m[39m[31m[1m^[2
2m[39m[31m[1m^[22
m[39m[31m[1m^[22m
[39m[31m[1m^[22m
[39m[31m[1m^[22m[
39m[31m[1m^[22m[3
9m[31m[1m^[22m[39
m[31m[1m^[22m[39m
[31m[1m^[22m[39m
[31m[1m^[22m[39m[
31m[1m^[22m[39m[3
1m[1m^[22m[39m[31
m[1m^[22m[39m[31m
[1m^[22m[39m[31m
[1m^[22m[39m[31m[
1m^[22m[39m[31m[1
m^[22m[39m[31m[1m
^[22m[39m
 [90m 25 |[39m 
[36mimport[39m { [
33mJoinRequestList[3
9m } [36mfrom[39m 
[32m"@/components/com
munity/JoinRequestLis
t"[39m[33m;[39m
 [90m 26 |[39m 
[36mimport[39m { 
useCommunityGroups } 
[36mfrom[39m [32m"
@/lib/hooks/useCommun
ityGroups"[39m[33m;
[39m
 [90m 27 |[39m 
[36mimport[39m { 
useGroupMembers } 
[36mfrom[39m [32m"
@/lib/hooks/useGroupM
embers"[39m[33m;[3
9m[0m

The export 
GroupSettings was 
not found in module [
project]/src/componen
ts/community/GroupSet
tings.tsx 
[app-client] 
(ecmascript).
Did you mean to 
import default?
All exports of the 
module are 
statically known (It 
doesn't have dynamic 
exports). So it's 
known statically 
that the requested 
export doesn't exist.

Import traces:
  Client Component 
Browser:
    ./src/app/communi
ty/groups/[id]/page.t
sx [Client Component 
Browser]
    ./src/app/communi
ty/groups/[id]/page.t
sx [Server Component]

  Client Component 
SSR:
    ./src/app/communi
ty/groups/[id]/page.t
sx [Client Component 
SSR]
    ./src/app/communi
ty/groups/[id]/page.t
sx [Server Component]


./src/app/community/g
roups/[id]/page.tsx:2
4:1
Export GroupSettings 
doesn't exist in 
target module
[0m [90m 22 |[39m 
[36mimport[39m { 
[33mGroupFeed[39m 
} [36mfrom[39m [32
m"@/components/commun
ity/GroupFeed"[39m[
33m;[39m
 [90m 23 |[39m 
[36mimport[39m { [
33mGroupMembers[39m 
} [36mfrom[39m [32
m"@/components/commun
ity/GroupMembers"[39
m[33m;[39m
[31m[1m>[22m[39m
[90m 24 |[39m 
[36mimport[39m { [
33mGroupSettings[39m
 } [36mfrom[39m [3
2m"@/components/commu
nity/GroupSettings"[
39m[33m;[39m
 [90m    |[39m [31
m[1m^[22m[39m[31m
[1m^[22m[39m[31m
[1m^[22m[39m[31m[
1m^[22m[39m[31m[1
m^[22m[39m[31m[1m
^[22m[39m[31m[1m^
[22m[39m[31m[1m^
[22m[39m[31m[1m^[
22m[39m[31m[1m^[2
2m[39m[31m[1m^[22
m[39m[31m[1m^[22m
[39m[31m[1m^[22m
[39m[31m[1m^[22m[
39m[31m[1m^[22m[3
9m[31m[1m^[22m[39
m[31m[1m^[22m[39m
[31m[1m^[22m[39m
[31m[1m^[22m[39m[
31m[1m^[22m[39m[3
1m[1m^[22m[39m[31
m[1m^[22m[39m[31m
[1m^[22m[39m[31m
[1m^[22m[39m[31m[
1m^[22m[39m[31m[1
m^[22m[39m[31m[1m
^[22m[39m[31m[1m^
[22m[39m[31m[1m^
[22m[39m[31m[1m^[
22m[39m[31m[1m^[2
2m[39m[31m[1m^[22
m[39m[31m[1m^[22m
[39m[31m[1m^[22m
[39m[31m[1m^[22m[
39m[31m[1m^[22m[3
9m[31m[1m^[22m[39
m[31m[1m^[22m[39m
[31m[1m^[22m[39m
[31m[1m^[22m[39m[
31m[1m^[22m[39m[3
1m[1m^[22m[39m[31
m[1m^[22m[39m[31m
[1m^[22m[39m[31m
[1m^[22m[39m[31m[
1m^[22m[39m[31m[1
m^[22m[39m[31m[1m
^[22m[39m[31m[1m^
[22m[39m[31m[1m^
[22m[39m[31m[1m^[
22m[39m[31m[1m^[2
2m[39m[31m[1m^[22
m[39m[31m[1m^[22m
[39m[31m[1m^[22m
[39m[31m[1m^[22m[
39m[31m[1m^[22m[3
9m[31m[1m^[22m[39
m[31m[1m^[22m[39m
[31m[1m^[22m[39m
[31m[1m^[22m[39m[
31m[1m^[22m[39m[3
1m[1m^[22m[39m[31
m[1m^[22m[39m[31m
[1m^[22m[39m[31m
[1m^[22m[39m[31m[
1m^[22m[39m[31m[1
m^[22m[39m[31m[1m
^[22m[39m
 [90m 25 |[39m 
[36mimport[39m { [
33mJoinRequestList[3
9m } [36mfrom[39m 
[32m"@/components/com
munity/JoinRequestLis
t"[39m[33m;[39m
 [90m 26 |[39m 
[36mimport[39m { 
useCommunityGroups } 
[36mfrom[39m [32m"
@/lib/hooks/useCommun
ityGroups"[39m[33m;
[39m
 [90m 27 |[39m 
[36mimport[39m { 
useGroupMembers } 
[36mfrom[39m [32m"
@/lib/hooks/useGroupM
embers"[39m[33m;[3
9m[0m

The export 
GroupSettings was 
not found in module [
project]/src/componen
ts/community/GroupSet
tings.tsx [app-ssr] 
(ecmascript).
Did you mean to 
import default?
All exports of the 
module are 
statically known (It 
doesn't have dynamic 
exports). So it's 
known statically 
that the requested 
export doesn't exist.

Import traces:
  Client Component 
Browser:
    ./src/app/communi
ty/groups/[id]/page.t
sx [Client Component 
Browser]
    ./src/app/communi
ty/groups/[id]/page.t
sx [Server Component]

  Client Component 
SSR:
    ./src/app/communi
ty/groups/[id]/page.t
sx [Client Component 
SSR]
    ./src/app/communi
ty/groups/[id]/page.t
sx [Server Component]


./src/app/community/g
roups/[id]/page.tsx:2
5:1
Export 
JoinRequestList 
doesn't exist in 
target module
[0m [90m 23 |[39m 
[36mimport[39m { [
33mGroupMembers[39m 
} [36mfrom[39m [32
m"@/components/commun
ity/GroupMembers"[39
m[33m;[39m
 [90m 24 |[39m 
[36mimport[39m { [
33mGroupSettings[39m
 } [36mfrom[39m [3
2m"@/components/commu
nity/GroupSettings"[
39m[33m;[39m
[31m[1m>[22m[39m
[90m 25 |[39m 
[36mimport[39m { [
33mJoinRequestList[3
9m } [36mfrom[39m 
[32m"@/components/com
munity/JoinRequestLis
t"[39m[33m;[39m
 [90m    |[39m [31
m[1m^[22m[39m[31m
[1m^[22m[39m[31m
[1m^[22m[39m[31m[
1m^[22m[39m[31m[1
m^[22m[39m[31m[1m
^[22m[39m[31m[1m^
[22m[39m[31m[1m^
[22m[39m[31m[1m^[
22m[39m[31m[1m^[2
2m[39m[31m[1m^[22
m[39m[31m[1m^[22m
[39m[31m[1m^[22m
[39m[31m[1m^[22m[
39m[31m[1m^[22m[3
9m[31m[1m^[22m[39
m[31m[1m^[22m[39m
[31m[1m^[22m[39m
[31m[1m^[22m[39m[
31m[1m^[22m[39m[3
1m[1m^[22m[39m[31
m[1m^[22m[39m[31m
[1m^[22m[39m[31m
[1m^[22m[39m[31m[
1m^[22m[39m[31m[1
m^[22m[39m[31m[1m
^[22m[39m[31m[1m^
[22m[39m[31m[1m^
[22m[39m[31m[1m^[
22m[39m[31m[1m^[2
2m[39m[31m[1m^[22
m[39m[31m[1m^[22m
[39m[31m[1m^[22m
[39m[31m[1m^[22m[
39m[31m[1m^[22m[3
9m[31m[1m^[22m[39
m[31m[1m^[22m[39m
[31m[1m^[22m[39m
[31m[1m^[22m[39m[
31m[1m^[22m[39m[3
1m[1m^[22m[39m[31
m[1m^[22m[39m[31m
[1m^[22m[39m[31m
[1m^[22m[39m[31m[
1m^[22m[39m[31m[1
m^[22m[39m[31m[1m
^[22m[39m[31m[1m^
[22m[39m[31m[1m^
[22m[39m[31m[1m^[
22m[39m[31m[1m^[2
2m[39m[31m[1m^[22
m[39m[31m[1m^[22m
[39m[31m[1m^[22m
[39m[31m[1m^[22m[
39m[31m[1m^[22m[3
9m[31m[1m^[22m[39
m[31m[1m^[22m[39m
[31m[1m^[22m[39m
[31m[1m^[22m[39m[
31m[1m^[22m[39m[3
1m[1m^[22m[39m[31
m[1m^[22m[39m[31m
[1m^[22m[39m[31m
[1m^[22m[39m[31m[
1m^[22m[39m[31m[1
m^[22m[39m[31m[1m
^[22m[39m[31m[1m^
[22m[39m[31m[1m^
[22m[39m[31m[1m^[
22m[39m[31m[1m^[2
2m[39m
 [90m 26 |[39m 
[36mimport[39m { 
useCommunityGroups } 
[36mfrom[39m [32m"
@/lib/hooks/useCommun
ityGroups"[39m[33m;
[39m
 [90m 27 |[39m 
[36mimport[39m { 
useGroupMembers } 
[36mfrom[39m [32m"
@/lib/hooks/useGroupM
embers"[39m[33m;[3
9m
 [90m 28 |[39m 
[36mimport[39m 
toast [36mfrom[39m 
[32m"react-hot-toast
"[39m[33m;[39m[0m

The export 
JoinRequestList was 
not found in module [
project]/src/componen
ts/community/JoinRequ
estList.tsx 
[app-client] 
(ecmascript).
Did you mean to 
import default?
All exports of the 
module are 
statically known (It 
doesn't have dynamic 
exports). So it's 
known statically 
that the requested 
export doesn't exist.

Import traces:
  Client Component 
Browser:
    ./src/app/communi
ty/groups/[id]/page.t
sx [Client Component 
Browser]
    ./src/app/communi
ty/groups/[id]/page.t
sx [Server Component]

  Client Component 
SSR:
    ./src/app/communi
ty/groups/[id]/page.t
sx [Client Component 
SSR]
    ./src/app/communi
ty/groups/[id]/page.t
sx [Server Component]


./src/app/community/g
roups/[id]/page.tsx:2
5:1
Export 
JoinRequestList 
doesn't exist in 
target module
[0m [90m 23 |[39m 
[36mimport[39m { [
33mGroupMembers[39m 
} [36mfrom[39m [32
m"@/components/commun
ity/GroupMembers"[39
m[33m;[39m
 [90m 24 |[39m 
[36mimport[39m { [
33mGroupSettings[39m
 } [36mfrom[39m [3
2m"@/components/commu
nity/GroupSettings"[
39m[33m;[39m
[31m[1m>[22m[39m
[90m 25 |[39m 
[36mimport[39m { [
33mJoinRequestList[3
9m } [36mfrom[39m 
[32m"@/components/com
munity/JoinRequestLis
t"[39m[33m;[39m
 [90m    |[39m [31
m[1m^[22m[39m[31m
[1m^[22m[39m[31m
[1m^[22m[39m[31m[
1m^[22m[39m[31m[1
m^[22m[39m[31m[1m
^[22m[39m[31m[1m^
[22m[39m[31m[1m^
[22m[39m[31m[1m^[
22m[39m[31m[1m^[2
2m[39m[31m[1m^[22
m[39m[31m[1m^[22m
[39m[31m[1m^[22m
[39m[31m[1m^[22m[
39m[31m[1m^[22m[3
9m[31m[1m^[22m[39
m[31m[1m^[22m[39m
[31m[1m^[22m[39m
[31m[1m^[22m[39m[
31m[1m^[22m[39m[3
1m[1m^[22m[39m[31
m[1m^[22m[39m[31m
[1m^[22m[39m[31m
[1m^[22m[39m[31m[
1m^[22m[39m[31m[1
m^[22m[39m[31m[1m
^[22m[39m[31m[1m^
[22m[39m[31m[1m^
[22m[39m[31m[1m^[
22m[39m[31m[1m^[2
2m[39m[31m[1m^[22
m[39m[31m[1m^[22m
[39m[31m[1m^[22m
[39m[31m[1m^[22m[
39m[31m[1m^[22m[3
9m[31m[1m^[22m[39
m[31m[1m^[22m[39m
[31m[1m^[22m[39m
[31m[1m^[22m[39m[
31m[1m^[22m[39m[3
1m[1m^[22m[39m[31
m[1m^[22m[39m[31m
[1m^[22m[39m[31m
[1m^[22m[39m[31m[
1m^[22m[39m[31m[1
m^[22m[39m[31m[1m
^[22m[39m[31m[1m^
[22m[39m[31m[1m^
[22m[39m[31m[1m^[
22m[39m[31m[1m^[2
2m[39m[31m[1m^[22
m[39m[31m[1m^[22m
[39m[31m[1m^[22m
[39m[31m[1m^[22m[
39m[31m[1m^[22m[3
9m[31m[1m^[22m[39
m[31m[1m^[22m[39m
[31m[1m^[22m[39m
[31m[1m^[22m[39m[
31m[1m^[22m[39m[3
1m[1m^[22m[39m[31
m[1m^[22m[39m[31m
[1m^[22m[39m[31m
[1m^[22m[39m[31m[
1m^[22m[39m[31m[1
m^[22m[39m[31m[1m
^[22m[39m[31m[1m^
[22m[39m[31m[1m^
[22m[39m[31m[1m^[
22m[39m[31m[1m^[2
2m[39m
 [90m 26 |[39m 
[36mimport[39m { 
useCommunityGroups } 
[36mfrom[39m [32m"
@/lib/hooks/useCommun
ityGroups"[39m[33m;
[39m
 [90m 27 |[39m 
[36mimport[39m { 
useGroupMembers } 
[36mfrom[39m [32m"
@/lib/hooks/useGroupM
embers"[39m[33m;[3
9m
 [90m 28 |[39m 
[36mimport[39m 
toast [36mfrom[39m 
[32m"react-hot-toast
"[39m[33m;[39m[0m

The export 
JoinRequestList was 
not found in module [
project]/src/componen
ts/community/JoinRequ
estList.tsx 
[app-ssr] 
(ecmascript).
Did you mean to 
import default?
All exports of the 
module are 
statically known (It 
doesn't have dynamic 
exports). So it's 
known statically 
that the requested 
export doesn't exist.

Import traces:
  Client Component 
Browser:
    ./src/app/communi
ty/groups/[id]/page.t
sx [Client Component 
Browser]
    ./src/app/communi
ty/groups/[id]/page.t
sx [Server Component]

  Client Component 
SSR:
    ./src/app/communi
ty/groups/[id]/page.t
sx [Client Component 
SSR]
    ./src/app/communi
ty/groups/[id]/page.t
sx [Server Component]


./src/app/community/r
ooms/[id]/page.tsx:21
:1
Export 
OnlineMembersList 
doesn't exist in 
target module
[0m [90m 19 |[39m 
} [36mfrom[39m [32
m"lucide-react"[39m
[33m;[39m
 [90m 20 |[39m 
[36mimport[39m { 
[33mRoomChat[39m } 
[36mfrom[39m [32m"
@/components/communit
y/RoomChat"[39m[33m
;[39m
[31m[1m>[22m[39m
[90m 21 |[39m 
[36mimport[39m { [
33mOnlineMembersList
[39m } 
[36mfrom[39m [32m"
@/components/communit
y/OnlineMembersList"
[39m[33m;[39m
 [90m    |[39m [31
m[1m^[22m[39m[31m
[1m^[22m[39m[31m
[1m^[22m[39m[31m[
1m^[22m[39m[31m[1
m^[22m[39m[31m[1m
^[22m[39m[31m[1m^
[22m[39m[31m[1m^
[22m[39m[31m[1m^[
22m[39m[31m[1m^[2
2m[39m[31m[1m^[22
m[39m[31m[1m^[22m
[39m[31m[1m^[22m
[39m[31m[1m^[22m[
39m[31m[1m^[22m[3
9m[31m[1m^[22m[39
m[31m[1m^[22m[39m
[31m[1m^[22m[39m
[31m[1m^[22m[39m[
31m[1m^[22m[39m[3
1m[1m^[22m[39m[31
m[1m^[22m[39m[31m
[1m^[22m[39m[31m
[1m^[22m[39m[31m[
1m^[22m[39m[31m[1
m^[22m[39m[31m[1m
^[22m[39m[31m[1m^
[22m[39m[31m[1m^
[22m[39m[31m[1m^[
22m[39m[31m[1m^[2
2m[39m[31m[1m^[22
m[39m[31m[1m^[22m
[39m[31m[1m^[22m
[39m[31m[1m^[22m[
39m[31m[1m^[22m[3
9m[31m[1m^[22m[39
m[31m[1m^[22m[39m
[31m[1m^[22m[39m
[31m[1m^[22m[39m[
31m[1m^[22m[39m[3
1m[1m^[22m[39m[31
m[1m^[22m[39m[31m
[1m^[22m[39m[31m
[1m^[22m[39m[31m[
1m^[22m[39m[31m[1
m^[22m[39m[31m[1m
^[22m[39m[31m[1m^
[22m[39m[31m[1m^
[22m[39m[31m[1m^[
22m[39m[31m[1m^[2
2m[39m[31m[1m^[22
m[39m[31m[1m^[22m
[39m[31m[1m^[22m
[39m[31m[1m^[22m[
39m[31m[1m^[22m[3
9m[31m[1m^[22m[39
m[31m[1m^[22m[39m
[31m[1m^[22m[39m
[31m[1m^[22m[39m[
31m[1m^[22m[39m[3
1m[1m^[22m[39m[31
m[1m^[22m[39m[31m
[1m^[22m[39m[31m
[1m^[22m[39m[31m[
1m^[22m[39m[31m[1
m^[22m[39m[31m[1m
^[22m[39m[31m[1m^
[22m[39m[31m[1m^
[22m[39m[31m[1m^[
22m[39m[31m[1m^[2
2m[39m[31m[1m^[22
m[39m[31m[1m^[22m
[39m[31m[1m^[22m
[39m[31m[1m^[22m[
39m
 [90m 22 |[39m 
[36mimport[39m { 
useDiscussionRooms } 
[36mfrom[39m [32m"
@/lib/hooks/useDiscus
sionRooms"[39m[33m;
[39m
 [90m 23 |[39m 
[36mimport[39m { 
useRoomMembers } 
[36mfrom[39m [32m"
@/lib/hooks/useRoomMe
mbers"[39m[33m;[39
m
 [90m 24 |[39m 
[36mimport[39m 
toast [36mfrom[39m 
[32m"react-hot-toast
"[39m[33m;[39m[0m

The export 
OnlineMembersList 
was not found in 
module [project]/src/
components/community/
OnlineMembersList.tsx
 [app-client] 
(ecmascript).
Did you mean to 
import default?
All exports of the 
module are 
statically known (It 
doesn't have dynamic 
exports). So it's 
known statically 
that the requested 
export doesn't exist.

Import traces:
  Client Component 
Browser:
    ./src/app/communi
ty/rooms/[id]/page.ts
x [Client Component 
Browser]
    ./src/app/communi
ty/rooms/[id]/page.ts
x [Server Component]

  Client Component 
SSR:
    ./src/app/communi
ty/rooms/[id]/page.ts
x [Client Component 
SSR]
    ./src/app/communi
ty/rooms/[id]/page.ts
x [Server Component]


./src/app/community/r
ooms/[id]/page.tsx:21
:1
Export 
OnlineMembersList 
doesn't exist in 
target module
[0m [90m 19 |[39m 
} [36mfrom[39m [32
m"lucide-react"[39m
[33m;[39m
 [90m 20 |[39m 
[36mimport[39m { 
[33mRoomChat[39m } 
[36mfrom[39m [32m"
@/components/communit
y/RoomChat"[39m[33m
;[39m
[31m[1m>[22m[39m
[90m 21 |[39m 
[36mimport[39m { [
33mOnlineMembersList
[39m } 
[36mfrom[39m [32m"
@/components/communit
y/OnlineMembersList"
[39m[33m;[39m
 [90m    |[39m [31
m[1m^[22m[39m[31m
[1m^[22m[39m[31m
[1m^[22m[39m[31m[
1m^[22m[39m[31m[1
m^[22m[39m[31m[1m
^[22m[39m[31m[1m^
[22m[39m[31m[1m^
[22m[39m[31m[1m^[
22m[39m[31m[1m^[2
2m[39m[31m[1m^[22
m[39m[31m[1m^[22m
[39m[31m[1m^[22m
[39m[31m[1m^[22m[
39m[31m[1m^[22m[3
9m[31m[1m^[22m[39
m[31m[1m^[22m[39m
[31m[1m^[22m[39m
[31m[1m^[22m[39m[
31m[1m^[22m[39m[3
1m[1m^[22m[39m[31
m[1m^[22m[39m[31m
[1m^[22m[39m[31m
[1m^[22m[39m[31m[
1m^[22m[39m[31m[1
m^[22m[39m[31m[1m
^[22m[39m[31m[1m^
[22m[39m[31m[1m^
[22m[39m[31m[1m^[
22m[39m[31m[1m^[2
2m[39m[31m[1m^[22
m[39m[31m[1m^[22m
[39m[31m[1m^[22m
[39m[31m[1m^[22m[
39m[31m[1m^[22m[3
9m[31m[1m^[22m[39
m[31m[1m^[22m[39m
[31m[1m^[22m[39m
[31m[1m^[22m[39m[
31m[1m^[22m[39m[3
1m[1m^[22m[39m[31
m[1m^[22m[39m[31m
[1m^[22m[39m[31m
[1m^[22m[39m[31m[
1m^[22m[39m[31m[1
m^[22m[39m[31m[1m
^[22m[39m[31m[1m^
[22m[39m[31m[1m^
[22m[39m[31m[1m^[
22m[39m[31m[1m^[2
2m[39m[31m[1m^[22
m[39m[31m[1m^[22m
[39m[31m[1m^[22m
[39m[31m[1m^[22m[
39m[31m[1m^[22m[3
9m[31m[1m^[22m[39
m[31m[1m^[22m[39m
[31m[1m^[22m[39m
[31m[1m^[22m[39m[
31m[1m^[22m[39m[3
1m[1m^[22m[39m[31
m[1m^[22m[39m[31m
[1m^[22m[39m[31m
[1m^[22m[39m[31m[
1m^[22m[39m[31m[1
m^[22m[39m[31m[1m
^[22m[39m[31m[1m^
[22m[39m[31m[1m^
[22m[39m[31m[1m^[
22m[39m[31m[1m^[2
2m[39m[31m[1m^[22
m[39m[31m[1m^[22m
[39m[31m[1m^[22m
[39m[31m[1m^[22m[
39m
 [90m 22 |[39m 
[36mimport[39m { 
useDiscussionRooms } 
[36mfrom[39m [32m"
@/lib/hooks/useDiscus
sionRooms"[39m[33m;
[39m
 [90m 23 |[39m 
[36mimport[39m { 
useRoomMembers } 
[36mfrom[39m [32m"
@/lib/hooks/useRoomMe
mbers"[39m[33m;[39
m
 [90m 24 |[39m 
[36mimport[39m 
toast [36mfrom[39m 
[32m"react-hot-toast
"[39m[33m;[39m[0m

The export 
OnlineMembersList 
was not found in 
module [project]/src/
components/community/
OnlineMembersList.tsx
 [app-ssr] 
(ecmascript).
Did you mean to 
import default?
All exports of the 
module are 
statically known (It 
doesn't have dynamic 
exports). So it's 
known statically 
that the requested 
export doesn't exist.

Import traces:
  Client Component 
Browser:
    ./src/app/communi
ty/rooms/[id]/page.ts
x [Client Component 
Browser]
    ./src/app/communi
ty/rooms/[id]/page.ts
x [Server Component]

  Client Component 
SSR:
    ./src/app/communi
ty/rooms/[id]/page.ts
x [Client Component 
SSR]
    ./src/app/communi
ty/rooms/[id]/page.ts
x [Server Component]


./src/app/community/r
ooms/[id]/page.tsx:20
:1
Export RoomChat 
doesn't exist in 
target module
[0m [90m 18 |[39m 
  [33mShield[39m
 [90m 19 |[39m } 
[36mfrom[39m [32m"
lucide-react"[39m[3
3m;[39m
[31m[1m>[22m[39m
[90m 20 |[39m 
[36mimport[39m { 
[33mRoomChat[39m } 
[36mfrom[39m [32m"
@/components/communit
y/RoomChat"[39m[33m
;[39m
 [90m    |[39m [31
m[1m^[22m[39m[31m
[1m^[22m[39m[31m
[1m^[22m[39m[31m[
1m^[22m[39m[31m[1
m^[22m[39m[31m[1m
^[22m[39m[31m[1m^
[22m[39m[31m[1m^
[22m[39m[31m[1m^[
22m[39m[31m[1m^[2
2m[39m[31m[1m^[22
m[39m[31m[1m^[22m
[39m[31m[1m^[22m
[39m[31m[1m^[22m[
39m[31m[1m^[22m[3
9m[31m[1m^[22m[39
m[31m[1m^[22m[39m
[31m[1m^[22m[39m
[31m[1m^[22m[39m[
31m[1m^[22m[39m[3
1m[1m^[22m[39m[31
m[1m^[22m[39m[31m
[1m^[22m[39m[31m
[1m^[22m[39m[31m[
1m^[22m[39m[31m[1
m^[22m[39m[31m[1m
^[22m[39m[31m[1m^
[22m[39m[31m[1m^
[22m[39m[31m[1m^[
22m[39m[31m[1m^[2
2m[39m[31m[1m^[22
m[39m[31m[1m^[22m
[39m[31m[1m^[22m
[39m[31m[1m^[22m[
39m[31m[1m^[22m[3
9m[31m[1m^[22m[39
m[31m[1m^[22m[39m
[31m[1m^[22m[39m
[31m[1m^[22m[39m[
31m[1m^[22m[39m[3
1m[1m^[22m[39m[31
m[1m^[22m[39m[31m
[1m^[22m[39m[31m
[1m^[22m[39m[31m[
1m^[22m[39m[31m[1
m^[22m[39m[31m[1m
^[22m[39m[31m[1m^
[22m[39m[31m[1m^
[22m[39m[31m[1m^[
22m[39m[31m[1m^[2
2m[39m[31m[1m^[22
m[39m[31m[1m^[22m
[39m[31m[1m^[22m
[39m[31m[1m^[22m[
39m[31m[1m^[22m[3
9m[31m[1m^[22m[39
m[31m[1m^[22m[39m
 [90m 21 |[39m 
[36mimport[39m { [
33mOnlineMembersList
[39m } 
[36mfrom[39m [32m"
@/components/communit
y/OnlineMembersList"
[39m[33m;[39m
 [90m 22 |[39m 
[36mimport[39m { 
useDiscussionRooms } 
[36mfrom[39m [32m"
@/lib/hooks/useDiscus
sionRooms"[39m[33m;
[39m
 [90m 23 |[39m 
[36mimport[39m { 
useRoomMembers } 
[36mfrom[39m [32m"
@/lib/hooks/useRoomMe
mbers"[39m[33m;[39
m[0m

The export RoomChat 
was not found in 
module [project]/src/
components/community/
RoomChat.tsx 
[app-client] 
(ecmascript).
Did you mean to 
import default?
All exports of the 
module are 
statically known (It 
doesn't have dynamic 
exports). So it's 
known statically 
that the requested 
export doesn't exist.

Import traces:
  Client Component 
Browser:
    ./src/app/communi
ty/rooms/[id]/page.ts
x [Client Component 
Browser]
    ./src/app/communi
ty/rooms/[id]/page.ts
x [Server Component]

  Client Component 
SSR:
    ./src/app/communi
ty/rooms/[id]/page.ts
x [Client Component 
SSR]
    ./src/app/communi
ty/rooms/[id]/page.ts
x [Server Component]


./src/app/community/r
ooms/[id]/page.tsx:20
:1
Export RoomChat 
doesn't exist in 
target module
[0m [90m 18 |[39m 
  [33mShield[39m
 [90m 19 |[39m } 
[36mfrom[39m [32m"
lucide-react"[39m[3
3m;[39m
[31m[1m>[22m[39m
[90m 20 |[39m 
[36mimport[39m { 
[33mRoomChat[39m } 
[36mfrom[39m [32m"
@/components/communit
y/RoomChat"[39m[33m
;[39m
 [90m    |[39m [31
m[1m^[22m[39m[31m
[1m^[22m[39m[31m
[1m^[22m[39m[31m[
1m^[22m[39m[31m[1
m^[22m[39m[31m[1m
^[22m[39m[31m[1m^
[22m[39m[31m[1m^
[22m[39m[31m[1m^[
22m[39m[31m[1m^[2
2m[39m[31m[1m^[22
m[39m[31m[1m^[22m
[39m[31m[1m^[22m
[39m[31m[1m^[22m[
39m[31m[1m^[22m[3
9m[31m[1m^[22m[39
m[31m[1m^[22m[39m
[31m[1m^[22m[39m
[31m[1m^[22m[39m[
31m[1m^[22m[39m[3
1m[1m^[22m[39m[31
m[1m^[22m[39m[31m
[1m^[22m[39m[31m
[1m^[22m[39m[31m[
1m^[22m[39m[31m[1
m^[22m[39m[31m[1m
^[22m[39m[31m[1m^
[22m[39m[31m[1m^
[22m[39m[31m[1m^[
22m[39m[31m[1m^[2
2m[39m[31m[1m^[22
m[39m[31m[1m^[22m
[39m[31m[1m^[22m
[39m[31m[1m^[22m[
39m[31m[1m^[22m[3
9m[31m[1m^[22m[39
m[31m[1m^[22m[39m
[31m[1m^[22m[39m
[31m[1m^[22m[39m[
31m[1m^[22m[39m[3
1m[1m^[22m[39m[31
m[1m^[22m[39m[31m
[1m^[22m[39m[31m
[1m^[22m[39m[31m[
1m^[22m[39m[31m[1
m^[22m[39m[31m[1m
^[22m[39m[31m[1m^
[22m[39m[31m[1m^
[22m[39m[31m[1m^[
22m[39m[31m[1m^[2
2m[39m[31m[1m^[22
m[39m[31m[1m^[22m
[39m[31m[1m^[22m
[39m[31m[1m^[22m[
39m[31m[1m^[22m[3
9m[31m[1m^[22m[39
m[31m[1m^[22m[39m
 [90m 21 |[39m 
[36mimport[39m { [
33mOnlineMembersList
[39m } 
[36mfrom[39m [32m"
@/components/communit
y/OnlineMembersList"
[39m[33m;[39m
 [90m 22 |[39m 
[36mimport[39m { 
useDiscussionRooms } 
[36mfrom[39m [32m"
@/lib/hooks/useDiscus
sionRooms"[39m[33m;
[39m
 [90m 23 |[39m 
[36mimport[39m { 
useRoomMembers } 
[36mfrom[39m [32m"
@/lib/hooks/useRoomMe
mbers"[39m[33m;[39
m[0m

The export RoomChat 
was not found in 
module [project]/src/
components/community/
RoomChat.tsx 
[app-ssr] 
(ecmascript).
Did you mean to 
import default?
All exports of the 
module are 
statically known (It 
doesn't have dynamic 
exports). So it's 
known statically 
that the requested 
export doesn't exist.

Import traces:
  Client Component 
Browser:
    ./src/app/communi
ty/rooms/[id]/page.ts
x [Client Component 
Browser]
    ./src/app/communi
ty/rooms/[id]/page.ts
x [Server Component]

  Client Component 
SSR:
    ./src/app/communi
ty/rooms/[id]/page.ts
x [Client Component 
SSR]
    ./src/app/communi
ty/rooms/[id]/page.ts
x [Server Component]


    at <unknown> (./s
rc/app/community/grou
ps/[id]/page.tsx:22:1
)
    at <unknown> (./s
rc/app/community/grou
ps/[id]/page.tsx:22:1
)
    at <unknown> (./s
rc/app/community/grou
ps/[id]/page.tsx:23:1
)
    at <unknown> (./s
rc/app/community/grou
ps/[id]/page.tsx:23:1
)
    at <unknown> (./s
rc/app/community/grou
ps/[id]/page.tsx:24:1
)
    at <unknown> (./s
rc/app/community/grou
ps/[id]/page.tsx:24:1
)
    at <unknown> (./s
rc/app/community/grou
ps/[id]/page.tsx:25:1
)
    at <unknown> (./s
rc/app/community/grou
ps/[id]/page.tsx:25:1
)
    at <unknown> (./s
rc/app/community/room
s/[id]/page.tsx:21:1)
    at <unknown> (./s
rc/app/community/room
s/[id]/page.tsx:21:1)
    at <unknown> (./s
rc/app/community/room
s/[id]/page.tsx:20:1)
    at <unknown> (./s
rc/app/community/room
s/[id]/page.tsx:20:1)
