
> velonx-platform@0.1.0 build
> next build

Γû▓ Next.js 16.1.6 (Turbopack)
- Experiments (use with caution):
  ┬╖ optimizePackageImports

node.exe : ΓÜá The 
"middleware" file 
convention is 
deprecated. Please 
use "proxy" instead. 
Learn more: https://n
extjs.org/docs/messag
es/middleware-to-prox
y
At C:\Program Files\n
odejs\npm.ps1:29 
char:3
+   & $NODE_EXE 
$NPM_CLI_JS $args
+   ~~~~~~~~~~~~~~~~~
~~~~~~~~~~~~
    + CategoryInfo   
           : NotSpe  
  cified: (ΓÜá The   
  "middle...lewar    
e-to-proxy:Strin    
g) [], RemoteExc    
eption
    + FullyQualified 
   ErrorId : Native  
  CommandError
 
  Creating an optimized production build ...
Γ£ô Compiled successfully in 20.5s
  Running TypeScript ...
Failed to compile.

./src/app/api/leaderb
oard/award-xp/route.t
s:32:45
Type error: Property 
'awardXP' does not 
exist on type '{ 
getLeaderboard: 
(params: any) => 
Promise<{ rank: 
number; id: string; 
name: string | null; 
email: string; 
image: string | 
null; xp: number; 
level: number; 
currentStreak: 
number; badges: 
number; projects: 
number; }[]>; 
getUserRank: 
(userId: string) => 
Promise<...>; }'.

[0m [90m 30 |[39m 
    
 [90m 31 |[39m     
[90m// Award XP to 
user[39m
[31m[1m>[22m[39m
[90m 32 |[39m     
[36mconst[39m 
result [33m=[39m 
[36mawait[39m leade
rboardService[33m.[
39mawardXP(
 [90m    |[39m     
                     
                   
[31m[1m^[22m[39m
 [90m 33 |[39m     
  validatedData[33m.
[39muserId[33m,[39
m
 [90m 34 |[39m     
  validatedData[33m.
[39mamount[33m,[39
m
 [90m 35 |[39m     
  validatedData[33m.
[39mreason[0m
Next.js build worker 
exited with code: 1 
and signal: null
