
[1m[46m RUN [49m[22m [36mv4.0.18 [39m[90m/Users/rishipandey/VELONX[39m

 [31m❯[39m src/components/events/__tests__/EventsGrid.test.tsx [2m([22m[2m19 tests[22m[2m | [22m[31m2 failed[39m[2m)[22m[32m 168[2mms[22m[39m
       [32m✓[39m should render skeleton loaders when loading[32m 22[2mms[22m[39m
       [32m✓[39m should render custom skeleton count[32m 2[2mms[22m[39m
       [32m✓[39m should not render events when loading[32m 1[2mms[22m[39m
       [32m✓[39m should render all events in grid[32m 2[2mms[22m[39m
       [32m✓[39m should render events with correct titles[32m 3[2mms[22m[39m
       [32m✓[39m should have proper ARIA label[32m 94[2mms[22m[39m
       [32m✓[39m should render empty state when no events[32m 3[2mms[22m[39m
       [32m✓[39m should not render empty state when events exist[32m 3[2mms[22m[39m
       [32m✓[39m should render nothing when no events and no empty state provided[32m 2[2mms[22m[39m
[31m       [31m×[31m should apply responsive grid classes[39m[32m 6[2mms[22m[39m
[31m       [31m×[31m should apply gap between cards[39m[32m 2[2mms[22m[39m
       [32m✓[39m should apply fade-in animation to cards[32m 2[2mms[22m[39m
       [32m✓[39m should apply stagger animation classes[32m 13[2mms[22m[39m
       [32m✓[39m should apply transition classes for smooth updates[32m 1[2mms[22m[39m
       [32m✓[39m should apply custom className[32m 5[2mms[22m[39m
       [32m✓[39m should pass callbacks to EventCard components[32m 1[2mms[22m[39m
       [32m✓[39m should handle null events array[32m 0[2mms[22m[39m
       [32m✓[39m should handle undefined events array[32m 0[2mms[22m[39m
       [32m✓[39m should handle large number of events with stagger fallback[32m 3[2mms[22m[39m
 [31m❯[39m src/components/events/__tests__/EventCardSkeleton.test.tsx [2m([22m[2m18 tests[22m[2m | [22m[31m9 failed[39m[2m)[22m[32m 205[2mms[22m[39m
       [32m✓[39m renders without crashing[32m 25[2mms[22m[39m
       [32m✓[39m has aria-hidden attribute[32m 3[2mms[22m[39m
       [32m✓[39m applies custom className[32m 2[2mms[22m[39m
[31m       [31m×[31m has skeleton-shimmer class for animation[39m[32m 8[2mms[22m[39m
[31m       [31m×[31m matches EventCard structure with gradient header[39m[32m 5[2mms[22m[39m
[31m       [31m×[31m has correct card styling matching EventCard[39m[32m 1[2mms[22m[39m
       [32m✓[39m renders default count of 6 skeletons[32m 7[2mms[22m[39m
       [32m✓[39m renders custom count of skeletons[32m 2[2mms[22m[39m
       [32m✓[39m has proper accessibility attributes[32m 117[2mms[22m[39m
       [32m✓[39m has screen reader text[32m 8[2mms[22m[39m
[31m       [31m×[31m applies grid layout[39m[32m 6[2mms[22m[39m
       [32m✓[39m applies custom className[32m 10[2mms[22m[39m
[31m       [31m×[31m renders correct number of skeleton cards[39m[32m 2[2mms[22m[39m
[31m       [31m×[31m has header section with badges[39m[32m 1[2mms[22m[39m
[31m       [31m×[31m has content section with title and description[39m[32m 2[2mms[22m[39m
[31m       [31m×[31m has footer section with action buttons[39m[32m 1[2mms[22m[39m
       [32m✓[39m has attendee progress bar placeholder[32m 1[2mms[22m[39m
[31m       [31m×[31m maintains responsive grid classes[39m[32m 2[2mms[22m[39m
 [31m❯[39m src/components/resources/__tests__/ResourceCard.test.tsx [2m([22m[2m9 tests[22m[2m | [22m[31m7 failed[39m[2m)[22m[32m 94[2mms[22m[39m
[31m     [31m×[31m renders resource with all fields[39m[32m 47[2mms[22m[39m
[31m     [31m×[31m renders with missing imageUrl and uses placeholder[39m[32m 3[2mms[22m[39m
     [32m✓[39m truncates long descriptions[32m 7[2mms[22m[39m
[31m     [31m×[31m calls trackResourceVisit and opens URL when clicked[39m[32m 3[2mms[22m[39m
[31m     [31m×[31m opens URL even if visit tracking fails[39m[32m 4[2mms[22m[39m
[31m     [31m×[31m formats access count correctly[39m[32m 2[2mms[22m[39m
     [32m✓[39m displays correct type badge and icon[32m 23[2mms[22m[39m
[31m     [31m×[31m is keyboard accessible[39m[32m 2[2mms[22m[39m
[31m     [31m×[31m has proper ARIA labels[39m[32m 2[2mms[22m[39m
 [31m❯[39m src/components/resources/__tests__/ResponsiveLayout.test.tsx [2m([22m[2m8 tests[22m[2m | [22m[31m3 failed[39m[2m)[22m[32m 78[2mms[22m[39m
[31m       [31m×[31m should have correct grid classes for responsive layout[39m[32m 25[2mms[22m[39m
       [32m✓[39m should render resources in grid layout[32m 25[2mms[22m[39m
[31m       [31m×[31m should have appropriate gap spacing for touch targets[39m[32m 8[2mms[22m[39m
       [32m✓[39m should render cards with full width in their grid cells[32m 3[2mms[22m[39m
       [32m✓[39m should maintain responsive grid during loading state[32m 10[2mms[22m[39m
       [32m✓[39m should maintain layout with error state[32m 2[2mms[22m[39m
       [32m✓[39m should maintain layout with empty state[32m 2[2mms[22m[39m
[31m       [31m×[31m should document correct breakpoint behavior[39m[32m 2[2mms[22m[39m
 [31m❯[39m src/__tests__/components/EventCard.registration-closed.test.tsx [2m([22m[2m18 tests[22m[2m | [22m[31m10 failed[39m[2m)[22m[33m 371[2mms[22m[39m
[31m     [31m×[31m should display "Full" badge when event is at capacity[39m[32m 63[2mms[22m[39m
     [32m✓[39m should display "Closed" badge when registration deadline has passed[32m 4[2mms[22m[39m
[31m     [31m×[31m should display "Closed" badge when manually closed[39m[32m 14[2mms[22m[39m
     [32m✓[39m should not display closed badge when registration is open[32m 13[2mms[22m[39m
[31m     [31m×[31m should disable button when registration is closed due to capacity[39m[32m 123[2mms[22m[39m
[31m     [31m×[31m should disable button when registration deadline has passed[39m[32m 18[2mms[22m[39m
[31m     [31m×[31m should disable button when manually closed[39m[32m 34[2mms[22m[39m
     [32m✓[39m should show "Register Now" button when registration is open[32m 28[2mms[22m[39m
     [32m✓[39m should show "Registered" button when user is registered[32m 29[2mms[22m[39m
     [32m✓[39m should include registration status in card aria-label[32m 14[2mms[22m[39m
     [32m✓[39m should have hidden status description for screen readers[32m 3[2mms[22m[39m
     [32m✓[39m should announce open registration status to screen readers[32m 2[2mms[22m[39m
[31m     [31m×[31m should include closure reason in badge aria-label[39m[32m 8[2mms[22m[39m
[31m     [31m×[31m should apply different styles for capacity closure[39m[32m 8[2mms[22m[39m
[31m     [31m×[31m should apply different styles for deadline closure[39m[32m 4[2mms[22m[39m
[31m     [31m×[31m should apply different styles for manual closure[39m[32m 2[2mms[22m[39m
[31m     [31m×[31m should reduce opacity when registration is closed[39m[32m 1[2mms[22m[39m
     [32m✓[39m should not reduce opacity when registration is open[32m 1[2mms[22m[39m
 [31m❯[39m src/components/resources/__tests__/ResourcesGrid.test.tsx [2m([22m[2m22 tests[22m[2m | [22m[31m1 failed[39m[2m)[22m[33m 364[2mms[22m[39m
     [32m✓[39m renders default number of skeleton cards[32m 53[2mms[22m[39m
     [32m✓[39m renders custom number of skeleton cards[32m 9[2mms[22m[39m
     [32m✓[39m has proper accessibility attributes[32m 115[2mms[22m[39m
     [32m✓[39m renders error message[32m 3[2mms[22m[39m
     [32m✓[39m renders retry button when onRetry provided[32m 38[2mms[22m[39m
     [32m✓[39m calls onRetry when retry button clicked[32m 47[2mms[22m[39m
     [32m✓[39m displays network error type correctly[32m 3[2mms[22m[39m
     [32m✓[39m displays server error type correctly[32m 3[2mms[22m[39m
     [32m✓[39m has proper accessibility attributes[32m 15[2mms[22m[39m
     [32m✓[39m renders filtered empty state[32m 3[2mms[22m[39m
     [32m✓[39m renders unfiltered empty state[32m 1[2mms[22m[39m
     [32m✓[39m shows clear filters button when filters active[32m 5[2mms[22m[39m
     [32m✓[39m does not show clear filters button when no filters active[32m 3[2mms[22m[39m
     [32m✓[39m calls onClearFilters when button clicked[32m 7[2mms[22m[39m
     [32m✓[39m renders loading state when loading[32m 33[2mms[22m[39m
     [32m✓[39m renders error state when error exists[32m 13[2mms[22m[39m
     [32m✓[39m renders empty state when no resources[32m 1[2mms[22m[39m
     [32m✓[39m renders resource cards when resources available[32m 1[2mms[22m[39m
     [32m✓[39m shows refetching indicator when refetching[32m 1[2mms[22m[39m
     [32m✓[39m announces resource count to screen readers[32m 1[2mms[22m[39m
     [32m✓[39m announces single resource correctly[32m 1[2mms[22m[39m
[31m     [31m×[31m has proper grid layout classes[39m[32m 5[2mms[22m[39m
 [31m❯[39m src/components/events/__tests__/EventCard.test.tsx [2m([22m[2m29 tests[22m[2m | [22m[31m15 failed[39m[2m)[22m[33m 453[2mms[22m[39m
       [32m✓[39m should render event title[32m 58[2mms[22m[39m
       [32m✓[39m should render event description[32m 4[2mms[22m[39m
       [32m✓[39m should render event type badge[32m 3[2mms[22m[39m
       [32m✓[39m should display formatted date[32m 11[2mms[22m[39m
[31m       [31m×[31m should display formatted time[39m[32m 19[2mms[22m[39m
[31m       [31m×[31m should display duration when endDate is provided[39m[32m 3[2mms[22m[39m
       [32m✓[39m should not display duration when endDate is null[32m 9[2mms[22m[39m
[31m       [31m×[31m should display Google Meet platform[39m[32m 2[2mms[22m[39m
[31m       [31m×[31m should display Zoom platform[39m[32m 10[2mms[22m[39m
[31m       [31m×[31m should display physical location[39m[32m 10[2mms[22m[39m
       [32m✓[39m should not display platform when location is null[32m 8[2mms[22m[39m
[31m       [31m×[31m should display creator name as tag[39m[32m 6[2mms[22m[39m
       [32m✓[39m should display event status[32m 16[2mms[22m[39m
[31m       [31m×[31m should display "New" badge for events created within 7 days[39m[32m 6[2mms[22m[39m
       [32m✓[39m should not display "New" badge for events older than 7 days[32m 10[2mms[22m[39m
[31m       [31m×[31m should display "Starting Soon" badge for events within 24 hours[39m[32m 12[2mms[22m[39m
[31m       [31m×[31m should display "Almost Full" badge when 80% or more seats taken[39m[32m 2[2mms[22m[39m
       [32m✓[39m should not display "Almost Full" when event is full[32m 2[2mms[22m[39m
[31m       [31m×[31m should display attendee count[39m[32m 2[2mms[22m[39m
[31m       [31m×[31m should display correct progress bar width[39m[32m 8[2mms[22m[39m
[31m       [31m×[31m should handle zero attendees[39m[32m 2[2mms[22m[39m
[31m       [31m×[31m should render View Details link with correct href[39m[32m 209[2mms[22m[39m
       [32m✓[39m should render Register button when not registered[32m 4[2mms[22m[39m
       [32m✓[39m should call onRegister when Register button clicked[32m 6[2mms[22m[39m
       [32m✓[39m should render Registered button when user is registered[32m 13[2mms[22m[39m
       [32m✓[39m should call onUnregister when Registered button clicked[32m 5[2mms[22m[39m
[31m       [31m×[31m should disable Register button when event is full[39m[32m 2[2mms[22m[39m
[31m       [31m×[31m should apply hover classes[39m[32m 5[2mms[22m[39m
       [32m✓[39m should apply custom className[32m 4[2mms[22m[39m
[90mstdout[2m | src/lib/hooks/__tests__/useResources.test.tsx[2m > [22m[2museResources[2m > [22m[2mshould retry after error
[22m[39m[useResources] Retrying in 1000ms (attempt 1/3)

[90mstdout[2m | src/__tests__/dashboard/student-dashboard-mobile-responsive.bugfix.property.test.tsx[2m > [22m[2mStudent Dashboard Mobile Responsiveness - Bug Condition Exploration[2m > [22m[2mProperty 1: Fault Condition - Mobile Layout Breakage[2m > [22m[2mshould have responsive layout on mobile viewports (EXPECTED TO FAIL ON UNFIXED CODE)
[22m[39m
=== Testing viewport width: 414px ===
Left sidebar classes: card-glass-redesign dashboard-sidebar-card hidden md:flex rounded-2xl
Right sidebar classes: 

[90mstdout[2m | src/__tests__/dashboard/student-dashboard-mobile-responsive.preservation.property.test.tsx[2m > [22m[2mStudent Dashboard Mobile Responsiveness - Preservation Property[2m > [22m[2mProperty 2: Preservation - Desktop Layout Unchanged[2m > [22m[2mshould preserve three-column layout on desktop viewports (EXPECTED TO PASS ON UNFIXED CODE)
[22m[39m
=== Observing viewport width: 2555px ===

[90mstdout[2m | src/__tests__/dashboard/student-dashboard-mobile-responsive.preservation.property.test.tsx[2m > [22m[2mStudent Dashboard Mobile Responsiveness - Preservation Property[2m > [22m[2mProperty 2: Preservation - Desktop Layout Unchanged[2m > [22m[2mshould preserve three-column layout on desktop viewports (EXPECTED TO PASS ON UNFIXED CODE)
[22m[39m
=== Observing viewport width: 768px ===

[90mstdout[2m | src/__tests__/dashboard/student-dashboard-mobile-responsive.preservation.property.test.tsx[2m > [22m[2mStudent Dashboard Mobile Responsiveness - Preservation Property[2m > [22m[2mProperty 2: Preservation - Desktop Layout Unchanged[2m > [22m[2mshould preserve layout at 768px (desktop breakpoint)
[22m[39m
=== Observation: Desktop Breakpoint (768px) ===

[90mstdout[2m | src/__tests__/dashboard/student-dashboard-mobile-responsive.preservation.property.test.tsx[2m > [22m[2mStudent Dashboard Mobile Responsiveness - Preservation Property[2m > [22m[2mProperty 2: Preservation - Desktop Layout Unchanged[2m > [22m[2mshould preserve layout at 1024px (standard laptop)
[22m[39m
=== Observation: Standard Laptop (1024px) ===

[90mstdout[2m | src/__tests__/dashboard/student-dashboard-mobile-responsive.preservation.property.test.tsx[2m > [22m[2mStudent Dashboard Mobile Responsiveness - Preservation Property[2m > [22m[2mProperty 2: Preservation - Desktop Layout Unchanged[2m > [22m[2mshould preserve layout at 1440px (large desktop)
[22m[39m
=== Observation: Large Desktop (1440px) ===

[90mstdout[2m | src/__tests__/dashboard/student-dashboard-mobile-responsive.bugfix.property.test.tsx[2m > [22m[2mStudent Dashboard Mobile Responsiveness - Bug Condition Exploration[2m > [22m[2mProperty 1: Fault Condition - Mobile Layout Breakage[2m > [22m[2mshould handle iPhone SE viewport (375px)
[22m[39m
=== Counterexample: iPhone SE (375px) ===
Left sidebar classes: card-glass-redesign dashboard-sidebar-card hidden md:flex rounded-2xl
Right sidebar classes: 
Expected: Both sidebars should have 'hidden md:block' classes
Actual on unfixed code: Sidebars visible without responsive modifiers

[90mstdout[2m | src/__tests__/dashboard/student-dashboard-mobile-responsive.bugfix.property.test.tsx[2m > [22m[2mStudent Dashboard Mobile Responsiveness - Bug Condition Exploration[2m > [22m[2mProperty 1: Fault Condition - Mobile Layout Breakage[2m > [22m[2mshould handle standard mobile viewport (414px)
[22m[39m
=== Counterexample: Standard Mobile (414px) ===
Left sidebar: card-glass-redesign dashboard-sidebar-card hidden md:flex rounded-2xl
Right sidebar: 
Main content: 

[90mstdout[2m | src/__tests__/dashboard/student-dashboard-mobile-responsive.bugfix.property.test.tsx[2m > [22m[2mStudent Dashboard Mobile Responsiveness - Bug Condition Exploration[2m > [22m[2mProperty 1: Fault Condition - Mobile Layout Breakage[2m > [22m[2mshould handle small tablet viewport (600px)
[22m[39m
=== Counterexample: Small Tablet (600px) ===
Left sidebar: card-glass-redesign dashboard-sidebar-card hidden md:flex rounded-2xl
Right sidebar: 
Main content: 

[90mstdout[2m | src/__tests__/dashboard/student-dashboard-mobile-responsive.bugfix.property.test.tsx[2m > [22m[2mStudent Dashboard Mobile Responsiveness - Bug Condition Exploration[2m > [22m[2mProperty 1: Fault Condition - Mobile Layout Breakage[2m > [22m[2mshould handle breakpoint edge viewport (767px)
[22m[39m
=== Counterexample: Breakpoint Edge (767px) ===
Left sidebar: card-glass-redesign dashboard-sidebar-card hidden md:flex rounded-2xl
Right sidebar: 
Main content: 
Note: At 767px (just below md:768px breakpoint), layout should still be mobile

[90mstdout[2m | src/__tests__/dashboard/student-dashboard-mobile-responsive.bugfix.property.test.tsx[2m > [22m[2mStudent Dashboard Mobile Responsiveness - Bug Condition Exploration[2m > [22m[2mLayout Overflow Detection[2m > [22m[2mshould document overflow issue on unfixed code at 375px
[22m[39m
=== Overflow Analysis at 375px ===
Viewport width: 375px
Left sidebar width: 320px (w-80)
Right sidebar width: 384px (w-96)
Main content left margin: 320px (ml-80)
Main content right margin: 384px (mr-96)
Total required width: 320 + 384 = 704px
Overflow: 704px - 375px = 329px of content pushed off-screen
Result: Horizontal scrollbar and inaccessible content

 [31m❯[39m src/__tests__/dashboard/student-dashboard-mobile-responsive.bugfix.property.test.tsx [2m([22m[2m6 tests[22m[2m | [22m[31m6 failed[39m[2m)[22m[33m 362[2mms[22m[39m
[31m       [31m×[31m should have responsive layout on mobile viewports (EXPECTED TO FAIL ON UNFIXED CODE)[39m[32m 160[2mms[22m[39m
[31m       [31m×[31m should handle iPhone SE viewport (375px)[39m[32m 62[2mms[22m[39m
[31m       [31m×[31m should handle standard mobile viewport (414px)[39m[32m 38[2mms[22m[39m
[31m       [31m×[31m should handle small tablet viewport (600px)[39m[32m 46[2mms[22m[39m
[31m       [31m×[31m should handle breakpoint edge viewport (767px)[39m[32m 32[2mms[22m[39m
[31m       [31m×[31m should document overflow issue on unfixed code at 375px[39m[32m 22[2mms[22m[39m
[90mstdout[2m | src/__tests__/dashboard/student-dashboard-mobile-responsive.preservation.property.test.tsx[2m > [22m[2mStudent Dashboard Mobile Responsiveness - Preservation Property[2m > [22m[2mProperty 2: Preservation - Desktop Layout Unchanged[2m > [22m[2mshould preserve layout at 1920px+ (ultra-wide)
[22m[39m
=== Observation: Ultra-wide (1920px) ===

[90mstdout[2m | src/__tests__/dashboard/student-dashboard-mobile-responsive.preservation.property.test.tsx[2m > [22m[2mStudent Dashboard Mobile Responsiveness - Preservation Property[2m > [22m[2mFunctional Preservation[2m > [22m[2mshould preserve all dashboard sections on desktop
[22m[39m
=== Functional Preservation Check ===

[90mstdout[2m | src/__tests__/dashboard/student-dashboard-mobile-responsive.preservation.property.test.tsx[2m > [22m[2mStudent Dashboard Mobile Responsiveness - Preservation Property[2m > [22m[2mFunctional Preservation[2m > [22m[2mshould preserve navigation functionality on desktop
[22m[39m
=== Navigation Preservation Check ===

[90mstdout[2m | src/__tests__/dashboard/student-dashboard-mobile-responsive.preservation.property.test.tsx[2m > [22m[2mStudent Dashboard Mobile Responsiveness - Preservation Property[2m > [22m[2mBreakpoint Boundary Behavior[2m > [22m[2mshould show desktop layout at exactly 768px
[22m[39m
=== Breakpoint Boundary: 768px ===

[90mstdout[2m | src/__tests__/dashboard/student-dashboard-mobile-responsive.preservation.property.test.tsx[2m > [22m[2mStudent Dashboard Mobile Responsiveness - Preservation Property[2m > [22m[2mBreakpoint Boundary Behavior[2m > [22m[2mshould show mobile layout at 767px (just below breakpoint)
[22m[39m
=== Breakpoint Boundary: 767px ===
Note: At 767px, this is below the md:768px breakpoint
Expected after fix: Sidebars hidden, mobile layout active
Current on unfixed code: Desktop layout still showing (causing overflow)

 [31m❯[39m src/__tests__/dashboard/student-dashboard-mobile-responsive.preservation.property.test.tsx [2m([22m[2m9 tests[22m[2m | [22m[31m9 failed[39m[2m)[22m[33m 478[2mms[22m[39m
[31m       [31m×[31m should preserve three-column layout on desktop viewports (EXPECTED TO PASS ON UNFIXED CODE)[39m[32m 229[2mms[22m[39m
[31m       [31m×[31m should preserve layout at 768px (desktop breakpoint)[39m[32m 62[2mms[22m[39m
[31m       [31m×[31m should preserve layout at 1024px (standard laptop)[39m[32m 37[2mms[22m[39m
[31m       [31m×[31m should preserve layout at 1440px (large desktop)[39m[32m 23[2mms[22m[39m
[31m       [31m×[31m should preserve layout at 1920px+ (ultra-wide)[39m[32m 33[2mms[22m[39m
[31m       [31m×[31m should preserve all dashboard sections on desktop[39m[32m 23[2mms[22m[39m
[31m       [31m×[31m should preserve navigation functionality on desktop[39m[32m 18[2mms[22m[39m
[31m       [31m×[31m should show desktop layout at exactly 768px[39m[32m 32[2mms[22m[39m
[31m       [31m×[31m should show mobile layout at 767px (just below breakpoint)[39m[32m 20[2mms[22m[39m
 [32m✓[39m src/components/events/__tests__/CalendarExportMenu.test.tsx [2m([22m[2m14 tests[22m[2m)[22m[33m 785[2mms[22m[39m
 [32m✓[39m src/components/events/__tests__/EventCalendar.test.tsx [2m([22m[2m21 tests[22m[2m)[22m[33m 787[2mms[22m[39m
[90mstdout[2m | src/lib/hooks/__tests__/useResources.test.tsx[2m > [22m[2museResources[2m > [22m[2mshould preserve filter state during retry
[22m[39m[useResources] Retrying in 1000ms (attempt 1/3)

 [32m✓[39m src/components/projects/__tests__/EditProjectModal.test.tsx [2m([22m[2m19 tests[22m[2m)[22m[33m 1511[2mms[22m[39m
 [32m✓[39m src/components/events/__tests__/EventDetailsModal.test.tsx [2m([22m[2m42 tests[22m[2m)[22m[33m 1350[2mms[22m[39m
 [32m✓[39m src/components/events/__tests__/EventsFilterDrawer.test.tsx [2m([22m[2m25 tests[22m[2m)[22m[33m 1263[2mms[22m[39m
 [32m✓[39m src/components/events/__tests__/EventsPagination.test.tsx [2m([22m[2m39 tests[22m[2m)[22m[33m 713[2mms[22m[39m
 [32m✓[39m src/components/resources/__tests__/FilterPanel.test.tsx [2m([22m[2m15 tests[22m[2m)[22m[33m 879[2mms[22m[39m
 [32m✓[39m src/lib/hooks/__tests__/useResources.test.tsx [2m([22m[2m7 tests[22m[2m)[22m[33m 2337[2mms[22m[39m
     [33m[2m✓[22m[39m should retry after error [33m 1092[2mms[22m[39m
     [33m[2m✓[22m[39m should preserve filter state during retry [33m 1057[2mms[22m[39m
 [32m✓[39m src/components/events/__tests__/screen-reader-support.test.tsx [2m([22m[2m19 tests[22m[2m)[22m[33m 596[2mms[22m[39m
 [32m✓[39m src/components/projects/__tests__/ProjectModal.test.tsx [2m([22m[2m15 tests[22m[2m)[22m[33m 702[2mms[22m[39m
 [32m✓[39m src/components/events/__tests__/UnregisterConfirmDialog.test.tsx [2m([22m[2m15 tests[22m[2m)[22m[33m 567[2mms[22m[39m
 [32m✓[39m src/components/events/__tests__/RegistrationConfirmDialog.test.tsx [2m([22m[2m15 tests[22m[2m)[22m[33m 591[2mms[22m[39m
 [32m✓[39m src/components/events/__tests__/EventsFilterPanel.test.tsx [2m([22m[2m21 tests[22m[2m)[22m[33m 562[2mms[22m[39m
 [32m✓[39m src/components/resources/__tests__/Pagination.test.tsx [2m([22m[2m26 tests[22m[2m)[22m[33m 498[2mms[22m[39m
 [32m✓[39m src/components/events/__tests__/ActiveFiltersDisplay.test.tsx [2m([22m[2m29 tests[22m[2m)[22m[33m 531[2mms[22m[39m
 [32m✓[39m src/__tests__/components/signup-referral.test.tsx [2m([22m[2m6 tests[22m[2m)[22m[33m 407[2mms[22m[39m
 [32m✓[39m src/components/events/__tests__/aria-labels.test.tsx [2m([22m[2m18 tests[22m[2m)[22m[33m 509[2mms[22m[39m
[90mstdout[2m | src/__tests__/integration/auth.integration.test.ts[2m > [22m[2mAuthentication Endpoints Integration Tests[2m > [22m[2mPOST /api/auth/signup[2m > [22m[2mshould successfully register a new student user
[22m[39mReferral code generated successfully { attempt: [33m1[39m, collisions: [33m0[39m, timestamp: [32m'2026-06-02T20:15:29.026Z'[39m }

[90mstdout[2m | src/__tests__/integration/auth.integration.test.ts[2m > [22m[2mAuthentication Endpoints Integration Tests[2m > [22m[2mPOST /api/auth/signup[2m > [22m[2mshould successfully register a new admin user
[22m[39mReferral code generated successfully { attempt: [33m1[39m, collisions: [33m0[39m, timestamp: [32m'2026-06-02T20:15:29.113Z'[39m }

[90mstdout[2m | src/__tests__/integration/auth.integration.test.ts[2m > [22m[2mAuthentication Endpoints Integration Tests[2m > [22m[2mPOST /api/auth/signup[2m > [22m[2mshould default to STUDENT role when role is not provided
[22m[39mReferral code generated successfully { attempt: [33m1[39m, collisions: [33m0[39m, timestamp: [32m'2026-06-02T20:15:29.227Z'[39m }

 [32m✓[39m src/components/events/__tests__/color-contrast.test.tsx [2m([22m[2m17 tests[22m[2m)[22m[33m 430[2mms[22m[39m
 [32m✓[39m src/components/projects/__tests__/SearchBar.test.tsx [2m([22m[2m30 tests[22m[2m)[22m[33m 388[2mms[22m[39m
[90mstdout[2m | src/__tests__/integration/auth.integration.test.ts[2m > [22m[2mAuthentication Endpoints Integration Tests[2m > [22m[2mCSRF Protection[2m > [22m[2mshould accept requests with valid content-type
[22m[39mReferral code generated successfully { attempt: [33m1[39m, collisions: [33m0[39m, timestamp: [32m'2026-06-02T20:15:29.327Z'[39m }

 [32m✓[39m src/__tests__/integration/auth.integration.test.ts [2m([22m[2m7 tests[22m[2m)[22m[33m 388[2mms[22m[39m
 [32m✓[39m src/components/projects/__tests__/EmptyState.test.tsx [2m([22m[2m37 tests[22m[2m)[22m[33m 342[2mms[22m[39m
 [32m✓[39m src/components/projects/__tests__/SortControl.test.tsx [2m([22m[2m10 tests[22m[2m)[22m[33m 360[2mms[22m[39m
 [32m✓[39m src/components/resources/__tests__/CategoryFilter.test.tsx [2m([22m[2m5 tests[22m[2m)[22m[33m 317[2mms[22m[39m
 [32m✓[39m src/components/events/__tests__/EventsToolbar.test.tsx [2m([22m[2m13 tests[22m[2m)[22m[33m 371[2mms[22m[39m
 [32m✓[39m src/components/projects/__tests__/ProjectCard.test.tsx [2m([22m[2m7 tests[22m[2m)[22m[33m 304[2mms[22m[39m
 [32m✓[39m src/components/resources/__tests__/ActiveFiltersDisplay.test.tsx [2m([22m[2m8 tests[22m[2m)[22m[32m 278[2mms[22m[39m
 [32m✓[39m src/components/events/__tests__/EventAnalytics.test.tsx [2m([22m[2m14 tests[22m[2m)[22m[32m 258[2mms[22m[39m
 [32m✓[39m src/components/resources/__tests__/TypeFilter.test.tsx [2m([22m[2m5 tests[22m[2m)[22m[32m 267[2mms[22m[39m
 [32m✓[39m src/lib/hooks/__tests__/useResources-integration.test.tsx [2m([22m[2m2 tests[22m[2m)[22m[32m 198[2mms[22m[39m
[90mstdout[2m | src/__tests__/services/referral.service.test.ts[2m > [22m[2mReferral Service[2m > [22m[2mgenerateReferralCode[2m > [22m[2mshould generate an 8-character alphanumeric code
[22m[39mReferral code generated successfully { attempt: [33m1[39m, collisions: [33m0[39m, timestamp: [32m'2026-06-02T20:15:30.482Z'[39m }

 [32m✓[39m src/components/projects/__tests__/FilterPanel.test.tsx [2m([22m[2m5 tests[22m[2m)[22m[32m 268[2mms[22m[39m
 [32m✓[39m src/components/projects/__tests__/TeamAvatarGroup.test.tsx [2m([22m[2m33 tests[22m[2m)[22m[32m 153[2mms[22m[39m
[90mstdout[2m | src/__tests__/services/referral.service.test.ts[2m > [22m[2mReferral Service[2m > [22m[2mgenerateReferralCode[2m > [22m[2mshould retry on collision and generate unique code
[22m[39mReferral code generated successfully { attempt: [33m2[39m, collisions: [33m1[39m, timestamp: [32m'2026-06-02T20:15:30.586Z'[39m }

[90mstdout[2m | src/__tests__/services/referral.service.test.ts[2m > [22m[2mReferral Service[2m > [22m[2mcreateReferralRelationship[2m > [22m[2mshould create relationship and award XP
[22m[39mReferral relationship created {
  relationshipId: [32m'rel-789'[39m,
  referrerId: [32m'referrer-123'[39m,
  refereeId: [32m'referee-456'[39m,
  refereeName: [32m'John Doe'[39m,
  timestamp: [32m'2026-06-02T20:15:30.593Z'[39m
}

[90mstdout[2m | src/__tests__/services/referral.service.test.ts[2m > [22m[2mReferral Service[2m > [22m[2mcreateReferralRelationship[2m > [22m[2mshould create relationship and award XP
[22m[39mReferral signup XP awarded {
  referrerId: [32m'referrer-123'[39m,
  refereeId: [32m'referee-456'[39m,
  xpAmount: [33m25[39m,
  milestone: [32m'signup'[39m,
  timestamp: [32m'2026-06-02T20:15:30.593Z'[39m
}

[90mstdout[2m | src/__tests__/services/referral.service.test.ts[2m > [22m[2mReferral Service[2m > [22m[2mcreateReferralRelationship[2m > [22m[2mshould prevent self-referral
[22m[39mSelf-referral attempt blocked

[90mstdout[2m | src/__tests__/services/referral.service.test.ts[2m > [22m[2mReferral Service[2m > [22m[2mcreateReferralRelationship[2m > [22m[2mshould prevent duplicate referral relationships
[22m[39mReferee already has a referrer

[90mstdout[2m | src/__tests__/services/referral.service.test.ts[2m > [22m[2mReferral Service[2m > [22m[2mcreateReferralRelationship[2m > [22m[2mshould handle XP award failure gracefully
[22m[39mReferral relationship created {
  relationshipId: [32m'rel-789'[39m,
  referrerId: [32m'referrer-123'[39m,
  refereeId: [32m'referee-456'[39m,
  refereeName: [32m'John Doe'[39m,
  timestamp: [32m'2026-06-02T20:15:30.600Z'[39m
}

[90mstdout[2m | src/__tests__/services/referral.service.test.ts[2m > [22m[2mReferral Service[2m > [22m[2mcheckAndAwardProfileCompletion[2m > [22m[2mshould award XP when profile is complete and milestone not yet awarded
[22m[39mReferral profile completion XP awarded {
  referrerId: [32m'referrer-456'[39m,
  refereeId: [32m'user-123'[39m,
  xpAmount: [33m50[39m,
  milestone: [32m'profile_completion'[39m,
  timestamp: [32m'2026-06-02T20:15:30.601Z'[39m
}

[90mstdout[2m | src/__tests__/services/referral.service.test.ts[2m > [22m[2mReferral Service[2m > [22m[2mcheckAndAwardProfileCompletion[2m > [22m[2mshould award XP when profile is complete and milestone not yet awarded
[22m[39mProfile completion milestone completed {
  relationshipId: [32m'rel-789'[39m,
  referrerId: [32m'referrer-456'[39m,
  refereeId: [32m'user-123'[39m,
  timestamp: [32m'2026-06-02T20:15:30.602Z'[39m
}

[90mstdout[2m | src/__tests__/services/referral.service.test.ts[2m > [22m[2mReferral Service[2m > [22m[2mcheckAndAwardProfileCompletion[2m > [22m[2mshould not award XP if milestone already completed (idempotence)
[22m[39mProfile completion milestone already awarded for user: user-123

[90mstdout[2m | src/__tests__/services/referral.service.test.ts[2m > [22m[2mReferral Service[2m > [22m[2mcheckAndAwardProfileCompletion[2m > [22m[2mshould mark milestone complete even if XP award fails
[22m[39mProfile completion milestone completed {
  relationshipId: [32m'rel-789'[39m,
  referrerId: [32m'referrer-456'[39m,
  refereeId: [32m'user-123'[39m,
  timestamp: [32m'2026-06-02T20:15:30.604Z'[39m
}

[90mstdout[2m | src/__tests__/services/referral.service.test.ts[2m > [22m[2mReferral Service[2m > [22m[2mcheckAndAwardFirstActivity[2m > [22m[2mshould award XP for valid first activity
[22m[39mReferral first activity XP awarded {
  referrerId: [32m'referrer-456'[39m,
  refereeId: [32m'user-123'[39m,
  xpAmount: [33m75[39m,
  milestone: [32m'first_activity'[39m,
  activityType: [32m'event_registration'[39m,
  timestamp: [32m'2026-06-02T20:15:30.605Z'[39m
}

[90mstdout[2m | src/__tests__/services/referral.service.test.ts[2m > [22m[2mReferral Service[2m > [22m[2mcheckAndAwardFirstActivity[2m > [22m[2mshould award XP for valid first activity
[22m[39mFirst activity milestone completed {
  relationshipId: [32m'rel-789'[39m,
  referrerId: [32m'referrer-456'[39m,
  refereeId: [32m'user-123'[39m,
  activityType: [32m'event_registration'[39m,
  timestamp: [32m'2026-06-02T20:15:30.606Z'[39m
}

[90mstdout[2m | src/__tests__/services/referral.service.test.ts[2m > [22m[2mReferral Service[2m > [22m[2mcheckAndAwardFirstActivity[2m > [22m[2mshould handle all valid activity types
[22m[39mReferral first activity XP awarded {
  referrerId: [32m'referrer-456'[39m,
  refereeId: [32m'user-123'[39m,
  xpAmount: [33m75[39m,
  milestone: [32m'first_activity'[39m,
  activityType: [32m'event_registration'[39m,
  timestamp: [32m'2026-06-02T20:15:30.607Z'[39m
}

[90mstdout[2m | src/__tests__/services/referral.service.test.ts[2m > [22m[2mReferral Service[2m > [22m[2mcheckAndAwardFirstActivity[2m > [22m[2mshould handle all valid activity types
[22m[39mFirst activity milestone completed {
  relationshipId: [32m'rel-789'[39m,
  referrerId: [32m'referrer-456'[39m,
  refereeId: [32m'user-123'[39m,
  activityType: [32m'event_registration'[39m,
  timestamp: [32m'2026-06-02T20:15:30.607Z'[39m
}

[90mstdout[2m | src/__tests__/services/referral.service.test.ts[2m > [22m[2mReferral Service[2m > [22m[2mcheckAndAwardFirstActivity[2m > [22m[2mshould handle all valid activity types
[22m[39mReferral first activity XP awarded {
  referrerId: [32m'referrer-456'[39m,
  refereeId: [32m'user-123'[39m,
  xpAmount: [33m75[39m,
  milestone: [32m'first_activity'[39m,
  activityType: [32m'project_completion'[39m,
  timestamp: [32m'2026-06-02T20:15:30.608Z'[39m
}

[90mstdout[2m | src/__tests__/services/referral.service.test.ts[2m > [22m[2mReferral Service[2m > [22m[2mcheckAndAwardFirstActivity[2m > [22m[2mshould handle all valid activity types
[22m[39mFirst activity milestone completed {
  relationshipId: [32m'rel-789'[39m,
  referrerId: [32m'referrer-456'[39m,
  refereeId: [32m'user-123'[39m,
  activityType: [32m'project_completion'[39m,
  timestamp: [32m'2026-06-02T20:15:30.608Z'[39m
}

[90mstdout[2m | src/__tests__/services/referral.service.test.ts[2m > [22m[2mReferral Service[2m > [22m[2mcheckAndAwardFirstActivity[2m > [22m[2mshould handle all valid activity types
[22m[39mReferral first activity XP awarded {
  referrerId: [32m'referrer-456'[39m,
  refereeId: [32m'user-123'[39m,
  xpAmount: [33m75[39m,
  milestone: [32m'first_activity'[39m,
  activityType: [32m'mentor_session'[39m,
  timestamp: [32m'2026-06-02T20:15:30.608Z'[39m
}

[90mstdout[2m | src/__tests__/services/referral.service.test.ts[2m > [22m[2mReferral Service[2m > [22m[2mcheckAndAwardFirstActivity[2m > [22m[2mshould handle all valid activity types
[22m[39mFirst activity milestone completed {
  relationshipId: [32m'rel-789'[39m,
  referrerId: [32m'referrer-456'[39m,
  refereeId: [32m'user-123'[39m,
  activityType: [32m'mentor_session'[39m,
  timestamp: [32m'2026-06-02T20:15:30.608Z'[39m
}

[90mstdout[2m | src/__tests__/services/referral.service.test.ts[2m > [22m[2mReferral Service[2m > [22m[2mcheckAndAwardFirstActivity[2m > [22m[2mshould handle all valid activity types
[22m[39mReferral first activity XP awarded {
  referrerId: [32m'referrer-456'[39m,
  refereeId: [32m'user-123'[39m,
  xpAmount: [33m75[39m,
  milestone: [32m'first_activity'[39m,
  activityType: [32m'group_join'[39m,
  timestamp: [32m'2026-06-02T20:15:30.608Z'[39m
}

[90mstdout[2m | src/__tests__/services/referral.service.test.ts[2m > [22m[2mReferral Service[2m > [22m[2mcheckAndAwardFirstActivity[2m > [22m[2mshould handle all valid activity types
[22m[39mFirst activity milestone completed {
  relationshipId: [32m'rel-789'[39m,
  referrerId: [32m'referrer-456'[39m,
  refereeId: [32m'user-123'[39m,
  activityType: [32m'group_join'[39m,
  timestamp: [32m'2026-06-02T20:15:30.608Z'[39m
}

[90mstdout[2m | src/__tests__/services/referral.service.test.ts[2m > [22m[2mReferral Service[2m > [22m[2mcheckAndAwardFirstActivity[2m > [22m[2mshould not award XP if milestone already completed (idempotence)
[22m[39mFirst activity milestone already awarded for user: user-123

[90mstdout[2m | src/__tests__/services/referral.service.test.ts[2m > [22m[2mReferral Service[2m > [22m[2mcheckAndAwardFirstActivity[2m > [22m[2mshould mark milestone complete even if XP award fails
[22m[39mFirst activity milestone completed {
  relationshipId: [32m'rel-789'[39m,
  referrerId: [32m'referrer-456'[39m,
  refereeId: [32m'user-123'[39m,
  activityType: [32m'event_registration'[39m,
  timestamp: [32m'2026-06-02T20:15:30.609Z'[39m
}

 [32m✓[39m src/__tests__/services/referral.service.test.ts [2m([22m[2m20 tests[22m[2m)[22m[32m 129[2mms[22m[39m
 [32m✓[39m src/lib/hooks/__tests__/useCalendarExport.test.tsx [2m([22m[2m28 tests[22m[2m)[22m[32m 230[2mms[22m[39m
[90mstdout[2m | src/__tests__/services/websocket-singleton.test.ts[2m > [22m[2mWebSocket Server Singleton Pattern[2m > [22m[2mSingleton Instance Management[2m > [22m[2mshould return the same instance on multiple calls
[22m[39m[WebSocket] Initializing new server instance
[WebSocket] Server initialized
[WebSocket] Reusing existing server instance
[WebSocket] Resetting singleton instance

[90mstdout[2m | src/__tests__/services/websocket-singleton.test.ts[2m > [22m[2mWebSocket Server Singleton Pattern[2m > [22m[2mSingleton Instance Management[2m > [22m[2mshould log reuse message on subsequent calls
[22m[39m[WebSocket] Initializing new server instance
[WebSocket] Server initialized
[WebSocket] Reusing existing server instance
[WebSocket] Resetting singleton instance

[90mstdout[2m | src/__tests__/services/websocket-singleton.test.ts[2m > [22m[2mWebSocket Server Singleton Pattern[2m > [22m[2mSingleton Instance Management[2m > [22m[2mshould initialize only once per application lifecycle
[22m[39m[WebSocket] Initializing new server instance
[WebSocket] Server initialized
[WebSocket] Reusing existing server instance
[WebSocket] Reusing existing server instance
[WebSocket] Resetting singleton instance

[90mstdout[2m | src/__tests__/services/websocket-singleton.test.ts[2m > [22m[2mWebSocket Server Singleton Pattern[2m > [22m[2mSingleton Reset (Testing Utility)[2m > [22m[2mshould allow resetting singleton for testing
[22m[39m[WebSocket] Initializing new server instance
[WebSocket] Server initialized
[WebSocket] Resetting singleton instance
[WebSocket] Initializing new server instance
[WebSocket] Server initialized
[WebSocket] Resetting singleton instance

[90mstdout[2m | src/__tests__/services/websocket-singleton.test.ts[2m > [22m[2mWebSocket Server Singleton Pattern[2m > [22m[2mPerformance Benefits[2m > [22m[2mshould reduce initialization overhead on subsequent calls
[22m[39m[WebSocket] Initializing new server instance
[WebSocket] Server initialized
[WebSocket] Reusing existing server instance
[WebSocket] Resetting singleton instance

[90mstdout[2m | src/__tests__/services/websocket-singleton.test.ts[2m > [22m[2mWebSocket Server Singleton Pattern[2m > [22m[2mConnection Handling[2m > [22m[2mshould maintain single server instance across application lifecycle
[22m[39m[WebSocket] Initializing new server instance
[WebSocket] Server initialized
[WebSocket] Reusing existing server instance
[WebSocket] Reusing existing server instance
[WebSocket] Reusing existing server instance
[WebSocket] Reusing existing server instance
[WebSocket] Reusing existing server instance
[WebSocket] Reusing existing server instance
[WebSocket] Reusing existing server instance
[WebSocket] Reusing existing server instance
[WebSocket] Reusing existing server instance
[WebSocket] Resetting singleton instance

 [32m✓[39m src/__tests__/services/websocket-singleton.test.ts [2m([22m[2m6 tests[22m[2m)[22m[32m 139[2mms[22m[39m
 [32m✓[39m src/lib/hooks/__tests__/useEventSort.test.tsx [2m([22m[2m25 tests[22m[2m)[22m[32m 112[2mms[22m[39m
 [32m✓[39m src/lib/hooks/__tests__/useEventRegistration.test.tsx [2m([22m[2m20 tests[22m[2m)[22m[32m 66[2mms[22m[39m
 [32m✓[39m src/lib/hooks/__tests__/useEventSearch.test.tsx [2m([22m[2m22 tests[22m[2m)[22m[32m 50[2mms[22m[39m
 [32m✓[39m src/lib/hooks/__tests__/useEventFilters.test.tsx [2m([22m[2m35 tests[22m[2m)[22m[32m 43[2mms[22m[39m
 [32m✓[39m src/__tests__/examples/example.property.test.ts [2m([22m[2m8 tests[22m[2m)[22m[32m 47[2mms[22m[39m
 [32m✓[39m src/lib/hooks/__tests__/useKeyboardNavigation.test.tsx [2m([22m[2m19 tests[22m[2m)[22m[32m 38[2mms[22m[39m
[90mstdout[2m | src/__tests__/integration/notifications.integration.test.ts[2m > [22m[2mNotification Endpoints Integration Tests[2m > [22m[2mPOST /api/notifications[2m > [22m[2mshould validate notification type
[22m[39mContext: { endpoint: [32m'/api/notifications'[39m, method: [32m'POST'[39m, duration: [33m0[39m }
Request: {
  method: [32m'POST'[39m,
  endpoint: [32m'/api/notifications'[39m,
  ipAddress: [32m'unknown'[39m,
  userAgent: [32m'unknown'[39m
}

[90mstdout[2m | src/__tests__/integration/notifications.integration.test.ts[2m > [22m[2mNotification Endpoints Integration Tests[2m > [22m[2mPOST /api/notifications[2m > [22m[2mshould accept valid notification types
[22m[39mContext: { endpoint: [32m'/api/notifications'[39m, method: [32m'POST'[39m, duration: [33m0[39m }
Request: {
  method: [32m'POST'[39m,
  endpoint: [32m'/api/notifications'[39m,
  ipAddress: [32m'unknown'[39m,
  userAgent: [32m'unknown'[39m
}

[90mstdout[2m | src/__tests__/integration/notifications.integration.test.ts[2m > [22m[2mNotification Endpoints Integration Tests[2m > [22m[2mPOST /api/notifications[2m > [22m[2mshould accept valid notification types
[22m[39mContext: { endpoint: [32m'/api/notifications'[39m, method: [32m'POST'[39m, duration: [33m0[39m }
Request: {
  method: [32m'POST'[39m,
  endpoint: [32m'/api/notifications'[39m,
  ipAddress: [32m'unknown'[39m,
  userAgent: [32m'unknown'[39m
}

[90mstdout[2m | src/__tests__/integration/notifications.integration.test.ts[2m > [22m[2mNotification Endpoints Integration Tests[2m > [22m[2mPOST /api/notifications[2m > [22m[2mshould accept valid notification types
[22m[39mContext: { endpoint: [32m'/api/notifications'[39m, method: [32m'POST'[39m, duration: [33m0[39m }
Request: {
  method: [32m'POST'[39m,
  endpoint: [32m'/api/notifications'[39m,
  ipAddress: [32m'unknown'[39m,
  userAgent: [32m'unknown'[39m
}

[90mstdout[2m | src/__tests__/integration/notifications.integration.test.ts[2m > [22m[2mNotification Endpoints Integration Tests[2m > [22m[2mPOST /api/notifications[2m > [22m[2mshould accept valid notification types
[22m[39mContext: { endpoint: [32m'/api/notifications'[39m, method: [32m'POST'[39m, duration: [33m0[39m }
Request: {
  method: [32m'POST'[39m,
  endpoint: [32m'/api/notifications'[39m,
  ipAddress: [32m'unknown'[39m,
  userAgent: [32m'unknown'[39m
}

[90mstdout[2m | src/__tests__/integration/notifications.integration.test.ts[2m > [22m[2mNotification Endpoints Integration Tests[2m > [22m[2mPOST /api/notifications[2m > [22m[2mshould accept valid notification types
[22m[39mContext: { endpoint: [32m'/api/notifications'[39m, method: [32m'POST'[39m, duration: [33m0[39m }
Request: {
  method: [32m'POST'[39m,
  endpoint: [32m'/api/notifications'[39m,
  ipAddress: [32m'unknown'[39m,
  userAgent: [32m'unknown'[39m
}

[90mstdout[2m | src/__tests__/integration/notifications.integration.test.ts[2m > [22m[2mNotification Endpoints Integration Tests[2m > [22m[2mPATCH /api/notifications/[id][2m > [22m[2mshould validate read field is boolean
[22m[39mContext: {
  endpoint: [32m'/api/notifications/notif-123'[39m,
  method: [32m'PATCH'[39m,
  duration: [33m0[39m
}
Request: {
  method: [32m'PATCH'[39m,
  endpoint: [32m'/api/notifications/notif-123'[39m,
  ipAddress: [32m'unknown'[39m,
  userAgent: [32m'unknown'[39m
}

[90mstdout[2m | src/__tests__/integration/notifications.integration.test.ts[2m > [22m[2mNotification Endpoints Integration Tests[2m > [22m[2mAuthorization Checks[2m > [22m[2mshould prevent users from accessing other users notifications
[22m[39mContext: {
  endpoint: [32m'/api/notifications/notif-123'[39m,
  method: [32m'PATCH'[39m,
  duration: [33m0[39m
}
Request: {
  method: [32m'PATCH'[39m,
  endpoint: [32m'/api/notifications/notif-123'[39m,
  ipAddress: [32m'unknown'[39m,
  userAgent: [32m'unknown'[39m
}

[90mstdout[2m | src/__tests__/integration/notifications.integration.test.ts[2m > [22m[2mNotification Endpoints Integration Tests[2m > [22m[2mAuthorization Checks[2m > [22m[2mshould prevent users from deleting other users notifications
[22m[39mContext: {
  endpoint: [32m'/api/notifications/notif-123'[39m,
  method: [32m'DELETE'[39m,
  duration: [33m0[39m
}
Request: {
  method: [32m'DELETE'[39m,
  endpoint: [32m'/api/notifications/notif-123'[39m,
  ipAddress: [32m'unknown'[39m,
  userAgent: [32m'unknown'[39m
}

[90mstdout[2m | src/__tests__/integration/notifications.integration.test.ts[2m > [22m[2mNotification Endpoints Integration Tests[2m > [22m[2mError Scenarios[2m > [22m[2mshould handle non-existent notification gracefully
[22m[39mContext: {
  endpoint: [32m'/api/notifications/non-existent-id'[39m,
  method: [32m'PATCH'[39m,
  duration: [33m1[39m
}
Request: {
  method: [32m'PATCH'[39m,
  endpoint: [32m'/api/notifications/non-existent-id'[39m,
  ipAddress: [32m'unknown'[39m,
  userAgent: [32m'unknown'[39m
}

 [32m✓[39m src/__tests__/integration/notifications.integration.test.ts [2m([22m[2m22 tests[22m[2m)[22m[32m 39[2mms[22m[39m
 [32m✓[39m src/lib/hooks/__tests__/useResourceFilters.test.tsx [2m([22m[2m18 tests[22m[2m)[22m[32m 32[2mms[22m[39m
 [32m✓[39m src/lib/utils/__tests__/resource-visit-tracking.test.ts [2m([22m[2m9 tests[22m[2m)[22m[32m 34[2mms[22m[39m
[90mstdout[2m | src/__tests__/services/event-registration-closure-notifications.test.ts[2m > [22m[2mEvent Registration Closure Notifications[2m > [22m[2mcreateEventRegistrationClosedNotification[2m > [22m[2mshould implement notification deduplication within 5-minute window
[22m[39m[Notification] Skipping duplicate closure notification for event test-event-id (last sent Wed Jun 03 2026 01:43:31 GMT+0530 (India Standard Time))

 [32m✓[39m src/__tests__/services/event-registration-closure-notifications.test.ts [2m([22m[2m8 tests[22m[2m)[22m[32m 20[2mms[22m[39m
 [32m✓[39m src/components/__tests__/SkipLinks.test.tsx [2m([22m[2m6 tests[22m[2m)[22m[32m 24[2mms[22m[39m
 [32m✓[39m src/__tests__/integration/mentor-sessions.integration.test.ts [2m([22m[2m14 tests[22m[2m)[22m[32m 54[2mms[22m[39m
 [32m✓[39m src/__tests__/integration/projects.integration.test.ts [2m([22m[2m22 tests[22m[2m)[22m[32m 27[2mms[22m[39m
[90mstdout[2m | src/__tests__/services/event-analytics.service.test.ts[2m > [22m[2mEvent Analytics Service[2m > [22m[2mtrackRegistrationClosure[2m > [22m[2mshould record closure timestamp and reason
[22m[39m[Analytics] Recorded registration closure for event event-123: capacity

[90mstdout[2m | src/__tests__/services/event-analytics.service.test.ts[2m > [22m[2mEvent Analytics Service[2m > [22m[2mtrackRegistrationClosure[2m > [22m[2mshould calculate time to closure correctly
[22m[39m[Analytics] Recorded registration closure for event event-123: capacity

[90mstdout[2m | src/__tests__/services/event-analytics.service.test.ts[2m > [22m[2mEvent Analytics Service[2m > [22m[2mlogFailedRegistrationAttempt[2m > [22m[2mshould log failed attempt with all required fields
[22m[39m[Analytics] Logged failed registration attempt for event event-123 by user user-456

 [32m✓[39m src/__tests__/services/event-analytics.service.test.ts [2m([22m[2m14 tests[22m[2m)[22m[32m 8[2mms[22m[39m
 [32m✓[39m src/__tests__/services/notification.service.test.ts [2m([22m[2m30 tests[22m[2m)[22m[32m 44[2mms[22m[39m
 [32m✓[39m src/__tests__/integration/event-analytics.integration.test.ts [2m([22m[2m14 tests[22m[2m)[22m[32m 23[2mms[22m[39m
 [32m✓[39m src/__tests__/unit/api/events-query.test.ts [2m([22m[2m10 tests[22m[2m)[22m[32m 28[2mms[22m[39m
 [32m✓[39m src/__tests__/services/block.service.test.ts [2m([22m[2m14 tests[22m[2m)[22m[32m 14[2mms[22m[39m
 [32m✓[39m src/__tests__/services/mentor-session.service.test.ts [2m([22m[2m24 tests[22m[2m)[22m[32m 8[2mms[22m[39m
 [32m✓[39m src/__tests__/services/career.service.test.ts [2m([22m[2m27 tests[22m[2m)[22m[32m 15[2mms[22m[39m
 [32m✓[39m src/__tests__/api/referral-history.test.ts [2m([22m[2m8 tests[22m[2m)[22m[32m 6[2mms[22m[39m
 [32m✓[39m src/__tests__/user-settings-integration.test.ts [2m([22m[2m29 tests[22m[2m)[22m[32m 5[2mms[22m[39m
 [32m✓[39m src/__tests__/utils/event-helpers.test.ts [2m([22m[2m20 tests[22m[2m)[22m[32m 13[2mms[22m[39m
 [32m✓[39m src/__tests__/services/follow.service.test.ts [2m([22m[2m17 tests[22m[2m)[22m[32m 8[2mms[22m[39m
 [32m✓[39m src/__tests__/services/community-notifications.test.ts [2m([22m[2m12 tests[22m[2m)[22m[32m 13[2mms[22m[39m
 [32m✓[39m src/__tests__/unit/services/event-registration-validation.test.ts [2m([22m[2m14 tests[22m[2m)[22m[32m 18[2mms[22m[39m
 [32m✓[39m src/__tests__/integration/signup-referral.integration.test.ts [2m([22m[2m4 tests[22m[2m)[22m[32m 10[2mms[22m[39m
 [32m✓[39m src/__tests__/api/pdf-access-authentication.test.ts [2m([22m[2m8 tests[22m[2m)[22m[32m 17[2mms[22m[39m
 [32m✓[39m src/__tests__/api/referral-validate.test.ts [2m([22m[2m4 tests[22m[2m)[22m[32m 28[2mms[22m[39m
 [32m✓[39m src/__tests__/services/moderation.service.test.ts [2m([22m[2m28 tests[22m[2m)[22m[32m 16[2mms[22m[39m
[90mstdout[2m | src/__tests__/services/in-memory-rate-limiter.test.ts[2m > [22m[2mInMemoryRateLimiter[2m > [22m[2mAutomatic Cleanup[2m > [22m[2mshould remove expired entries during cleanup
[22m[39m[InMemoryRateLimiter] Cleaned up 2 expired entries

 [32m✓[39m src/lib/utils/__tests__/event-url-helpers.test.ts [2m([22m[2m35 tests[22m[2m)[22m[32m 4[2mms[22m[39m
 [32m✓[39m src/__tests__/services/in-memory-rate-limiter.test.ts [2m([22m[2m16 tests[22m[2m)[22m[32m 20[2mms[22m[39m
 [32m✓[39m src/__tests__/unit/api/projects-status-filter.test.ts [2m([22m[2m6 tests[22m[2m)[22m[32m 8[2mms[22m[39m
[90mstdout[2m | src/__tests__/services/project-completion.service.test.ts[2m > [22m[2mProjectCompletionService[2m > [22m[2mcompleteProject[2m > [22m[2mshould complete project and award XP to owner and members
[22m[39m[ProjectCompletion] Invalidated completed projects cache

[90mstdout[2m | src/__tests__/services/project-completion.service.test.ts[2m > [22m[2mProjectCompletionService[2m > [22m[2mcompleteProject[2m > [22m[2mshould continue even if XP award fails
[22m[39m[ProjectCompletion] Invalidated completed projects cache

 [32m✓[39m src/__tests__/services/project-completion.service.test.ts [2m([22m[2m8 tests[22m[2m)[22m[32m 16[2mms[22m[39m
 [32m✓[39m src/lib/utils/__tests__/project-helpers.test.ts [2m([22m[2m24 tests[22m[2m)[22m[32m 5[2mms[22m[39m
 [32m✓[39m src/__tests__/api/referral-stats.test.ts [2m([22m[2m5 tests[22m[2m)[22m[32m 6[2mms[22m[39m
 [32m✓[39m src/__tests__/services/feed.service.test.ts [2m([22m[2m9 tests[22m[2m)[22m[32m 12[2mms[22m[39m
 [32m✓[39m src/__tests__/validations/event-registration-deadline.test.ts [2m([22m[2m12 tests[22m[2m)[22m[32m 9[2mms[22m[39m
 [32m✓[39m src/__tests__/integration/websocket-server.integration.test.ts [2m([22m[2m12 tests[22m[2m)[22m[32m 6[2mms[22m[39m
 [32m✓[39m src/__tests__/services/post.service.test.ts [2m([22m[2m14 tests[22m[2m)[22m[32m 6[2mms[22m[39m
 [32m✓[39m src/__tests__/integration/community-messages.integration.test.ts [2m([22m[2m6 tests[22m[2m)[22m[32m 6[2mms[22m[39m
 [32m✓[39m src/lib/utils/__tests__/resource-url-helpers.test.ts [2m([22m[2m34 tests[22m[2m)[22m[32m 4[2mms[22m[39m
 [32m✓[39m src/__tests__/community/schema-referential-integrity.property.test.ts [2m([22m[2m4 tests[22m[2m)[22m[32m 4[2mms[22m[39m
 [32m✓[39m src/__tests__/api/projects-caching.test.ts [2m([22m[2m11 tests[22m[2m | [22m[33m2 skipped[39m[2m)[22m[32m 3[2mms[22m[39m
 [32m✓[39m src/lib/utils/__tests__/project-filters.test.ts [2m([22m[2m14 tests[22m[2m)[22m[32m 7[2mms[22m[39m
 [32m✓[39m src/__tests__/api/events-update-registration-fields.test.ts [2m([22m[2m9 tests[22m[2m)[22m[32m 6[2mms[22m[39m
 [32m✓[39m src/__tests__/xp-utils.test.ts [2m([22m[2m15 tests[22m[2m)[22m[32m 9[2mms[22m[39m
 [32m✓[39m src/__tests__/services/verification.service.test.ts [2m([22m[2m2 tests[22m[2m)[22m[32m 4[2mms[22m[39m
 [32m✓[39m src/__tests__/services/real-time-features.test.ts [2m([22m[2m6 tests[22m[2m)[22m[32m 5[2mms[22m[39m
 [32m✓[39m src/lib/utils/__tests__/resource-placeholders.test.ts [2m([22m[2m6 tests[22m[2m)[22m[32m 6[2mms[22m[39m
 [32m✓[39m src/__tests__/api/mentor-social-urls.test.ts [2m([22m[2m6 tests[22m[2m)[22m[32m 5[2mms[22m[39m
 [2m[90m↓[39m[22m src/__tests__/bugfix/database-connection-error.preservation.property.test.ts [2m([22m[2m18 tests[22m[2m | [22m[33m18 skipped[39m[2m)[22m
 [2m[90m↓[39m[22m src/__tests__/performance/event-registration-indexes.test.ts [2m([22m[2m9 tests[22m[2m | [22m[33m9 skipped[39m[2m)[22m
 [2m[90m↓[39m[22m src/__tests__/services/mentor-session-objectid-validation.bugfix.property.test.ts [2m([22m[2m6 tests[22m[2m | [22m[33m6 skipped[39m[2m)[22m
 [2m[90m↓[39m[22m src/__tests__/integration/performance-validation.integration.test.ts [2m([22m[2m11 tests[22m[2m | [22m[33m11 skipped[39m[2m)[22m
 [2m[90m↓[39m[22m src/__tests__/services/mentor-session-objectid-validation.preservation.property.test.ts [2m([22m[2m7 tests[22m[2m | [22m[33m7 skipped[39m[2m)[22m
 [2m[90m↓[39m[22m src/__tests__/integration/event-registration-closed.integration.test.ts [2m([22m[2m4 tests[22m[2m | [22m[33m4 skipped[39m[2m)[22m
 [32m✓[39m src/__tests__/bugfix/database-connection-error.exploration.property.test.ts [2m([22m[2m3 tests[22m[2m | [22m[33m2 skipped[39m[2m)[22m[33m 51965[2mms[22m[39m
       [33m[2m✓[22m[39m should successfully start with any valid MongoDB connection string format [33m 51963[2mms[22m[39m

[2m Test Files [22m [1m[31m9 failed[39m[22m[2m | [22m[1m[32m86 passed[39m[22m[2m | [22m[33m6 skipped[39m[90m (101)[39m
[2m      Tests [22m [1m[31m62 failed[39m[22m[2m | [22m[1m[32m1427 passed[39m[22m[2m | [22m[33m59 skipped[39m[90m (1548)[39m
[2m   Start at [22m 01:45:23
[2m   Duration [22m 53.63s[2m (transform 4.33s, setup 11.66s, import 15.34s, tests 74.96s, environment 30.81s)[22m

