src/__tests__/community/schema-referential-integrity.property.test.ts(89,24): error TS2345: Argument of type '{ password: string | null; name: string | null; email: string; role: UserRole; bio: string | null; xp: number; level: number; currentStreak: number; longestStreak: number; lastLoginDate: Date | null; ... 20 more ...; lastStreakUpdate: Date | null; }' is not assignable to parameter of type '{ id: string; email: string; name: string; }'.
  Types of property 'name' are incompatible.
    Type 'string | null' is not assignable to type 'string'.
      Type 'null' is not assignable to type 'string'.
src/__tests__/community/schema-referential-integrity.property.test.ts(98,24): error TS2345: Argument of type '{ password: string | null; name: string | null; email: string; role: UserRole; bio: string | null; xp: number; level: number; currentStreak: number; longestStreak: number; lastLoginDate: Date | null; ... 20 more ...; lastStreakUpdate: Date | null; }' is not assignable to parameter of type '{ id: string; email: string; name: string; }'.
  Types of property 'name' are incompatible.
    Type 'string | null' is not assignable to type 'string'.
      Type 'null' is not assignable to type 'string'.
src/__tests__/config/property-test.config.ts(51,35): error TS2367: This comparison appears to be unintentional because the types '"test" | "development" | "production"' and '"ci"' have no overlap.
src/__tests__/integration/community-messages.integration.test.ts(153,34): error TS2345: Argument of type 'Session' is not assignable to parameter of type 'NextMiddleware'.
  Type 'Session' provides no match for the signature '(request: NextRequest, event: NextFetchEvent): NextMiddlewareResult | Promise<NextMiddlewareResult>'.
src/__tests__/integration/community-messages.integration.test.ts(166,30): error TS2554: Expected 2 arguments, but got 1.
src/__tests__/integration/community-messages.integration.test.ts(188,34): error TS2345: Argument of type 'Session' is not assignable to parameter of type 'NextMiddleware'.
  Type 'Session' provides no match for the signature '(request: NextRequest, event: NextFetchEvent): NextMiddlewareResult | Promise<NextMiddlewareResult>'.
src/__tests__/integration/community-messages.integration.test.ts(201,30): error TS2554: Expected 2 arguments, but got 1.
src/__tests__/integration/community-messages.integration.test.ts(211,34): error TS2345: Argument of type 'null' is not assignable to parameter of type 'NextMiddleware'.
src/__tests__/integration/community-messages.integration.test.ts(224,30): error TS2554: Expected 2 arguments, but got 1.
src/__tests__/integration/community-messages.integration.test.ts(235,34): error TS2345: Argument of type 'Session' is not assignable to parameter of type 'NextMiddleware'.
  Type 'Session' provides no match for the signature '(request: NextRequest, event: NextFetchEvent): NextMiddlewareResult | Promise<NextMiddlewareResult>'.
src/__tests__/integration/community-messages.integration.test.ts(249,30): error TS2554: Expected 2 arguments, but got 1.
src/__tests__/integration/community-messages.integration.test.ts(260,34): error TS2345: Argument of type 'Session' is not assignable to parameter of type 'NextMiddleware'.
  Type 'Session' provides no match for the signature '(request: NextRequest, event: NextFetchEvent): NextMiddlewareResult | Promise<NextMiddlewareResult>'.
src/__tests__/integration/community-messages.integration.test.ts(272,30): error TS2554: Expected 2 arguments, but got 1.
src/__tests__/integration/community-messages.integration.test.ts(283,34): error TS2345: Argument of type 'Session' is not assignable to parameter of type 'NextMiddleware'.
  Type 'Session' provides no match for the signature '(request: NextRequest, event: NextFetchEvent): NextMiddlewareResult | Promise<NextMiddlewareResult>'.
src/__tests__/integration/community-messages.integration.test.ts(296,30): error TS2554: Expected 2 arguments, but got 1.
src/__tests__/integration/community-messages.integration.test.ts(317,34): error TS2345: Argument of type 'Session' is not assignable to parameter of type 'NextMiddleware'.
  Type 'Session' provides no match for the signature '(request: NextRequest, event: NextFetchEvent): NextMiddlewareResult | Promise<NextMiddlewareResult>'.
src/__tests__/integration/community-messages.integration.test.ts(330,30): error TS2554: Expected 2 arguments, but got 1.
src/__tests__/integration/community-messages.integration.test.ts(358,34): error TS2345: Argument of type 'Session' is not assignable to parameter of type 'NextMiddleware'.
  Type 'Session' provides no match for the signature '(request: NextRequest, event: NextFetchEvent): NextMiddlewareResult | Promise<NextMiddlewareResult>'.
src/__tests__/integration/community-messages.integration.test.ts(371,30): error TS2554: Expected 2 arguments, but got 1.
src/__tests__/integration/community-messages.integration.test.ts(389,34): error TS2345: Argument of type 'Session' is not assignable to parameter of type 'NextMiddleware'.
  Type 'Session' provides no match for the signature '(request: NextRequest, event: NextFetchEvent): NextMiddlewareResult | Promise<NextMiddlewareResult>'.
src/__tests__/integration/community-messages.integration.test.ts(397,30): error TS2554: Expected 2 arguments, but got 1.
src/__tests__/integration/community-messages.integration.test.ts(412,34): error TS2345: Argument of type 'Session' is not assignable to parameter of type 'NextMiddleware'.
  Type 'Session' provides no match for the signature '(request: NextRequest, event: NextFetchEvent): NextMiddlewareResult | Promise<NextMiddlewareResult>'.
src/__tests__/integration/community-messages.integration.test.ts(419,30): error TS2554: Expected 2 arguments, but got 1.
src/__tests__/integration/community-messages.integration.test.ts(432,34): error TS2345: Argument of type 'Session' is not assignable to parameter of type 'NextMiddleware'.
  Type 'Session' provides no match for the signature '(request: NextRequest, event: NextFetchEvent): NextMiddlewareResult | Promise<NextMiddlewareResult>'.
src/__tests__/integration/community-messages.integration.test.ts(444,70): error TS2353: Object literal may only specify known properties, and 'id' does not exist in type 'Promise<{ id: string; }>'.
src/__tests__/integration/community-messages.integration.test.ts(459,34): error TS2345: Argument of type 'Session' is not assignable to parameter of type 'NextMiddleware'.
  Type 'Session' provides no match for the signature '(request: NextRequest, event: NextFetchEvent): NextMiddlewareResult | Promise<NextMiddlewareResult>'.
src/__tests__/integration/community-messages.integration.test.ts(471,70): error TS2353: Object literal may only specify known properties, and 'id' does not exist in type 'Promise<{ id: string; }>'.
src/__tests__/integration/community-messages.integration.test.ts(493,34): error TS2345: Argument of type 'Session' is not assignable to parameter of type 'NextMiddleware'.
  Type 'Session' provides no match for the signature '(request: NextRequest, event: NextFetchEvent): NextMiddlewareResult | Promise<NextMiddlewareResult>'.
src/__tests__/integration/community-messages.integration.test.ts(500,72): error TS2353: Object literal may only specify known properties, and 'id' does not exist in type 'Promise<{ id: string; }>'.
src/__tests__/integration/community-messages.integration.test.ts(528,34): error TS2345: Argument of type 'Session' is not assignable to parameter of type 'NextMiddleware'.
  Type 'Session' provides no match for the signature '(request: NextRequest, event: NextFetchEvent): NextMiddlewareResult | Promise<NextMiddlewareResult>'.
src/__tests__/integration/community-messages.integration.test.ts(535,72): error TS2353: Object literal may only specify known properties, and 'id' does not exist in type 'Promise<{ id: string; }>'.
src/__tests__/integration/community-messages.integration.test.ts(567,34): error TS2345: Argument of type 'Session' is not assignable to parameter of type 'NextMiddleware'.
  Type 'Session' provides no match for the signature '(request: NextRequest, event: NextFetchEvent): NextMiddlewareResult | Promise<NextMiddlewareResult>'.
src/__tests__/integration/community-messages.integration.test.ts(574,72): error TS2353: Object literal may only specify known properties, and 'id' does not exist in type 'Promise<{ id: string; }>'.
src/__tests__/integration/community-rooms.integration.test.ts(88,34): error TS2345: Argument of type 'Session' is not assignable to parameter of type 'NextMiddleware'.
  Type 'Session' provides no match for the signature '(request: NextRequest, event: NextFetchEvent): NextMiddlewareResult | Promise<NextMiddlewareResult>'.
src/__tests__/integration/community-rooms.integration.test.ts(102,30): error TS2554: Expected 2 arguments, but got 1.
src/__tests__/integration/community-rooms.integration.test.ts(135,30): error TS2554: Expected 2 arguments, but got 1.
src/__tests__/integration/community-rooms.integration.test.ts(149,34): error TS2345: Argument of type 'Session' is not assignable to parameter of type 'NextMiddleware'.
  Type 'Session' provides no match for the signature '(request: NextRequest, event: NextFetchEvent): NextMiddlewareResult | Promise<NextMiddlewareResult>'.
src/__tests__/integration/community-rooms.integration.test.ts(163,30): error TS2554: Expected 2 arguments, but got 1.
src/__tests__/integration/community-rooms.integration.test.ts(178,34): error TS2345: Argument of type 'Session' is not assignable to parameter of type 'NextMiddleware'.
  Type 'Session' provides no match for the signature '(request: NextRequest, event: NextFetchEvent): NextMiddlewareResult | Promise<NextMiddlewareResult>'.
src/__tests__/integration/community-rooms.integration.test.ts(185,30): error TS2554: Expected 2 arguments, but got 1.
src/__tests__/integration/community-rooms.integration.test.ts(201,34): error TS2345: Argument of type 'Session' is not assignable to parameter of type 'NextMiddleware'.
  Type 'Session' provides no match for the signature '(request: NextRequest, event: NextFetchEvent): NextMiddlewareResult | Promise<NextMiddlewareResult>'.
src/__tests__/integration/community-rooms.integration.test.ts(209,30): error TS2554: Expected 2 arguments, but got 1.
src/__tests__/integration/community-rooms.integration.test.ts(225,34): error TS2345: Argument of type 'Session' is not assignable to parameter of type 'NextMiddleware'.
  Type 'Session' provides no match for the signature '(request: NextRequest, event: NextFetchEvent): NextMiddlewareResult | Promise<NextMiddlewareResult>'.
src/__tests__/integration/community-rooms.integration.test.ts(232,66): error TS2353: Object literal may only specify known properties, and 'id' does not exist in type 'Promise<{ id: string; }>'.
src/__tests__/integration/community-rooms.integration.test.ts(247,34): error TS2345: Argument of type 'Session' is not assignable to parameter of type 'NextMiddleware'.
  Type 'Session' provides no match for the signature '(request: NextRequest, event: NextFetchEvent): NextMiddlewareResult | Promise<NextMiddlewareResult>'.
src/__tests__/integration/community-rooms.integration.test.ts(255,66): error TS2353: Object literal may only specify known properties, and 'id' does not exist in type 'Promise<{ id: string; }>'.
src/__tests__/integration/community-rooms.integration.test.ts(270,34): error TS2345: Argument of type 'Session' is not assignable to parameter of type 'NextMiddleware'.
  Type 'Session' provides no match for the signature '(request: NextRequest, event: NextFetchEvent): NextMiddlewareResult | Promise<NextMiddlewareResult>'.
src/__tests__/integration/community-rooms.integration.test.ts(277,67): error TS2353: Object literal may only specify known properties, and 'id' does not exist in type 'Promise<{ id: string; }>'.
src/__tests__/integration/community-rooms.integration.test.ts(291,34): error TS2345: Argument of type 'Session' is not assignable to parameter of type 'NextMiddleware'.
  Type 'Session' provides no match for the signature '(request: NextRequest, event: NextFetchEvent): NextMiddlewareResult | Promise<NextMiddlewareResult>'.
src/__tests__/integration/community-rooms.integration.test.ts(298,67): error TS2353: Object literal may only specify known properties, and 'id' does not exist in type 'Promise<{ id: string; }>'.
src/__tests__/integration/community-rooms.integration.test.ts(313,34): error TS2345: Argument of type 'Session' is not assignable to parameter of type 'NextMiddleware'.
  Type 'Session' provides no match for the signature '(request: NextRequest, event: NextFetchEvent): NextMiddlewareResult | Promise<NextMiddlewareResult>'.
src/__tests__/integration/community-rooms.integration.test.ts(320,69): error TS2353: Object literal may only specify known properties, and 'id' does not exist in type 'Promise<{ id: string; }>'.
src/__tests__/integration/community-rooms.integration.test.ts(337,34): error TS2345: Argument of type 'Session' is not assignable to parameter of type 'NextMiddleware'.
  Type 'Session' provides no match for the signature '(request: NextRequest, event: NextFetchEvent): NextMiddlewareResult | Promise<NextMiddlewareResult>'.
src/__tests__/integration/community-rooms.integration.test.ts(344,70): error TS2353: Object literal may only specify known properties, and 'id' does not exist in type 'Promise<{ id: string; }>'.
src/__tests__/integration/community-rooms.integration.test.ts(368,34): error TS2345: Argument of type 'Session' is not assignable to parameter of type 'NextMiddleware'.
  Type 'Session' provides no match for the signature '(request: NextRequest, event: NextFetchEvent): NextMiddlewareResult | Promise<NextMiddlewareResult>'.
src/__tests__/integration/community-rooms.integration.test.ts(375,70): error TS2353: Object literal may only specify known properties, and 'id' does not exist in type 'Promise<{ id: string; }>'.
src/__tests__/integration/community-rooms.integration.test.ts(393,34): error TS2345: Argument of type 'Session' is not assignable to parameter of type 'NextMiddleware'.
  Type 'Session' provides no match for the signature '(request: NextRequest, event: NextFetchEvent): NextMiddlewareResult | Promise<NextMiddlewareResult>'.
src/__tests__/integration/community-rooms.integration.test.ts(401,69): error TS2353: Object literal may only specify known properties, and 'id' does not exist in type 'Promise<{ id: string; }>'.
src/__tests__/integration/community-rooms.integration.test.ts(423,34): error TS2345: Argument of type 'Session' is not assignable to parameter of type 'NextMiddleware'.
  Type 'Session' provides no match for the signature '(request: NextRequest, event: NextFetchEvent): NextMiddlewareResult | Promise<NextMiddlewareResult>'.
src/__tests__/integration/community-rooms.integration.test.ts(431,69): error TS2353: Object literal may only specify known properties, and 'id' does not exist in type 'Promise<{ id: string; }>'.
src/__tests__/integration/community-rooms.integration.test.ts(446,34): error TS2345: Argument of type 'Session' is not assignable to parameter of type 'NextMiddleware'.
  Type 'Session' provides no match for the signature '(request: NextRequest, event: NextFetchEvent): NextMiddlewareResult | Promise<NextMiddlewareResult>'.
src/__tests__/integration/community-rooms.integration.test.ts(453,68): error TS2353: Object literal may only specify known properties, and 'id' does not exist in type 'Promise<{ id: string; }>'.
src/__tests__/integration/community-rooms.integration.test.ts(467,34): error TS2345: Argument of type 'Session' is not assignable to parameter of type 'NextMiddleware'.
  Type 'Session' provides no match for the signature '(request: NextRequest, event: NextFetchEvent): NextMiddlewareResult | Promise<NextMiddlewareResult>'.
src/__tests__/integration/community-rooms.integration.test.ts(474,68): error TS2353: Object literal may only specify known properties, and 'id' does not exist in type 'Promise<{ id: string; }>'.
src/__tests__/integration/mentor-sessions.integration.test.ts(176,60): error TS2345: Argument of type '{ params: { id: string; }; }' is not assignable to parameter of type '{ params: Promise<{ id: string; }>; }'.
  Types of property 'params' are incompatible.
    Type '{ id: string; }' is missing the following properties from type 'Promise<{ id: string; }>': then, catch, finally, [Symbol.toStringTag]
src/__tests__/integration/mentor-sessions.integration.test.ts(188,60): error TS2345: Argument of type '{ params: { id: string; }; }' is not assignable to parameter of type '{ params: Promise<{ id: string; }>; }'.
  Types of property 'params' are incompatible.
    Type '{ id: string; }' is missing the following properties from type 'Promise<{ id: string; }>': then, catch, finally, [Symbol.toStringTag]
src/__tests__/integration/mentor-sessions.integration.test.ts(210,60): error TS2345: Argument of type '{ params: { id: string; }; }' is not assignable to parameter of type '{ params: Promise<{ id: string; }>; }'.
  Types of property 'params' are incompatible.
    Type '{ id: string; }' is missing the following properties from type 'Promise<{ id: string; }>': then, catch, finally, [Symbol.toStringTag]
src/__tests__/integration/mentor-sessions.integration.test.ts(235,60): error TS2345: Argument of type '{ params: { id: string; }; }' is not assignable to parameter of type '{ params: Promise<{ id: string; }>; }'.
  Types of property 'params' are incompatible.
    Type '{ id: string; }' is missing the following properties from type 'Promise<{ id: string; }>': then, catch, finally, [Symbol.toStringTag]
src/__tests__/integration/mentor-sessions.integration.test.ts(252,60): error TS2345: Argument of type '{ params: { id: string; }; }' is not assignable to parameter of type '{ params: Promise<{ id: string; }>; }'.
  Types of property 'params' are incompatible.
    Type '{ id: string; }' is missing the following properties from type 'Promise<{ id: string; }>': then, catch, finally, [Symbol.toStringTag]
src/__tests__/integration/mentor-sessions.integration.test.ts(272,60): error TS2345: Argument of type '{ params: { id: string; }; }' is not assignable to parameter of type '{ params: Promise<{ id: string; }>; }'.
  Types of property 'params' are incompatible.
    Type '{ id: string; }' is missing the following properties from type 'Promise<{ id: string; }>': then, catch, finally, [Symbol.toStringTag]
src/__tests__/integration/mentor-sessions.integration.test.ts(293,57): error TS2345: Argument of type '{ params: { id: string; }; }' is not assignable to parameter of type '{ params: Promise<{ id: string; }>; }'.
  Types of property 'params' are incompatible.
    Type '{ id: string; }' is missing the following properties from type 'Promise<{ id: string; }>': then, catch, finally, [Symbol.toStringTag]
src/__tests__/integration/notifications.integration.test.ts(45,30): error TS2554: Expected 2 arguments, but got 1.
src/__tests__/integration/notifications.integration.test.ts(55,30): error TS2554: Expected 2 arguments, but got 1.
src/__tests__/integration/notifications.integration.test.ts(68,30): error TS2554: Expected 2 arguments, but got 1.
src/__tests__/integration/notifications.integration.test.ts(81,30): error TS2554: Expected 2 arguments, but got 1.
src/__tests__/integration/notifications.integration.test.ts(94,30): error TS2554: Expected 2 arguments, but got 1.
src/__tests__/integration/notifications.integration.test.ts(126,30): error TS2554: Expected 2 arguments, but got 1.
src/__tests__/integration/notifications.integration.test.ts(143,30): error TS2554: Expected 2 arguments, but got 1.
src/__tests__/integration/notifications.integration.test.ts(164,30): error TS2554: Expected 2 arguments, but got 1.
src/__tests__/integration/notifications.integration.test.ts(194,32): error TS2554: Expected 2 arguments, but got 1.
src/__tests__/integration/notifications.integration.test.ts(217,65): error TS2345: Argument of type '{ params: { id: string; }; }' is not assignable to parameter of type '{ params: Promise<{ id: string; }>; }'.
  Types of property 'params' are incompatible.
    Type '{ id: string; }' is missing the following properties from type 'Promise<{ id: string; }>': then, catch, finally, [Symbol.toStringTag]
src/__tests__/integration/notifications.integration.test.ts(229,65): error TS2345: Argument of type '{ params: { id: string; }; }' is not assignable to parameter of type '{ params: Promise<{ id: string; }>; }'.
  Types of property 'params' are incompatible.
    Type '{ id: string; }' is missing the following properties from type 'Promise<{ id: string; }>': then, catch, finally, [Symbol.toStringTag]
src/__tests__/integration/notifications.integration.test.ts(251,65): error TS2345: Argument of type '{ params: { id: string; }; }' is not assignable to parameter of type '{ params: Promise<{ id: string; }>; }'.
  Types of property 'params' are incompatible.
    Type '{ id: string; }' is missing the following properties from type 'Promise<{ id: string; }>': then, catch, finally, [Symbol.toStringTag]
src/__tests__/integration/notifications.integration.test.ts(364,65): error TS2345: Argument of type '{ params: { id: string; }; }' is not assignable to parameter of type '{ params: Promise<{ id: string; }>; }'.
  Types of property 'params' are incompatible.
    Type '{ id: string; }' is missing the following properties from type 'Promise<{ id: string; }>': then, catch, finally, [Symbol.toStringTag]
src/__tests__/integration/notifications.integration.test.ts(382,65): error TS2345: Argument of type '{ params: { id: string; }; }' is not assignable to parameter of type '{ params: Promise<{ id: string; }>; }'.
  Types of property 'params' are incompatible.
    Type '{ id: string; }' is missing the following properties from type 'Promise<{ id: string; }>': then, catch, finally, [Symbol.toStringTag]
src/__tests__/integration/notifications.integration.test.ts(398,65): error TS2345: Argument of type '{ params: { id: string; }; }' is not assignable to parameter of type '{ params: Promise<{ id: string; }>; }'.
  Types of property 'params' are incompatible.
    Type '{ id: string; }' is missing the following properties from type 'Promise<{ id: string; }>': then, catch, finally, [Symbol.toStringTag]
src/__tests__/integration/notifications.integration.test.ts(409,30): error TS2554: Expected 2 arguments, but got 1.
src/__tests__/integration/projects.integration.test.ts(194,64): error TS2345: Argument of type '{ params: { id: string; }; }' is not assignable to parameter of type '{ params: Promise<{ id: string; }>; }'.
  Types of property 'params' are incompatible.
    Type '{ id: string; }' is missing the following properties from type 'Promise<{ id: string; }>': then, catch, finally, [Symbol.toStringTag]
src/__tests__/integration/projects.integration.test.ts(210,64): error TS2345: Argument of type '{ params: { id: string; }; }' is not assignable to parameter of type '{ params: Promise<{ id: string; }>; }'.
  Types of property 'params' are incompatible.
    Type '{ id: string; }' is missing the following properties from type 'Promise<{ id: string; }>': then, catch, finally, [Symbol.toStringTag]
src/__tests__/integration/projects.integration.test.ts(233,64): error TS2345: Argument of type '{ params: { requestId: string; }; }' is not assignable to parameter of type '{ params: Promise<{ requestId: string; }>; }'.
  Types of property 'params' are incompatible.
    Type '{ requestId: string; }' is missing the following properties from type 'Promise<{ requestId: string; }>': then, catch, finally, [Symbol.toStringTag]
src/__tests__/integration/projects.integration.test.ts(245,64): error TS2345: Argument of type '{ params: { requestId: string; }; }' is not assignable to parameter of type '{ params: Promise<{ requestId: string; }>; }'.
  Types of property 'params' are incompatible.
    Type '{ requestId: string; }' is missing the following properties from type 'Promise<{ requestId: string; }>': then, catch, finally, [Symbol.toStringTag]
src/__tests__/integration/projects.integration.test.ts(320,60): error TS2345: Argument of type '{ params: { id: string; }; }' is not assignable to parameter of type '{ params: Promise<{ id: string; }>; }'.
  Types of property 'params' are incompatible.
    Type '{ id: string; }' is missing the following properties from type 'Promise<{ id: string; }>': then, catch, finally, [Symbol.toStringTag]
src/__tests__/integration/projects.integration.test.ts(339,64): error TS2345: Argument of type '{ params: { requestId: string; }; }' is not assignable to parameter of type '{ params: Promise<{ requestId: string; }>; }'.
  Types of property 'params' are incompatible.
    Type '{ requestId: string; }' is missing the following properties from type 'Promise<{ requestId: string; }>': then, catch, finally, [Symbol.toStringTag]
src/__tests__/integration/projects.integration.test.ts(354,57): error TS2345: Argument of type '{ params: { id: string; }; }' is not assignable to parameter of type '{ params: Promise<{ id: string; }>; }'.
  Types of property 'params' are incompatible.
    Type '{ id: string; }' is missing the following properties from type 'Promise<{ id: string; }>': then, catch, finally, [Symbol.toStringTag]
src/__tests__/integration/projects.integration.test.ts(372,64): error TS2345: Argument of type '{ params: { id: string; }; }' is not assignable to parameter of type '{ params: Promise<{ id: string; }>; }'.
  Types of property 'params' are incompatible.
    Type '{ id: string; }' is missing the following properties from type 'Promise<{ id: string; }>': then, catch, finally, [Symbol.toStringTag]
src/__tests__/mocks/redis.mock.ts(258,43): error TS2556: A spread argument must either have a tuple type or be passed to a rest parameter.
src/__tests__/mocks/redis.mock.ts(259,43): error TS2556: A spread argument must either have a tuple type or be passed to a rest parameter.
src/__tests__/mocks/redis.mock.ts(260,47): error TS2556: A spread argument must either have a tuple type or be passed to a rest parameter.
src/__tests__/mocks/redis.mock.ts(263,49): error TS2556: A spread argument must either have a tuple type or be passed to a rest parameter.
src/__tests__/mocks/redis.mock.ts(264,43): error TS2556: A spread argument must either have a tuple type or be passed to a rest parameter.
src/__tests__/mocks/redis.mock.ts(265,45): error TS2556: A spread argument must either have a tuple type or be passed to a rest parameter.
src/__tests__/mocks/redis.mock.ts(266,63): error TS2556: A spread argument must either have a tuple type or be passed to a rest parameter.
src/__tests__/mocks/redis.mock.ts(267,69): error TS2556: A spread argument must either have a tuple type or be passed to a rest parameter.
src/__tests__/mocks/redis.mock.ts(268,47): error TS2556: A spread argument must either have a tuple type or be passed to a rest parameter.
src/__tests__/mocks/redis.mock.ts(269,45): error TS2556: A spread argument must either have a tuple type or be passed to a rest parameter.
src/__tests__/mocks/redis.mock.ts(270,45): error TS2556: A spread argument must either have a tuple type or be passed to a rest parameter.
src/__tests__/mocks/redis.mock.ts(271,45): error TS2556: A spread argument must either have a tuple type or be passed to a rest parameter.
src/__tests__/mocks/redis.mock.ts(272,53): error TS2556: A spread argument must either have a tuple type or be passed to a rest parameter.
src/__tests__/mocks/redis.mock.ts(273,51): error TS2556: A spread argument must either have a tuple type or be passed to a rest parameter.
src/__tests__/mocks/redis.mock.ts(274,45): error TS2556: A spread argument must either have a tuple type or be passed to a rest parameter.
src/__tests__/mocks/redis.mock.ts(275,57): error TS2556: A spread argument must either have a tuple type or be passed to a rest parameter.
src/__tests__/mocks/redis.mock.ts(276,45): error TS2556: A spread argument must either have a tuple type or be passed to a rest parameter.
src/__tests__/mocks/user.mock.ts(35,5): error TS2322: Type '"STUDENT" | "MENTOR" | "ADMIN"' is not assignable to type 'UserRole'.
  Type '"MENTOR"' is not assignable to type 'UserRole'.
src/__tests__/services/career.service.test.ts(63,65): error TS2345: Argument of type '{ email: string; preferredDate: string; preferredTime: string; interviewType: string; experienceLevel: string; }' is not assignable to parameter of type '{ email: string; preferredDate: string; preferredTime: string; interviewType: "TECHNICAL_FRONTEND" | "TECHNICAL_BACKEND" | "DSA" | "SYSTEM_DESIGN" | "BEHAVIORAL"; experienceLevel: "INTERN" | ... 1 more ... | "SENIOR"; }'.
  Types of property 'interviewType' are incompatible.
    Type 'string' is not assignable to type '"TECHNICAL_FRONTEND" | "TECHNICAL_BACKEND" | "DSA" | "SYSTEM_DESIGN" | "BEHAVIORAL"'.
src/__tests__/services/career.service.test.ts(85,50): error TS2345: Argument of type '{ email: string; preferredDate: string; preferredTime: string; interviewType: string; experienceLevel: string; }' is not assignable to parameter of type '{ email: string; preferredDate: string; preferredTime: string; interviewType: "TECHNICAL_FRONTEND" | "TECHNICAL_BACKEND" | "DSA" | "SYSTEM_DESIGN" | "BEHAVIORAL"; experienceLevel: "INTERN" | ... 1 more ... | "SENIOR"; }'.
  Types of property 'interviewType' are incompatible.
    Type 'string' is not assignable to type '"TECHNICAL_FRONTEND" | "TECHNICAL_BACKEND" | "DSA" | "SYSTEM_DESIGN" | "BEHAVIORAL"'.
src/__tests__/services/career.service.test.ts(202,62): error TS2345: Argument of type '{ status: string; scheduledDate: string; meetingLink: string; }' is not assignable to parameter of type '{ status?: "COMPLETED" | "PENDING" | "APPROVED" | "REJECTED" | "SCHEDULED" | undefined; scheduledDate?: string | undefined; meetingLink?: string | undefined; feedback?: string | undefined; }'.
  Types of property 'status' are incompatible.
    Type 'string' is not assignable to type '"COMPLETED" | "PENDING" | "APPROVED" | "REJECTED" | "SCHEDULED" | undefined'.
src/__tests__/services/career.service.test.ts(226,47): error TS2345: Argument of type '{ status: string; }' is not assignable to parameter of type '{ status?: "COMPLETED" | "PENDING" | "APPROVED" | "REJECTED" | "SCHEDULED" | undefined; scheduledDate?: string | undefined; meetingLink?: string | undefined; feedback?: string | undefined; }'.
  Types of property 'status' are incompatible.
    Type 'string' is not assignable to type '"COMPLETED" | "PENDING" | "APPROVED" | "REJECTED" | "SCHEDULED" | undefined'.
src/__tests__/services/career.service.test.ts(333,54): error TS2345: Argument of type '{ title: string; description: string; type: string; company: string; location: string; applicationUrl: string; status: string; }' is not assignable to parameter of type '{ type: "INTERNSHIP" | "JOB"; title: string; company: string; description: string; requirements: string[]; location: string; applyUrl: string; salary?: string | undefined; duration?: string | undefined; imageUrl?: string | undefined; status?: "DRAFT" | ... 2 more ... | undefined; }'.
  Type '{ title: string; description: string; type: string; company: string; location: string; applicationUrl: string; status: string; }' is missing the following properties from type '{ type: "INTERNSHIP" | "JOB"; title: string; company: string; description: string; requirements: string[]; location: string; applyUrl: string; salary?: string | undefined; duration?: string | undefined; imageUrl?: string | undefined; status?: "DRAFT" | ... 2 more ... | undefined; }': requirements, applyUrl
src/__tests__/services/career.service.test.ts(504,60): error TS2345: Argument of type '{ title: string; status: string; location: string; }' is not assignable to parameter of type '{ type?: "INTERNSHIP" | "JOB" | undefined; title?: string | undefined; company?: string | undefined; description?: string | undefined; requirements?: string[] | undefined; location?: string | undefined; ... 4 more ...; status?: "DRAFT" | ... 2 more ... | undefined; }'.
  Types of property 'status' are incompatible.
    Type 'string' is not assignable to type '"DRAFT" | "ACTIVE" | "CLOSED" | undefined'.
src/__tests__/services/career.service.test.ts(521,45): error TS2345: Argument of type '{ status: string; }' is not assignable to parameter of type '{ type?: "INTERNSHIP" | "JOB" | undefined; title?: string | undefined; company?: string | undefined; description?: string | undefined; requirements?: string[] | undefined; location?: string | undefined; ... 4 more ...; status?: "DRAFT" | ... 2 more ... | undefined; }'.
  Types of property 'status' are incompatible.
    Type 'string' is not assignable to type '"DRAFT" | "ACTIVE" | "CLOSED" | undefined'.
src/__tests__/setup/test-db.ts(63,22): error TS2339: Property 'projectJoinRequest' does not exist on type 'PrismaClient<PrismaClientOptions, never, DefaultArgs>'.
src/__tests__/setup/test-db.ts(70,22): error TS2339: Property 'careerOpportunity' does not exist on type 'PrismaClient<PrismaClientOptions, never, DefaultArgs>'.
src/__tests__/xp-utils.test.ts(3,1): error TS2582: Cannot find name 'describe'. Do you need to install type definitions for a test runner? Try `npm i --save-dev @types/jest` or `npm i --save-dev @types/mocha`.
src/__tests__/xp-utils.test.ts(4,3): error TS2582: Cannot find name 'describe'. Do you need to install type definitions for a test runner? Try `npm i --save-dev @types/jest` or `npm i --save-dev @types/mocha`.
src/__tests__/xp-utils.test.ts(5,5): error TS2582: Cannot find name 'it'. Do you need to install type definitions for a test runner? Try `npm i --save-dev @types/jest` or `npm i --save-dev @types/mocha`.
src/__tests__/xp-utils.test.ts(6,7): error TS2304: Cannot find name 'expect'.
src/__tests__/xp-utils.test.ts(9,5): error TS2582: Cannot find name 'it'. Do you need to install type definitions for a test runner? Try `npm i --save-dev @types/jest` or `npm i --save-dev @types/mocha`.
src/__tests__/xp-utils.test.ts(10,7): error TS2304: Cannot find name 'expect'.
src/__tests__/xp-utils.test.ts(13,5): error TS2582: Cannot find name 'it'. Do you need to install type definitions for a test runner? Try `npm i --save-dev @types/jest` or `npm i --save-dev @types/mocha`.
src/__tests__/xp-utils.test.ts(14,7): error TS2304: Cannot find name 'expect'.
src/__tests__/xp-utils.test.ts(17,5): error TS2582: Cannot find name 'it'. Do you need to install type definitions for a test runner? Try `npm i --save-dev @types/jest` or `npm i --save-dev @types/mocha`.
src/__tests__/xp-utils.test.ts(18,7): error TS2304: Cannot find name 'expect'.
src/__tests__/xp-utils.test.ts(21,5): error TS2582: Cannot find name 'it'. Do you need to install type definitions for a test runner? Try `npm i --save-dev @types/jest` or `npm i --save-dev @types/mocha`.
src/__tests__/xp-utils.test.ts(22,7): error TS2304: Cannot find name 'expect'.
src/__tests__/xp-utils.test.ts(23,7): error TS2304: Cannot find name 'expect'.
src/__tests__/xp-utils.test.ts(26,5): error TS2582: Cannot find name 'it'. Do you need to install type definitions for a test runner? Try `npm i --save-dev @types/jest` or `npm i --save-dev @types/mocha`.
src/__tests__/xp-utils.test.ts(27,7): error TS2304: Cannot find name 'expect'.
src/__tests__/xp-utils.test.ts(28,7): error TS2304: Cannot find name 'expect'.
src/__tests__/xp-utils.test.ts(29,7): error TS2304: Cannot find name 'expect'.
src/__tests__/xp-utils.test.ts(33,3): error TS2582: Cannot find name 'describe'. Do you need to install type definitions for a test runner? Try `npm i --save-dev @types/jest` or `npm i --save-dev @types/mocha`.
src/__tests__/xp-utils.test.ts(34,5): error TS2582: Cannot find name 'it'. Do you need to install type definitions for a test runner? Try `npm i --save-dev @types/jest` or `npm i --save-dev @types/mocha`.
src/__tests__/xp-utils.test.ts(35,7): error TS2304: Cannot find name 'expect'.
src/__tests__/xp-utils.test.ts(38,5): error TS2582: Cannot find name 'it'. Do you need to install type definitions for a test runner? Try `npm i --save-dev @types/jest` or `npm i --save-dev @types/mocha`.
src/__tests__/xp-utils.test.ts(39,7): error TS2304: Cannot find name 'expect'.
src/__tests__/xp-utils.test.ts(42,5): error TS2582: Cannot find name 'it'. Do you need to install type definitions for a test runner? Try `npm i --save-dev @types/jest` or `npm i --save-dev @types/mocha`.
src/__tests__/xp-utils.test.ts(44,9): error TS2304: Cannot find name 'expect'.
src/__tests__/xp-utils.test.ts(49,3): error TS2582: Cannot find name 'describe'. Do you need to install type definitions for a test runner? Try `npm i --save-dev @types/jest` or `npm i --save-dev @types/mocha`.
src/__tests__/xp-utils.test.ts(50,5): error TS2582: Cannot find name 'it'. Do you need to install type definitions for a test runner? Try `npm i --save-dev @types/jest` or `npm i --save-dev @types/mocha`.
src/__tests__/xp-utils.test.ts(51,7): error TS2304: Cannot find name 'expect'.
src/__tests__/xp-utils.test.ts(52,7): error TS2304: Cannot find name 'expect'.
src/__tests__/xp-utils.test.ts(53,7): error TS2304: Cannot find name 'expect'.
src/__tests__/xp-utils.test.ts(54,7): error TS2304: Cannot find name 'expect'.
src/__tests__/xp-utils.test.ts(55,7): error TS2304: Cannot find name 'expect'.
src/__tests__/xp-utils.test.ts(59,3): error TS2582: Cannot find name 'describe'. Do you need to install type definitions for a test runner? Try `npm i --save-dev @types/jest` or `npm i --save-dev @types/mocha`.
src/__tests__/xp-utils.test.ts(60,5): error TS2582: Cannot find name 'it'. Do you need to install type definitions for a test runner? Try `npm i --save-dev @types/jest` or `npm i --save-dev @types/mocha`.
src/__tests__/xp-utils.test.ts(61,7): error TS2304: Cannot find name 'expect'.
src/__tests__/xp-utils.test.ts(62,7): error TS2304: Cannot find name 'expect'.
src/__tests__/xp-utils.test.ts(63,7): error TS2304: Cannot find name 'expect'.
src/__tests__/xp-utils.test.ts(66,5): error TS2582: Cannot find name 'it'. Do you need to install type definitions for a test runner? Try `npm i --save-dev @types/jest` or `npm i --save-dev @types/mocha`.
src/__tests__/xp-utils.test.ts(67,7): error TS2304: Cannot find name 'expect'.
src/__tests__/xp-utils.test.ts(68,7): error TS2304: Cannot find name 'expect'.
src/__tests__/xp-utils.test.ts(72,3): error TS2582: Cannot find name 'describe'. Do you need to install type definitions for a test runner? Try `npm i --save-dev @types/jest` or `npm i --save-dev @types/mocha`.
src/__tests__/xp-utils.test.ts(73,5): error TS2582: Cannot find name 'it'. Do you need to install type definitions for a test runner? Try `npm i --save-dev @types/jest` or `npm i --save-dev @types/mocha`.
src/__tests__/xp-utils.test.ts(74,7): error TS2304: Cannot find name 'expect'.
src/__tests__/xp-utils.test.ts(75,7): error TS2304: Cannot find name 'expect'.
src/__tests__/xp-utils.test.ts(78,5): error TS2582: Cannot find name 'it'. Do you need to install type definitions for a test runner? Try `npm i --save-dev @types/jest` or `npm i --save-dev @types/mocha`.
src/__tests__/xp-utils.test.ts(79,7): error TS2304: Cannot find name 'expect'.
src/__tests__/xp-utils.test.ts(80,7): error TS2304: Cannot find name 'expect'.
src/__tests__/xp-utils.test.ts(83,5): error TS2582: Cannot find name 'it'. Do you need to install type definitions for a test runner? Try `npm i --save-dev @types/jest` or `npm i --save-dev @types/mocha`.
src/__tests__/xp-utils.test.ts(84,7): error TS2304: Cannot find name 'expect'.
src/__tests__/xp-utils.test.ts(85,7): error TS2304: Cannot find name 'expect'.
src/app/api/leaderboard/award-xp/route.ts(32,45): error TS2339: Property 'awardXP' does not exist on type '{ getLeaderboard: (params: any) => Promise<{ rank: number; id: string; name: string | null; email: string; image: string | null; xp: number; level: number; currentStreak: number; badges: number; projects: number; }[]>; getUserRank: (userId: string) => Promise<...>; }'.
src/app/api/leaderboard/route.ts(36,22): error TS2339: Property 'leaderboard' does not exist on type '{ rank: number; id: string; name: string | null; email: string; image: string | null; xp: number; level: number; currentStreak: number; badges: number; projects: number; }[]'.
src/app/api/leaderboard/route.ts(37,28): error TS2339: Property 'pagination' does not exist on type '{ rank: number; id: string; name: string | null; email: string; image: string | null; xp: number; level: number; currentStreak: number; badges: number; projects: number; }[]'.
src/app/api/resources/route.ts(28,7): error TS2322: Type '"WEB" | "MOBILE" | "DATA_SCIENCE" | "DEVOPS" | "DESIGN" | "OTHER" | "PROGRAMMING" | "BUSINESS" | null | undefined' is not assignable to type 'string | undefined'.
  Type 'null' is not assignable to type 'string | undefined'.
src/app/api/resources/route.ts(29,7): error TS2322: Type '"DOCUMENTATION" | "ARTICLE" | "VIDEO" | "COURSE" | "BOOK" | "TOOL" | null | undefined' is not assignable to type 'string | undefined'.
  Type 'null' is not assignable to type 'string | undefined'.
src/app/api/resources/route.ts(30,7): error TS2322: Type 'string | null | undefined' is not assignable to type 'string | undefined'.
  Type 'null' is not assignable to type 'string | undefined'.
src/app/community/page.tsx(30,18): error TS2339: Property 'loading' does not exist on type 'UseDiscussionRoomsReturn'.
src/app/community/page.tsx(30,63): error TS2554: Expected 0 arguments, but got 1.
src/app/community/page.tsx(31,19): error TS2339: Property 'loading' does not exist on type 'UseCommunityGroupsReturn'.
src/app/community/page.tsx(31,65): error TS2554: Expected 0 arguments, but got 1.
src/app/community/search/page.tsx(43,20): error TS2339: Property 'loading' does not exist on type 'UseSearchReturn'.
src/app/community/search/page.tsx(43,42): error TS2554: Expected 0 arguments, but got 1.
src/app/community/search/page.tsx(183,19): error TS2322: Type '{ results: SearchResults; loading: any; query: string; type: string; }' is not assignable to type 'IntrinsicAttributes & SearchResultsProps'.
  Property 'loading' does not exist on type 'IntrinsicAttributes & SearchResultsProps'.
src/app/community/search/page.tsx(192,19): error TS2322: Type '{ results: SearchResults; loading: any; query: string; type: string; }' is not assignable to type 'IntrinsicAttributes & SearchResultsProps'.
  Property 'loading' does not exist on type 'IntrinsicAttributes & SearchResultsProps'.
src/app/community/search/page.tsx(201,19): error TS2322: Type '{ results: SearchResults; loading: any; query: string; type: string; }' is not assignable to type 'IntrinsicAttributes & SearchResultsProps'.
  Property 'loading' does not exist on type 'IntrinsicAttributes & SearchResultsProps'.
src/app/community/search/page.tsx(210,19): error TS2322: Type '{ results: SearchResults; loading: any; query: string; type: string; }' is not assignable to type 'IntrinsicAttributes & SearchResultsProps'.
  Property 'loading' does not exist on type 'IntrinsicAttributes & SearchResultsProps'.
src/app/community/search/page.tsx(219,19): error TS2322: Type '{ results: SearchResults; loading: any; query: string; type: string; }' is not assignable to type 'IntrinsicAttributes & SearchResultsProps'.
  Property 'loading' does not exist on type 'IntrinsicAttributes & SearchResultsProps'.
src/components/community/ChatInput.tsx(36,28): error TS2554: Expected 1 arguments, but got 0.
src/components/events/__tests__/ActiveFiltersDisplay.test.tsx(17,3): error TS2304: Cannot find name 'beforeEach'.
src/components/events/__tests__/aria-labels.test.tsx(155,26): error TS2322: Type '{ id: string; title: string; description: string; date: string; type: "WORKSHOP"; status: "UPCOMING"; location: string; maxSeats: number; createdAt: string; updatedAt: string; creatorId: string; _count: { ...; }; }[]' is not assignable to type 'Event[]'.
  Type '{ id: string; title: string; description: string; date: string; type: "WORKSHOP"; status: "UPCOMING"; location: string; maxSeats: number; createdAt: string; updatedAt: string; creatorId: string; _count: { ...; }; }' is missing the following properties from type 'Event': endDate, meetingLink, imageUrl
src/components/events/__tests__/aria-labels.test.tsx(179,48): error TS2322: Type '{ id: string; title: string; description: string; date: string; type: "WORKSHOP"; status: "UPCOMING"; location: string; maxSeats: number; createdAt: string; updatedAt: string; creatorId: string; _count: { ...; }; }[]' is not assignable to type 'Event[]'.
  Type '{ id: string; title: string; description: string; date: string; type: "WORKSHOP"; status: "UPCOMING"; location: string; maxSeats: number; createdAt: string; updatedAt: string; creatorId: string; _count: { ...; }; }' is missing the following properties from type 'Event': endDate, meetingLink, imageUrl
src/components/events/__tests__/aria-labels.test.tsx(250,34): error TS2739: Type '{ id: string; title: string; description: string; date: string; type: "WORKSHOP"; status: "UPCOMING"; location: string; maxSeats: number; createdAt: string; updatedAt: string; creatorId: string; _count: { ...; }; }' is missing the following properties from type 'Event': endDate, meetingLink, imageUrl
src/components/events/__tests__/aria-labels.test.tsx(258,56): error TS2739: Type '{ id: string; title: string; description: string; date: string; type: "WORKSHOP"; status: "UPCOMING"; location: string; maxSeats: number; createdAt: string; updatedAt: string; creatorId: string; _count: { ...; }; }' is missing the following properties from type 'Event': endDate, meetingLink, imageUrl
src/components/events/__tests__/color-contrast.test.tsx(25,3): error TS2322: Type 'Date' is not assignable to type 'string'.
src/components/events/__tests__/color-contrast.test.tsx(26,3): error TS2322: Type 'Date' is not assignable to type 'string'.
src/components/events/__tests__/color-contrast.test.tsx(31,3): error TS2322: Type 'Date' is not assignable to type 'string'.
src/components/events/__tests__/color-contrast.test.tsx(32,3): error TS2322: Type 'Date' is not assignable to type 'string'.
src/components/events/__tests__/color-contrast.test.tsx(37,5): error TS2353: Object literal may only specify known properties, and 'email' does not exist in type '{ id: string; name: string | null; image: string | null; }'.
src/components/events/__tests__/EventCalendar.test.tsx(57,3): error TS2304: Cannot find name 'beforeEach'.
src/components/events/__tests__/EventCard.test.tsx(7,9): error TS2741: Property 'meetingLink' is missing in type '{ id: string; title: string; description: string; type: "WORKSHOP"; date: string; endDate: string; location: string; imageUrl: null; maxSeats: number; status: "UPCOMING"; creatorId: string; createdAt: string; updatedAt: string; _count: { ...; }; creator: { ...; }; }' but required in type 'Event'.
src/components/events/__tests__/EventCardSkeleton.example.tsx(83,9): error TS2322: Type '{ id: string; title: string; }' is not assignable to type 'never'.
src/components/events/__tests__/EventCardSkeleton.example.tsx(84,9): error TS2322: Type '{ id: string; title: string; }' is not assignable to type 'never'.
src/components/events/__tests__/EventCardSkeleton.example.tsx(85,9): error TS2322: Type '{ id: string; title: string; }' is not assignable to type 'never'.
src/components/events/__tests__/EventCardSkeleton.example.tsx(103,29): error TS2339: Property 'id' does not exist on type 'never'.
src/components/events/__tests__/EventCardSkeleton.example.tsx(104,22): error TS2339: Property 'title' does not exist on type 'never'.
src/components/events/__tests__/EventCardSkeleton.test.tsx(15,1): error TS2582: Cannot find name 'describe'. Do you need to install type definitions for a test runner? Try `npm i --save-dev @types/jest` or `npm i --save-dev @types/mocha`.
src/components/events/__tests__/EventCardSkeleton.test.tsx(16,3): error TS2582: Cannot find name 'describe'. Do you need to install type definitions for a test runner? Try `npm i --save-dev @types/jest` or `npm i --save-dev @types/mocha`.
src/components/events/__tests__/EventCardSkeleton.test.tsx(17,5): error TS2582: Cannot find name 'it'. Do you need to install type definitions for a test runner? Try `npm i --save-dev @types/jest` or `npm i --save-dev @types/mocha`.
src/components/events/__tests__/EventCardSkeleton.test.tsx(19,7): error TS2304: Cannot find name 'expect'.
src/components/events/__tests__/EventCardSkeleton.test.tsx(22,5): error TS2582: Cannot find name 'it'. Do you need to install type definitions for a test runner? Try `npm i --save-dev @types/jest` or `npm i --save-dev @types/mocha`.
src/components/events/__tests__/EventCardSkeleton.test.tsx(25,7): error TS2304: Cannot find name 'expect'.
src/components/events/__tests__/EventCardSkeleton.test.tsx(28,5): error TS2582: Cannot find name 'it'. Do you need to install type definitions for a test runner? Try `npm i --save-dev @types/jest` or `npm i --save-dev @types/mocha`.
src/components/events/__tests__/EventCardSkeleton.test.tsx(31,7): error TS2304: Cannot find name 'expect'.
src/components/events/__tests__/EventCardSkeleton.test.tsx(34,5): error TS2582: Cannot find name 'it'. Do you need to install type definitions for a test runner? Try `npm i --save-dev @types/jest` or `npm i --save-dev @types/mocha`.
src/components/events/__tests__/EventCardSkeleton.test.tsx(37,7): error TS2304: Cannot find name 'expect'.
src/components/events/__tests__/EventCardSkeleton.test.tsx(40,5): error TS2582: Cannot find name 'it'. Do you need to install type definitions for a test runner? Try `npm i --save-dev @types/jest` or `npm i --save-dev @types/mocha`.
src/components/events/__tests__/EventCardSkeleton.test.tsx(45,7): error TS2304: Cannot find name 'expect'.
src/components/events/__tests__/EventCardSkeleton.test.tsx(46,7): error TS2304: Cannot find name 'expect'.
src/components/events/__tests__/EventCardSkeleton.test.tsx(49,5): error TS2582: Cannot find name 'it'. Do you need to install type definitions for a test runner? Try `npm i --save-dev @types/jest` or `npm i --save-dev @types/mocha`.
src/components/events/__tests__/EventCardSkeleton.test.tsx(53,7): error TS2304: Cannot find name 'expect'.
src/components/events/__tests__/EventCardSkeleton.test.tsx(54,7): error TS2304: Cannot find name 'expect'.
src/components/events/__tests__/EventCardSkeleton.test.tsx(55,7): error TS2304: Cannot find name 'expect'.
src/components/events/__tests__/EventCardSkeleton.test.tsx(56,7): error TS2304: Cannot find name 'expect'.
src/components/events/__tests__/EventCardSkeleton.test.tsx(60,3): error TS2582: Cannot find name 'describe'. Do you need to install type definitions for a test runner? Try `npm i --save-dev @types/jest` or `npm i --save-dev @types/mocha`.
src/components/events/__tests__/EventCardSkeleton.test.tsx(61,5): error TS2582: Cannot find name 'it'. Do you need to install type definitions for a test runner? Try `npm i --save-dev @types/jest` or `npm i --save-dev @types/mocha`.
src/components/events/__tests__/EventCardSkeleton.test.tsx(64,7): error TS2304: Cannot find name 'expect'.
src/components/events/__tests__/EventCardSkeleton.test.tsx(67,5): error TS2582: Cannot find name 'it'. Do you need to install type definitions for a test runner? Try `npm i --save-dev @types/jest` or `npm i --save-dev @types/mocha`.
src/components/events/__tests__/EventCardSkeleton.test.tsx(70,7): error TS2304: Cannot find name 'expect'.
src/components/events/__tests__/EventCardSkeleton.test.tsx(73,5): error TS2582: Cannot find name 'it'. Do you need to install type definitions for a test runner? Try `npm i --save-dev @types/jest` or `npm i --save-dev @types/mocha`.
src/components/events/__tests__/EventCardSkeleton.test.tsx(77,7): error TS2304: Cannot find name 'expect'.
src/components/events/__tests__/EventCardSkeleton.test.tsx(78,7): error TS2304: Cannot find name 'expect'.
src/components/events/__tests__/EventCardSkeleton.test.tsx(79,7): error TS2304: Cannot find name 'expect'.
src/components/events/__tests__/EventCardSkeleton.test.tsx(82,5): error TS2582: Cannot find name 'it'. Do you need to install type definitions for a test runner? Try `npm i --save-dev @types/jest` or `npm i --save-dev @types/mocha`.
src/components/events/__tests__/EventCardSkeleton.test.tsx(86,7): error TS2304: Cannot find name 'expect'.
src/components/events/__tests__/EventCardSkeleton.test.tsx(87,7): error TS2304: Cannot find name 'expect'.
src/components/events/__tests__/EventCardSkeleton.test.tsx(90,5): error TS2582: Cannot find name 'it'. Do you need to install type definitions for a test runner? Try `npm i --save-dev @types/jest` or `npm i --save-dev @types/mocha`.
src/components/events/__tests__/EventCardSkeleton.test.tsx(94,7): error TS2304: Cannot find name 'expect'.
src/components/events/__tests__/EventCardSkeleton.test.tsx(95,7): error TS2304: Cannot find name 'expect'.
src/components/events/__tests__/EventCardSkeleton.test.tsx(96,7): error TS2304: Cannot find name 'expect'.
src/components/events/__tests__/EventCardSkeleton.test.tsx(97,7): error TS2304: Cannot find name 'expect'.
src/components/events/__tests__/EventCardSkeleton.test.tsx(100,5): error TS2582: Cannot find name 'it'. Do you need to install type definitions for a test runner? Try `npm i --save-dev @types/jest` or `npm i --save-dev @types/mocha`.
src/components/events/__tests__/EventCardSkeleton.test.tsx(103,7): error TS2304: Cannot find name 'expect'.
src/components/events/__tests__/EventCardSkeleton.test.tsx(106,5): error TS2582: Cannot find name 'it'. Do you need to install type definitions for a test runner? Try `npm i --save-dev @types/jest` or `npm i --save-dev @types/mocha`.
src/components/events/__tests__/EventCardSkeleton.test.tsx(111,7): error TS2304: Cannot find name 'expect'.
src/components/events/__tests__/EventCardSkeleton.test.tsx(115,9): error TS2304: Cannot find name 'expect'.
src/components/events/__tests__/EventCardSkeleton.test.tsx(120,3): error TS2582: Cannot find name 'describe'. Do you need to install type definitions for a test runner? Try `npm i --save-dev @types/jest` or `npm i --save-dev @types/mocha`.
src/components/events/__tests__/EventCardSkeleton.test.tsx(121,5): error TS2582: Cannot find name 'it'. Do you need to install type definitions for a test runner? Try `npm i --save-dev @types/jest` or `npm i --save-dev @types/mocha`.
src/components/events/__tests__/EventCardSkeleton.test.tsx(126,7): error TS2304: Cannot find name 'expect'.
src/components/events/__tests__/EventCardSkeleton.test.tsx(130,7): error TS2304: Cannot find name 'expect'.
src/components/events/__tests__/EventCardSkeleton.test.tsx(133,5): error TS2582: Cannot find name 'it'. Do you need to install type definitions for a test runner? Try `npm i --save-dev @types/jest` or `npm i --save-dev @types/mocha`.
src/components/events/__tests__/EventCardSkeleton.test.tsx(138,7): error TS2304: Cannot find name 'expect'.
src/components/events/__tests__/EventCardSkeleton.test.tsx(141,5): error TS2582: Cannot find name 'it'. Do you need to install type definitions for a test runner? Try `npm i --save-dev @types/jest` or `npm i --save-dev @types/mocha`.
src/components/events/__tests__/EventCardSkeleton.test.tsx(147,7): error TS2304: Cannot find name 'expect'.
src/components/events/__tests__/EventCardSkeleton.test.tsx(150,5): error TS2582: Cannot find name 'it'. Do you need to install type definitions for a test runner? Try `npm i --save-dev @types/jest` or `npm i --save-dev @types/mocha`.
src/components/events/__tests__/EventCardSkeleton.test.tsx(155,7): error TS2304: Cannot find name 'expect'.
src/components/events/__tests__/EventCardSkeleton.test.tsx(159,3): error TS2582: Cannot find name 'describe'. Do you need to install type definitions for a test runner? Try `npm i --save-dev @types/jest` or `npm i --save-dev @types/mocha`.
src/components/events/__tests__/EventCardSkeleton.test.tsx(160,5): error TS2582: Cannot find name 'it'. Do you need to install type definitions for a test runner? Try `npm i --save-dev @types/jest` or `npm i --save-dev @types/mocha`.
src/components/events/__tests__/EventCardSkeleton.test.tsx(164,7): error TS2304: Cannot find name 'expect'.
src/components/events/__tests__/EventCardSkeleton.test.tsx(165,7): error TS2304: Cannot find name 'expect'.
src/components/events/__tests__/EventCardSkeleton.test.tsx(166,7): error TS2304: Cannot find name 'expect'.
src/components/events/__tests__/EventDetailsModal.example.tsx(129,9): error TS2322: Type '{ event: Event; isOpen: boolean; onClose: () => void; onCalendarExport: (event: Event) => void; }' is not assignable to type 'IntrinsicAttributes & EventDetailsModalProps'.
  Property 'onCalendarExport' does not exist on type 'IntrinsicAttributes & EventDetailsModalProps'.
src/components/events/__tests__/EventDetailsModal.example.tsx(295,9): error TS2322: Type '{ event: Event; isOpen: boolean; onClose: () => void; onRegister: (eventId: string) => Promise<void>; onUnregister: (eventId: string) => Promise<void>; onCalendarExport: (event: Event) => void; isRegistered: boolean; isLoading: boolean; }' is not assignable to type 'IntrinsicAttributes & EventDetailsModalProps'.
  Property 'onCalendarExport' does not exist on type 'IntrinsicAttributes & EventDetailsModalProps'.
src/components/events/__tests__/EventDetailsModal.example.tsx(320,9): error TS2322: Type '{ event: Event; isOpen: boolean; onClose: () => void; userRole: "ADMIN"; onRegister: (id: string) => void; onUnregister: (id: string) => void; onCalendarExport: (event: any) => void; }' is not assignable to type 'IntrinsicAttributes & EventDetailsModalProps'.
  Property 'onCalendarExport' does not exist on type 'IntrinsicAttributes & EventDetailsModalProps'.
src/components/events/__tests__/EventDetailsModal.example.tsx(320,28): error TS7006: Parameter 'event' implicitly has an 'any' type.
src/components/events/__tests__/EventDetailsModal.example.tsx(343,9): error TS2322: Type '{ event: Event; isOpen: boolean; onClose: () => void; userRole: "STUDENT"; onRegister: (id: string) => void; onUnregister: (id: string) => void; onCalendarExport: (event: any) => void; }' is not assignable to type 'IntrinsicAttributes & EventDetailsModalProps'.
  Property 'onCalendarExport' does not exist on type 'IntrinsicAttributes & EventDetailsModalProps'.
src/components/events/__tests__/EventDetailsModal.example.tsx(343,28): error TS7006: Parameter 'event' implicitly has an 'any' type.
src/components/events/__tests__/EventDetailsModal.example.tsx(365,9): error TS2322: Type '{ event: Event; isOpen: boolean; onClose: () => void; isRegistered: true; onUnregister: (id: string) => void; onCalendarExport: (event: any) => void; }' is not assignable to type 'IntrinsicAttributes & EventDetailsModalProps'.
  Property 'onCalendarExport' does not exist on type 'IntrinsicAttributes & EventDetailsModalProps'.
src/components/events/__tests__/EventDetailsModal.example.tsx(365,28): error TS7006: Parameter 'event' implicitly has an 'any' type.
src/components/events/__tests__/EventDetailsModal.example.tsx(387,9): error TS2322: Type '{ event: Event; isOpen: boolean; onClose: () => void; isRegistered: false; onRegister: (id: string) => void; onCalendarExport: (event: any) => void; }' is not assignable to type 'IntrinsicAttributes & EventDetailsModalProps'.
  Property 'onCalendarExport' does not exist on type 'IntrinsicAttributes & EventDetailsModalProps'.
src/components/events/__tests__/EventDetailsModal.example.tsx(387,28): error TS7006: Parameter 'event' implicitly has an 'any' type.
src/components/events/__tests__/EventDetailsModal.test.tsx(359,11): error TS2322: Type '{ event: Event; isOpen: true; onClose: Mock<Procedure>; onCalendarExport: Mock<Procedure>; }' is not assignable to type 'IntrinsicAttributes & EventDetailsModalProps'.
  Property 'onCalendarExport' does not exist on type 'IntrinsicAttributes & EventDetailsModalProps'.
src/components/events/__tests__/EventsGrid.example.tsx(16,3): error TS2741: Property 'meetingLink' is missing in type '{ id: string; title: string; description: string; date: string; endDate: string; type: "WORKSHOP"; status: "UPCOMING"; maxSeats: number; location: string; imageUrl: null; createdAt: string; updatedAt: string; creatorId: string; _count: { ...; }; }' but required in type 'Event'.
src/components/events/__tests__/EventsGrid.example.tsx(32,3): error TS2741: Property 'meetingLink' is missing in type '{ id: string; title: string; description: string; date: string; endDate: string; type: "HACKATHON"; status: "UPCOMING"; maxSeats: number; location: string; imageUrl: null; createdAt: string; updatedAt: string; creatorId: string; _count: { ...; }; }' but required in type 'Event'.
src/components/events/__tests__/EventsGrid.example.tsx(48,3): error TS2741: Property 'meetingLink' is missing in type '{ id: string; title: string; description: string; date: string; endDate: string; type: "WEBINAR"; status: "UPCOMING"; maxSeats: number; location: string; imageUrl: null; createdAt: string; updatedAt: string; creatorId: string; _count: { ...; }; }' but required in type 'Event'.
src/components/events/__tests__/EventsGrid.test.tsx(37,7): error TS2322: Type 'Date' is not assignable to type 'string'.
src/components/events/__tests__/EventsGrid.test.tsx(42,7): error TS2322: Type 'Date' is not assignable to type 'string'.
src/components/events/__tests__/EventsGrid.test.tsx(43,7): error TS2322: Type 'Date' is not assignable to type 'string'.
src/components/events/__tests__/EventsGrid.test.tsx(51,7): error TS2322: Type 'Date' is not assignable to type 'string'.
src/components/events/__tests__/EventsGrid.test.tsx(56,7): error TS2322: Type 'Date' is not assignable to type 'string'.
src/components/events/__tests__/EventsGrid.test.tsx(57,7): error TS2322: Type 'Date' is not assignable to type 'string'.
src/components/events/__tests__/EventsGrid.test.tsx(65,7): error TS2322: Type 'Date' is not assignable to type 'string'.
src/components/events/__tests__/EventsGrid.test.tsx(66,7): error TS2322: Type '"NETWORKING"' is not assignable to type '"HACKATHON" | "WORKSHOP" | "WEBINAR"'.
src/components/events/__tests__/EventsGrid.test.tsx(70,7): error TS2322: Type 'Date' is not assignable to type 'string'.
src/components/events/__tests__/EventsGrid.test.tsx(71,7): error TS2322: Type 'Date' is not assignable to type 'string'.
src/components/events/__tests__/UnregisterConfirmDialog.example.tsx(11,3): error TS2322: Type 'Date' is not assignable to type 'string'.
src/components/events/__tests__/UnregisterConfirmDialog.example.tsx(12,3): error TS2322: Type 'Date' is not assignable to type 'string'.
src/components/events/__tests__/UnregisterConfirmDialog.example.tsx(16,3): error TS2322: Type 'Date' is not assignable to type 'string'.
src/components/events/__tests__/UnregisterConfirmDialog.example.tsx(17,3): error TS2322: Type 'Date' is not assignable to type 'string'.
src/components/events/__tests__/UnregisterConfirmDialog.example.tsx(31,3): error TS2322: Type 'Date' is not assignable to type 'string'.
src/components/events/__tests__/UnregisterConfirmDialog.example.tsx(32,3): error TS2322: Type 'Date' is not assignable to type 'string'.
src/components/events/__tests__/UnregisterConfirmDialog.example.tsx(46,3): error TS2322: Type 'Date' is not assignable to type 'string'.
src/components/events/__tests__/UnregisterConfirmDialog.example.tsx(47,3): error TS2322: Type 'Date' is not assignable to type 'string'.
src/components/events/__tests__/UnregisterConfirmDialog.example.tsx(60,3): error TS2322: Type '"NETWORKING"' is not assignable to type '"HACKATHON" | "WORKSHOP" | "WEBINAR"'.
src/components/events/__tests__/UnregisterConfirmDialog.example.tsx(61,3): error TS2322: Type 'Date' is not assignable to type 'string'.
src/components/events/__tests__/UnregisterConfirmDialog.example.tsx(62,3): error TS2322: Type 'Date' is not assignable to type 'string'.
src/components/projects/__tests__/FilterPanel.test.tsx(12,1): error TS2582: Cannot find name 'describe'. Do you need to install type definitions for a test runner? Try `npm i --save-dev @types/jest` or `npm i --save-dev @types/mocha`.
src/components/projects/__tests__/FilterPanel.test.tsx(16,3): error TS2304: Cannot find name 'beforeEach'.
src/components/projects/__tests__/FilterPanel.test.tsx(20,3): error TS2582: Cannot find name 'it'. Do you need to install type definitions for a test runner? Try `npm i --save-dev @types/jest` or `npm i --save-dev @types/mocha`.
src/components/projects/__tests__/FilterPanel.test.tsx(30,5): error TS2304: Cannot find name 'expect'.
src/components/projects/__tests__/FilterPanel.test.tsx(33,3): error TS2582: Cannot find name 'it'. Do you need to install type definitions for a test runner? Try `npm i --save-dev @types/jest` or `npm i --save-dev @types/mocha`.
src/components/projects/__tests__/FilterPanel.test.tsx(49,5): error TS2304: Cannot find name 'expect'.
src/components/projects/__tests__/FilterPanel.test.tsx(52,3): error TS2582: Cannot find name 'it'. Do you need to install type definitions for a test runner? Try `npm i --save-dev @types/jest` or `npm i --save-dev @types/mocha`.
src/components/projects/__tests__/FilterPanel.test.tsx(62,5): error TS2304: Cannot find name 'expect'.
src/components/projects/__tests__/FilterPanel.test.tsx(65,3): error TS2582: Cannot find name 'it'. Do you need to install type definitions for a test runner? Try `npm i --save-dev @types/jest` or `npm i --save-dev @types/mocha`.
src/components/projects/__tests__/FilterPanel.test.tsx(78,5): error TS2304: Cannot find name 'expect'.
src/components/projects/__tests__/FilterPanel.test.tsx(81,3): error TS2582: Cannot find name 'it'. Do you need to install type definitions for a test runner? Try `npm i --save-dev @types/jest` or `npm i --save-dev @types/mocha`.
src/components/projects/__tests__/FilterPanel.test.tsx(92,5): error TS2304: Cannot find name 'expect'.
src/components/resources/__tests__/FilterPanel.test.tsx(24,3): error TS2304: Cannot find name 'beforeEach'.
src/components/resources/__tests__/FilterPanel.test.tsx(37,30): error TS2322: Type '"PROGRAMMING"' is not assignable to type 'ResourceCategory'.
src/components/resources/__tests__/FilterPanel.test.tsx(37,45): error TS2322: Type '"DESIGN"' is not assignable to type 'ResourceCategory'.
src/components/resources/__tests__/FilterPanel.test.tsx(38,25): error TS2322: Type '"VIDEO"' is not assignable to type 'ResourceType'.
src/components/resources/__tests__/FilterPanel.test.tsx(72,30): error TS2322: Type '"PROGRAMMING"' is not assignable to type 'ResourceCategory'.
src/components/resources/__tests__/FilterPanel.test.tsx(95,30): error TS2322: Type '"PROGRAMMING"' is not assignable to type 'ResourceCategory'.
src/components/resources/__tests__/FilterPanel.test.tsx(168,30): error TS2322: Type '"PROGRAMMING"' is not assignable to type 'ResourceCategory'.
src/components/resources/__tests__/FilterPanel.test.tsx(168,45): error TS2322: Type '"DESIGN"' is not assignable to type 'ResourceCategory'.
src/components/resources/__tests__/FilterPanel.test.tsx(188,25): error TS2322: Type '"VIDEO"' is not assignable to type 'ResourceType'.
src/components/resources/__tests__/FilterPanel.test.tsx(188,34): error TS2322: Type '"COURSE"' is not assignable to type 'ResourceType'.
src/components/resources/__tests__/ResourcesGrid.test.tsx(124,7): error TS2322: Type 'Date' is not assignable to type 'string'.
src/components/resources/__tests__/ResourcesGrid.test.tsx(125,7): error TS2322: Type 'Date' is not assignable to type 'string'.
src/components/resources/__tests__/ResourcesGrid.test.tsx(136,7): error TS2322: Type 'Date' is not assignable to type 'string'.
src/components/resources/__tests__/ResourcesGrid.test.tsx(137,7): error TS2322: Type 'Date' is not assignable to type 'string'.
src/components/resources/__tests__/ResponsiveLayout.test.tsx(26,5): error TS2322: Type 'Date' is not assignable to type 'string'.
src/components/resources/__tests__/ResponsiveLayout.test.tsx(27,5): error TS2322: Type 'Date' is not assignable to type 'string'.
src/components/resources/__tests__/ResponsiveLayout.test.tsx(38,5): error TS2322: Type 'Date' is not assignable to type 'string'.
src/components/resources/__tests__/ResponsiveLayout.test.tsx(39,5): error TS2322: Type 'Date' is not assignable to type 'string'.
src/components/resources/FilterPanel.tsx(32,5): error TS2322: Type '"PROGRAMMING"' is not assignable to type 'ResourceCategory'.
src/components/resources/FilterPanel.tsx(33,5): error TS2322: Type '"DESIGN"' is not assignable to type 'ResourceCategory'.
src/components/resources/FilterPanel.tsx(34,5): error TS2322: Type '"BUSINESS"' is not assignable to type 'ResourceCategory'.
src/components/resources/FilterPanel.tsx(35,5): error TS2322: Type '"DATA_SCIENCE"' is not assignable to type 'ResourceCategory'.
src/components/resources/FilterPanel.tsx(36,5): error TS2322: Type '"DEVOPS"' is not assignable to type 'ResourceCategory'.
src/components/resources/FilterPanel.tsx(37,5): error TS2322: Type '"MOBILE"' is not assignable to type 'ResourceCategory'.
src/components/resources/FilterPanel.tsx(38,5): error TS2322: Type '"WEB"' is not assignable to type 'ResourceCategory'.
src/components/resources/FilterPanel.tsx(39,5): error TS2322: Type '"OTHER"' is not assignable to type 'ResourceCategory'.
src/components/resources/FilterPanel.tsx(43,5): error TS2322: Type '"ARTICLE"' is not assignable to type 'ResourceType'.
src/components/resources/FilterPanel.tsx(44,5): error TS2322: Type '"VIDEO"' is not assignable to type 'ResourceType'.
src/components/resources/FilterPanel.tsx(45,5): error TS2322: Type '"COURSE"' is not assignable to type 'ResourceType'.
src/components/resources/FilterPanel.tsx(46,5): error TS2322: Type '"BOOK"' is not assignable to type 'ResourceType'.
src/components/resources/FilterPanel.tsx(47,5): error TS2322: Type '"TOOL"' is not assignable to type 'ResourceType'.
src/components/resources/FilterPanel.tsx(48,5): error TS2322: Type '"DOCUMENTATION"' is not assignable to type 'ResourceType'.
src/lib/hooks/__tests__/useCalendarExport.test.tsx(299,9): error TS2377: Constructors for derived classes must contain a 'super' call.
src/lib/hooks/__tests__/useCalendarExport.test.tsx(596,9): error TS2377: Constructors for derived classes must contain a 'super' call.
src/lib/hooks/__tests__/useEventSearch.test.tsx(58,41): error TS7006: Parameter 'value' implicitly has an 'any' type.
src/lib/hooks/__tests__/useEventSort.test.tsx(464,7): error TS2578: Unused '@ts-expect-error' directive.
src/lib/hooks/useWebSocket.ts(166,15): error TS2367: This comparison appears to be unintentional because the types 'WSMessageType' and '"PONG"' have no overlap.
src/lib/hooks/useWebSocket.ts(267,7): error TS2322: Type '"SUBSCRIBE"' is not assignable to type 'WSMessageType'.
src/lib/hooks/useWebSocket.ts(277,7): error TS2322: Type '"UNSUBSCRIBE"' is not assignable to type 'WSMessageType'.
src/lib/prisma.ts(137,18): error TS2339: Property '$queryRaw' does not exist on type 'PrismaClient<PrismaClientOptions, never, DefaultArgs>'.
src/lib/prisma.ts(142,34): error TS2339: Property '$metrics' does not exist on type 'PrismaClient<PrismaClientOptions, never, DefaultArgs>'.
src/lib/services/achievement.service.ts(158,21): error TS2353: Object literal may only specify known properties, and 'message' does not exist in type 'Without<NotificationCreateInput, NotificationUncheckedCreateInput> & NotificationUncheckedCreateInput'.
src/lib/services/error-logger.service.ts(362,5): error TS2554: Expected 2-3 arguments, but got 4.
src/lib/services/notification.service.ts(811,14): error TS2352: Conversion of type '{ title: string; type: EventType; createdAt: Date; updatedAt: Date; description: string; date: Date; endDate: Date | null; location: string | null; ... 5 more ...; meetingLink: string | null; }[] | ... 30 more ... | { ...; }[]' to type 'boolean' may be a mistake because neither type sufficiently overlaps with the other. If this was intentional, convert the expression to 'unknown' first.
  Type '{ type: ModerationType; createdAt: Date; id: string; metadata: JsonValue; reason: string | null; moderatorId: string; targetId: string; }[]' is not comparable to type 'boolean'.
src/lib/services/performance-alert.service.ts(165,11): error TS2322: Type '"high"' is not assignable to type 'ErrorSeverity'.
src/lib/services/performance-monitor.service.ts(310,44): error TS2551: Property 'zrangebyscore' does not exist on type 'Redis'. Did you mean 'zremrangebyscore'?
src/lib/services/performance-monitor.service.ts(319,44): error TS7006: Parameter 'm' implicitly has an 'any' type.
src/lib/services/performance-monitor.service.ts(320,46): error TS7006: Parameter 'm' implicitly has an 'any' type.
src/lib/services/performance-monitor.service.ts(321,46): error TS7006: Parameter 'm' implicitly has an 'any' type.
src/lib/services/performance-monitor.service.ts(324,51): error TS7006: Parameter 'a' implicitly has an 'any' type.
src/lib/services/performance-monitor.service.ts(324,54): error TS7006: Parameter 'b' implicitly has an 'any' type.
src/lib/services/performance-monitor.service.ts(361,44): error TS2551: Property 'zrangebyscore' does not exist on type 'Redis'. Did you mean 'zremrangebyscore'?
src/lib/services/performance-monitor.service.ts(367,44): error TS7006: Parameter 'm' implicitly has an 'any' type.
src/lib/services/performance-monitor.service.ts(368,49): error TS7006: Parameter 'm' implicitly has an 'any' type.
src/lib/services/performance-monitor.service.ts(372,50): error TS2551: Property 'zrangebyscore' does not exist on type 'Redis'. Did you mean 'zremrangebyscore'?
src/lib/services/performance-monitor.service.ts(379,15): error TS7006: Parameter 'm' implicitly has an 'any' type.
src/lib/services/performance-monitor.service.ts(380,16): error TS7006: Parameter 'a' implicitly has an 'any' type.
src/lib/services/performance-monitor.service.ts(380,19): error TS7006: Parameter 'b' implicitly has an 'any' type.
src/lib/services/performance-monitor.service.ts(419,44): error TS2551: Property 'zrangebyscore' does not exist on type 'Redis'. Did you mean 'zremrangebyscore'?
src/lib/services/performance-monitor.service.ts(425,44): error TS7006: Parameter 'm' implicitly has an 'any' type.
src/lib/types/resources.types.ts(54,14): error TS2304: Cannot find name 'Resource'.
src/lib/utils/__tests__/event-url-helpers.test.ts(34,13): error TS2741: Property 'sortBy' is missing in type '{ search: string; types: never[]; dateRange: {}; availability: "all"; myEvents: false; page: number; pageSize: number; }' but required in type 'EventFilterState'.
src/lib/utils/__tests__/event-url-helpers.test.ts(49,13): error TS2741: Property 'sortBy' is missing in type '{ search: undefined; types: ("HACKATHON" | "WORKSHOP")[]; dateRange: {}; availability: "all"; myEvents: false; page: number; pageSize: number; }' but required in type 'EventFilterState'.
src/lib/utils/__tests__/event-url-helpers.test.ts(67,13): error TS2741: Property 'sortBy' is missing in type '{ search: undefined; types: never[]; dateRange: { start: Date; end: Date; }; availability: "all"; myEvents: false; page: number; pageSize: number; }' but required in type 'EventFilterState'.
src/lib/utils/__tests__/event-url-helpers.test.ts(83,13): error TS2741: Property 'sortBy' is missing in type '{ search: undefined; types: never[]; dateRange: {}; availability: "available"; myEvents: false; page: number; pageSize: number; }' but required in type 'EventFilterState'.
src/lib/utils/__tests__/event-url-helpers.test.ts(98,13): error TS2741: Property 'sortBy' is missing in type '{ search: undefined; types: never[]; dateRange: {}; availability: "all"; myEvents: false; page: number; pageSize: number; }' but required in type 'EventFilterState'.
src/lib/utils/__tests__/event-url-helpers.test.ts(113,13): error TS2741: Property 'sortBy' is missing in type '{ search: undefined; types: never[]; dateRange: {}; availability: "all"; myEvents: true; page: number; pageSize: number; }' but required in type 'EventFilterState'.
src/lib/utils/__tests__/event-url-helpers.test.ts(128,13): error TS2741: Property 'sortBy' is missing in type '{ search: undefined; types: never[]; dateRange: {}; availability: "all"; myEvents: false; page: number; pageSize: number; }' but required in type 'EventFilterState'.
src/lib/utils/__tests__/event-url-helpers.test.ts(143,13): error TS2741: Property 'sortBy' is missing in type '{ search: undefined; types: never[]; dateRange: {}; availability: "all"; myEvents: false; page: number; pageSize: number; }' but required in type 'EventFilterState'.
src/lib/utils/__tests__/event-url-helpers.test.ts(158,13): error TS2741: Property 'sortBy' is missing in type '{ search: undefined; types: never[]; dateRange: {}; availability: "all"; myEvents: false; page: number; pageSize: number; }' but required in type 'EventFilterState'.
src/lib/utils/__tests__/event-url-helpers.test.ts(173,13): error TS2741: Property 'sortBy' is missing in type '{ search: string; types: ("WORKSHOP" | "WEBINAR")[]; dateRange: { start: Date; end: Date; }; availability: "available"; myEvents: true; page: number; pageSize: number; }' but required in type 'EventFilterState'.
src/lib/utils/__tests__/event-url-helpers.test.ts(341,13): error TS2741: Property 'sortBy' is missing in type '{ search: string; types: "WORKSHOP"[]; dateRange: {}; availability: "all"; myEvents: false; page: number; pageSize: number; }' but required in type 'EventFilterState'.
src/lib/utils/__tests__/event-url-helpers.test.ts(351,13): error TS2741: Property 'sortBy' is missing in type '{ search: string; types: "WORKSHOP"[]; dateRange: {}; availability: "all"; myEvents: false; page: number; pageSize: number; }' but required in type 'EventFilterState'.
src/lib/utils/__tests__/event-url-helpers.test.ts(365,13): error TS2741: Property 'sortBy' is missing in type '{ search: string; types: never[]; dateRange: {}; availability: "all"; myEvents: false; page: number; pageSize: number; }' but required in type 'EventFilterState'.
src/lib/utils/__tests__/event-url-helpers.test.ts(375,13): error TS2741: Property 'sortBy' is missing in type '{ search: string; types: never[]; dateRange: {}; availability: "all"; myEvents: false; page: number; pageSize: number; }' but required in type 'EventFilterState'.
src/lib/utils/__tests__/event-url-helpers.test.ts(389,13): error TS2741: Property 'sortBy' is missing in type '{ search: undefined; types: "WORKSHOP"[]; dateRange: {}; availability: "all"; myEvents: false; page: number; pageSize: number; }' but required in type 'EventFilterState'.
src/lib/utils/__tests__/event-url-helpers.test.ts(399,13): error TS2741: Property 'sortBy' is missing in type '{ search: undefined; types: "HACKATHON"[]; dateRange: {}; availability: "all"; myEvents: false; page: number; pageSize: number; }' but required in type 'EventFilterState'.
src/lib/utils/__tests__/event-url-helpers.test.ts(413,13): error TS2741: Property 'sortBy' is missing in type '{ search: undefined; types: ("HACKATHON" | "WORKSHOP")[]; dateRange: {}; availability: "all"; myEvents: false; page: number; pageSize: number; }' but required in type 'EventFilterState'.
src/lib/utils/__tests__/event-url-helpers.test.ts(423,13): error TS2741: Property 'sortBy' is missing in type '{ search: undefined; types: ("HACKATHON" | "WORKSHOP")[]; dateRange: {}; availability: "all"; myEvents: false; page: number; pageSize: number; }' but required in type 'EventFilterState'.
src/lib/utils/__tests__/event-url-helpers.test.ts(437,13): error TS2741: Property 'sortBy' is missing in type '{ search: undefined; types: never[]; dateRange: { start: Date; }; availability: "all"; myEvents: false; page: number; pageSize: number; }' but required in type 'EventFilterState'.
src/lib/utils/__tests__/event-url-helpers.test.ts(447,13): error TS2741: Property 'sortBy' is missing in type '{ search: undefined; types: never[]; dateRange: { start: Date; }; availability: "all"; myEvents: false; page: number; pageSize: number; }' but required in type 'EventFilterState'.
src/lib/utils/__tests__/event-url-helpers.test.ts(461,13): error TS2741: Property 'sortBy' is missing in type '{ search: undefined; types: never[]; dateRange: {}; availability: "all"; myEvents: false; page: number; pageSize: number; }' but required in type 'EventFilterState'.
src/lib/utils/__tests__/event-url-helpers.test.ts(471,13): error TS2741: Property 'sortBy' is missing in type '{ search: undefined; types: never[]; dateRange: {}; availability: "available"; myEvents: false; page: number; pageSize: number; }' but required in type 'EventFilterState'.
src/lib/utils/__tests__/event-url-helpers.test.ts(485,13): error TS2741: Property 'sortBy' is missing in type '{ search: undefined; types: never[]; dateRange: {}; availability: "all"; myEvents: false; page: number; pageSize: number; }' but required in type 'EventFilterState'.
src/lib/utils/__tests__/event-url-helpers.test.ts(495,13): error TS2741: Property 'sortBy' is missing in type '{ search: undefined; types: never[]; dateRange: {}; availability: "all"; myEvents: true; page: number; pageSize: number; }' but required in type 'EventFilterState'.
src/lib/utils/__tests__/project-helpers.test.ts(19,9): error TS2739: Type '{ id: string; title: string; description: string; techStack: string[]; status: "IN_PROGRESS"; imageUrl: null; githubUrl: string; liveUrl: string; outcomes: null; ownerId: string; createdAt: string; updatedAt: string; members: { ...; }[]; joinRequests: { ...; }[]; }' is missing the following properties from type 'ExtendedProject': category, difficulty
src/lib/utils/__tests__/resource-visit-tracking.test.ts(43,58): error TS2345: Argument of type '{ success: boolean; data: { alreadyVisited: boolean; xpAwarded: boolean; xpAmount: number; newXP: number; newLevel: number; leveledUp: boolean; message: string; }; }' is not assignable to parameter of type 'ApiResponse<{ alreadyVisited: boolean; xpAwarded: boolean; xpAmount?: number | undefined; newXP?: number | undefined; newLevel?: number | undefined; leveledUp?: boolean | undefined; message: string; }>'.
  Types of property 'success' are incompatible.
    Type 'boolean' is not assignable to type 'true'.
src/lib/utils/__tests__/resource-visit-tracking.test.ts(94,58): error TS2345: Argument of type '{ success: boolean; data: { alreadyVisited: boolean; xpAwarded: boolean; message: string; }; }' is not assignable to parameter of type 'ApiResponse<{ alreadyVisited: boolean; xpAwarded: boolean; xpAmount?: number | undefined; newXP?: number | undefined; newLevel?: number | undefined; leveledUp?: boolean | undefined; message: string; }>'.
  Types of property 'success' are incompatible.
    Type 'boolean' is not assignable to type 'true'.
src/lib/utils/__tests__/resource-visit-tracking.test.ts(133,58): error TS2345: Argument of type '{ success: boolean; data: { alreadyVisited: boolean; xpAwarded: boolean; xpAmount: number; message: string; }; }' is not assignable to parameter of type 'ApiResponse<{ alreadyVisited: boolean; xpAwarded: boolean; xpAmount?: number | undefined; newXP?: number | undefined; newLevel?: number | undefined; leveledUp?: boolean | undefined; message: string; }>'.
  Types of property 'success' are incompatible.
    Type 'boolean' is not assignable to type 'true'.
src/lib/utils/__tests__/resource-visit-tracking.test.ts(155,58): error TS2345: Argument of type '{ success: boolean; data: { alreadyVisited: boolean; xpAwarded: boolean; xpAmount: number; message: string; }; }' is not assignable to parameter of type 'ApiResponse<{ alreadyVisited: boolean; xpAwarded: boolean; xpAmount?: number | undefined; newXP?: number | undefined; newLevel?: number | undefined; leveledUp?: boolean | undefined; message: string; }>'.
  Types of property 'success' are incompatible.
    Type 'boolean' is not assignable to type 'true'.
src/lib/utils/__tests__/resource-visit-tracking.test.ts(187,58): error TS2345: Argument of type '{ success: boolean; data: { alreadyVisited: boolean; xpAwarded: boolean; xpAmount: number; message: string; }; }' is not assignable to parameter of type 'ApiResponse<{ alreadyVisited: boolean; xpAwarded: boolean; xpAmount?: number | undefined; newXP?: number | undefined; newLevel?: number | undefined; leveledUp?: boolean | undefined; message: string; }>'.
  Types of property 'success' are incompatible.
    Type 'boolean' is not assignable to type 'true'.
src/lib/utils/__tests__/resource-visit-tracking.test.ts(209,58): error TS2345: Argument of type '{ success: boolean; data: { alreadyVisited: boolean; xpAwarded: boolean; message: string; }; }' is not assignable to parameter of type 'ApiResponse<{ alreadyVisited: boolean; xpAwarded: boolean; xpAmount?: number | undefined; newXP?: number | undefined; newLevel?: number | undefined; leveledUp?: boolean | undefined; message: string; }>'.
  Types of property 'success' are incompatible.
    Type 'boolean' is not assignable to type 'true'.
src/lib/utils/accessible-colors.ts(141,5): error TS2783: 'icon' is specified more than once, so this usage will be overwritten.
src/lib/utils/accessible-colors.ts(147,5): error TS2783: 'icon' is specified more than once, so this usage will be overwritten.
src/lib/utils/accessible-colors.ts(153,5): error TS2783: 'icon' is specified more than once, so this usage will be overwritten.
src/lib/utils/accessible-colors.ts(159,5): error TS2783: 'icon' is specified more than once, so this usage will be overwritten.
src/lib/utils/accessible-colors.ts(165,5): error TS2783: 'icon' is specified more than once, so this usage will be overwritten.
src/lib/utils/accessible-colors.ts(171,5): error TS2783: 'icon' is specified more than once, so this usage will be overwritten.
